Archive member included to satisfy reference by file (symbol)

C:/nxp/S32DS.3.4/S32DS/build_tools/gcc_v6.3/gcc-6.3-arm32-eabi/arm-none-eabi/newlib/lib/thumb/v7e-m\libc.a(lib_a-exit.o)
                              C:/nxp/S32DS.3.4/S32DS/build_tools/gcc_v6.3/gcc-6.3-arm32-eabi/arm-none-eabi/newlib/lib/thumb/v7e-m/crt0.o (exit)
C:/nxp/S32DS.3.4/S32DS/build_tools/gcc_v6.3/gcc-6.3-arm32-eabi/arm-none-eabi/newlib/lib/thumb/v7e-m\libc.a(lib_a-impure.o)
                              C:/nxp/S32DS.3.4/S32DS/build_tools/gcc_v6.3/gcc-6.3-arm32-eabi/arm-none-eabi/newlib/lib/thumb/v7e-m\libc.a(lib_a-exit.o) (_global_impure_ptr)
C:/nxp/S32DS.3.4/S32DS/build_tools/gcc_v6.3/gcc-6.3-arm32-eabi/arm-none-eabi/newlib/lib/thumb/v7e-m\libc.a(lib_a-init.o)
                              C:/nxp/S32DS.3.4/S32DS/build_tools/gcc_v6.3/gcc-6.3-arm32-eabi/arm-none-eabi/newlib/lib/thumb/v7e-m/crt0.o (__libc_init_array)
C:/nxp/S32DS.3.4/S32DS/build_tools/gcc_v6.3/gcc-6.3-arm32-eabi/arm-none-eabi/newlib/lib/thumb/v7e-m\libc.a(lib_a-memset.o)
                              C:/nxp/S32DS.3.4/S32DS/build_tools/gcc_v6.3/gcc-6.3-arm32-eabi/arm-none-eabi/newlib/lib/thumb/v7e-m/crt0.o (memset)
C:/nxp/S32DS.3.4/S32DS/build_tools/gcc_v6.3/gcc-6.3-arm32-eabi/arm-none-eabi/newlib/lib/thumb/v7e-m\libc.a(lib_a-__call_atexit.o)
                              C:/nxp/S32DS.3.4/S32DS/build_tools/gcc_v6.3/gcc-6.3-arm32-eabi/arm-none-eabi/newlib/lib/thumb/v7e-m\libc.a(lib_a-exit.o) (__call_exitprocs)
C:/nxp/S32DS.3.4/S32DS/build_tools/gcc_v6.3/gcc-6.3-arm32-eabi/arm-none-eabi/newlib/lib/thumb/v7e-m\libc.a(lib_a-fini.o)
                              C:/nxp/S32DS.3.4/S32DS/build_tools/gcc_v6.3/gcc-6.3-arm32-eabi/arm-none-eabi/newlib/lib/thumb/v7e-m\libc.a(lib_a-__call_atexit.o) (__libc_fini_array)
C:/nxp/S32DS.3.4/S32DS/build_tools/gcc_v6.3/gcc-6.3-arm32-eabi/arm-none-eabi/newlib/lib/thumb/v7e-m\libc.a(lib_a-atexit.o)
                              C:/nxp/S32DS.3.4/S32DS/build_tools/gcc_v6.3/gcc-6.3-arm32-eabi/arm-none-eabi/newlib/lib/thumb/v7e-m\libc.a(lib_a-__call_atexit.o) (atexit)
C:/nxp/S32DS.3.4/S32DS/build_tools/gcc_v6.3/gcc-6.3-arm32-eabi/arm-none-eabi/newlib/lib/thumb/v7e-m\libc.a(lib_a-__atexit.o)
                              C:/nxp/S32DS.3.4/S32DS/build_tools/gcc_v6.3/gcc-6.3-arm32-eabi/arm-none-eabi/newlib/lib/thumb/v7e-m\libc.a(lib_a-atexit.o) (__register_exitproc)
C:/nxp/S32DS.3.4/S32DS/build_tools/gcc_v6.3/gcc-6.3-arm32-eabi/arm-none-eabi/newlib/lib/thumb/v7e-m\libnosys.a(_exit.o)
                              C:/nxp/S32DS.3.4/S32DS/build_tools/gcc_v6.3/gcc-6.3-arm32-eabi/arm-none-eabi/newlib/lib/thumb/v7e-m\libc.a(lib_a-exit.o) (_exit)

Allocating common symbols
Common symbol       size              file

data_button_frame   0x4               ./Mock/Mock.o
data_potentiometer_frame
                    0x4               ./Mock/Mock.o
receive_frame       0x4               ./Mock/Mock.o

Discarded input sections

 .text          0x00000000        0x0 c:/nxp/s32ds.3.4/s32ds/build_tools/gcc_v6.3/gcc-6.3-arm32-eabi/bin/../lib/gcc/arm-none-eabi/6.3.1/thumb/v7e-m/crti.o
 .data          0x00000000        0x0 c:/nxp/s32ds.3.4/s32ds/build_tools/gcc_v6.3/gcc-6.3-arm32-eabi/bin/../lib/gcc/arm-none-eabi/6.3.1/thumb/v7e-m/crti.o
 .bss           0x00000000        0x0 c:/nxp/s32ds.3.4/s32ds/build_tools/gcc_v6.3/gcc-6.3-arm32-eabi/bin/../lib/gcc/arm-none-eabi/6.3.1/thumb/v7e-m/crti.o
 .data          0x00000000        0x4 c:/nxp/s32ds.3.4/s32ds/build_tools/gcc_v6.3/gcc-6.3-arm32-eabi/bin/../lib/gcc/arm-none-eabi/6.3.1/thumb/v7e-m/crtbegin.o
 .data          0x00000000        0x0 C:/nxp/S32DS.3.4/S32DS/build_tools/gcc_v6.3/gcc-6.3-arm32-eabi/arm-none-eabi/newlib/lib/thumb/v7e-m/crt0.o
 .bss           0x00000000        0x0 C:/nxp/S32DS.3.4/S32DS/build_tools/gcc_v6.3/gcc-6.3-arm32-eabi/arm-none-eabi/newlib/lib/thumb/v7e-m/crt0.o
 .ARM.extab     0x00000000        0x0 C:/nxp/S32DS.3.4/S32DS/build_tools/gcc_v6.3/gcc-6.3-arm32-eabi/arm-none-eabi/newlib/lib/thumb/v7e-m/crt0.o
 .group         0x00000000        0x8 ./ARM_Driver/ARM_ADC.o
 .group         0x00000000        0x8 ./ARM_Driver/ARM_ADC.o
 .group         0x00000000        0x8 ./ARM_Driver/ARM_ADC.o
 .group         0x00000000        0x8 ./ARM_Driver/ARM_ADC.o
 .group         0x00000000        0x8 ./ARM_Driver/ARM_ADC.o
 .group         0x00000000        0x8 ./ARM_Driver/ARM_ADC.o
 .group         0x00000000        0x8 ./ARM_Driver/ARM_ADC.o
 .group         0x00000000        0x8 ./ARM_Driver/ARM_ADC.o
 .group         0x00000000        0x8 ./ARM_Driver/ARM_ADC.o
 .group         0x00000000        0x8 ./ARM_Driver/ARM_ADC.o
 .group         0x00000000        0x8 ./ARM_Driver/ARM_ADC.o
 .group         0x00000000        0x8 ./ARM_Driver/ARM_ADC.o
 .group         0x00000000        0x8 ./ARM_Driver/ARM_ADC.o
 .group         0x00000000        0x8 ./ARM_Driver/ARM_ADC.o
 .group         0x00000000        0x8 ./ARM_Driver/ARM_ADC.o
 .group         0x00000000        0x8 ./ARM_Driver/ARM_ADC.o
 .group         0x00000000        0x8 ./ARM_Driver/ARM_ADC.o
 .group         0x00000000        0x8 ./ARM_Driver/ARM_ADC.o
 .group         0x00000000        0x8 ./ARM_Driver/ARM_ADC.o
 .group         0x00000000        0x8 ./ARM_Driver/ARM_ADC.o
 .group         0x00000000        0x8 ./ARM_Driver/ARM_ADC.o
 .group         0x00000000        0x8 ./ARM_Driver/ARM_ADC.o
 .group         0x00000000        0x8 ./ARM_Driver/ARM_ADC.o
 .group         0x00000000        0x8 ./ARM_Driver/ARM_ADC.o
 .group         0x00000000        0x8 ./ARM_Driver/ARM_ADC.o
 .group         0x00000000        0x8 ./ARM_Driver/ARM_ADC.o
 .group         0x00000000        0x8 ./ARM_Driver/ARM_ADC.o
 .group         0x00000000        0x8 ./ARM_Driver/ARM_ADC.o
 .group         0x00000000        0x8 ./ARM_Driver/ARM_ADC.o
 .group         0x00000000        0x8 ./ARM_Driver/ARM_ADC.o
 .group         0x00000000        0x8 ./ARM_Driver/ARM_ADC.o
 .group         0x00000000        0x8 ./ARM_Driver/ARM_ADC.o
 .group         0x00000000        0x8 ./ARM_Driver/ARM_ADC.o
 .group         0x00000000        0x8 ./ARM_Driver/ARM_ADC.o
 .group         0x00000000        0x8 ./ARM_Driver/ARM_ADC.o
 .group         0x00000000        0x8 ./ARM_Driver/ARM_ADC.o
 .text          0x00000000        0x0 ./ARM_Driver/ARM_ADC.o
 .data          0x00000000        0x0 ./ARM_Driver/ARM_ADC.o
 .bss           0x00000000        0x0 ./ARM_Driver/ARM_ADC.o
 .text.ARM_ADC_DeInit
                0x00000000       0x96 ./ARM_Driver/ARM_ADC.o
 .group         0x00000000        0x8 ./ARM_Driver/ARM_GPIO.o
 .group         0x00000000        0x8 ./ARM_Driver/ARM_GPIO.o
 .group         0x00000000        0x8 ./ARM_Driver/ARM_GPIO.o
 .group         0x00000000        0x8 ./ARM_Driver/ARM_GPIO.o
 .group         0x00000000        0x8 ./ARM_Driver/ARM_GPIO.o
 .group         0x00000000        0x8 ./ARM_Driver/ARM_GPIO.o
 .group         0x00000000        0x8 ./ARM_Driver/ARM_GPIO.o
 .group         0x00000000        0x8 ./ARM_Driver/ARM_GPIO.o
 .group         0x00000000        0x8 ./ARM_Driver/ARM_GPIO.o
 .group         0x00000000        0x8 ./ARM_Driver/ARM_GPIO.o
 .group         0x00000000        0x8 ./ARM_Driver/ARM_GPIO.o
 .group         0x00000000        0x8 ./ARM_Driver/ARM_GPIO.o
 .group         0x00000000        0x8 ./ARM_Driver/ARM_GPIO.o
 .group         0x00000000        0x8 ./ARM_Driver/ARM_GPIO.o
 .text          0x00000000        0x0 ./ARM_Driver/ARM_GPIO.o
 .data          0x00000000        0x0 ./ARM_Driver/ARM_GPIO.o
 .bss           0x00000000        0x0 ./ARM_Driver/ARM_GPIO.o
 .debug_macro   0x00000000      0x8d4 ./ARM_Driver/ARM_GPIO.o
 .debug_macro   0x00000000       0x22 ./ARM_Driver/ARM_GPIO.o
 .debug_macro   0x00000000       0xef ./ARM_Driver/ARM_GPIO.o
 .debug_macro   0x00000000       0x6a ./ARM_Driver/ARM_GPIO.o
 .debug_macro   0x00000000      0x1df ./ARM_Driver/ARM_GPIO.o
 .debug_macro   0x00000000       0x10 ./ARM_Driver/ARM_GPIO.o
 .debug_macro   0x00000000       0x7a ./ARM_Driver/ARM_GPIO.o
 .debug_macro   0x00000000     0xee97 ./ARM_Driver/ARM_GPIO.o
 .debug_macro   0x00000000      0xbbe ./ARM_Driver/ARM_GPIO.o
 .debug_macro   0x00000000       0x22 ./ARM_Driver/ARM_GPIO.o
 .group         0x00000000        0x8 ./ARM_Driver/ARM_LPIT.o
 .text          0x00000000        0x0 ./ARM_Driver/ARM_LPIT.o
 .data          0x00000000        0x0 ./ARM_Driver/ARM_LPIT.o
 .bss           0x00000000        0x0 ./ARM_Driver/ARM_LPIT.o
 .debug_info    0x00000000       0x21 ./ARM_Driver/ARM_LPIT.o
 .debug_abbrev  0x00000000       0x13 ./ARM_Driver/ARM_LPIT.o
 .debug_aranges
                0x00000000       0x18 ./ARM_Driver/ARM_LPIT.o
 .debug_macro   0x00000000       0x11 ./ARM_Driver/ARM_LPIT.o
 .debug_macro   0x00000000      0x8d4 ./ARM_Driver/ARM_LPIT.o
 .debug_line    0x00000000       0x39 ./ARM_Driver/ARM_LPIT.o
 .debug_str     0x00000000     0x2675 ./ARM_Driver/ARM_LPIT.o
 .comment       0x00000000       0xa1 ./ARM_Driver/ARM_LPIT.o
 .ARM.attributes
                0x00000000       0x33 ./ARM_Driver/ARM_LPIT.o
 .group         0x00000000        0x8 ./ARM_Driver/ARM_LPUART.o
 .group         0x00000000        0x8 ./ARM_Driver/ARM_LPUART.o
 .group         0x00000000        0x8 ./ARM_Driver/ARM_LPUART.o
 .group         0x00000000        0x8 ./ARM_Driver/ARM_LPUART.o
 .group         0x00000000        0x8 ./ARM_Driver/ARM_LPUART.o
 .group         0x00000000        0x8 ./ARM_Driver/ARM_LPUART.o
 .group         0x00000000        0x8 ./ARM_Driver/ARM_LPUART.o
 .group         0x00000000        0x8 ./ARM_Driver/ARM_LPUART.o
 .group         0x00000000        0x8 ./ARM_Driver/ARM_LPUART.o
 .group         0x00000000        0x8 ./ARM_Driver/ARM_LPUART.o
 .group         0x00000000        0x8 ./ARM_Driver/ARM_LPUART.o
 .group         0x00000000        0x8 ./ARM_Driver/ARM_LPUART.o
 .group         0x00000000        0x8 ./ARM_Driver/ARM_LPUART.o
 .group         0x00000000        0x8 ./ARM_Driver/ARM_LPUART.o
 .group         0x00000000        0x8 ./ARM_Driver/ARM_LPUART.o
 .group         0x00000000        0x8 ./ARM_Driver/ARM_LPUART.o
 .group         0x00000000        0x8 ./ARM_Driver/ARM_LPUART.o
 .group         0x00000000        0x8 ./ARM_Driver/ARM_LPUART.o
 .group         0x00000000        0x8 ./ARM_Driver/ARM_LPUART.o
 .group         0x00000000        0x8 ./ARM_Driver/ARM_LPUART.o
 .group         0x00000000        0x8 ./ARM_Driver/ARM_LPUART.o
 .group         0x00000000        0x8 ./ARM_Driver/ARM_LPUART.o
 .group         0x00000000        0x8 ./ARM_Driver/ARM_LPUART.o
 .group         0x00000000        0x8 ./ARM_Driver/ARM_LPUART.o
 .group         0x00000000        0x8 ./ARM_Driver/ARM_LPUART.o
 .group         0x00000000        0x8 ./ARM_Driver/ARM_LPUART.o
 .group         0x00000000        0x8 ./ARM_Driver/ARM_LPUART.o
 .group         0x00000000        0x8 ./ARM_Driver/ARM_LPUART.o
 .group         0x00000000        0x8 ./ARM_Driver/ARM_LPUART.o
 .group         0x00000000        0x8 ./ARM_Driver/ARM_LPUART.o
 .group         0x00000000        0x8 ./ARM_Driver/ARM_LPUART.o
 .group         0x00000000        0x8 ./ARM_Driver/ARM_LPUART.o
 .group         0x00000000        0x8 ./ARM_Driver/ARM_LPUART.o
 .group         0x00000000        0x8 ./ARM_Driver/ARM_LPUART.o
 .group         0x00000000        0x8 ./ARM_Driver/ARM_LPUART.o
 .group         0x00000000        0x8 ./ARM_Driver/ARM_LPUART.o
 .text          0x00000000        0x0 ./ARM_Driver/ARM_LPUART.o
 .data          0x00000000        0x0 ./ARM_Driver/ARM_LPUART.o
 .bss           0x00000000        0x0 ./ARM_Driver/ARM_LPUART.o
 .text.UART_Deinit
                0x00000000       0x14 ./ARM_Driver/ARM_LPUART.o
 .text.UART_ReceiveStringBlocking
                0x00000000       0x74 ./ARM_Driver/ARM_LPUART.o
 .text.UART_ReceiveCharBlocking
                0x00000000       0x3a ./ARM_Driver/ARM_LPUART.o
 .text.UART_SendCharBlocking
                0x00000000       0x36 ./ARM_Driver/ARM_LPUART.o
 .debug_macro   0x00000000      0x8d4 ./ARM_Driver/ARM_LPUART.o
 .debug_macro   0x00000000       0x22 ./ARM_Driver/ARM_LPUART.o
 .debug_macro   0x00000000       0x87 ./ARM_Driver/ARM_LPUART.o
 .debug_macro   0x00000000       0x51 ./ARM_Driver/ARM_LPUART.o
 .debug_macro   0x00000000       0xef ./ARM_Driver/ARM_LPUART.o
 .debug_macro   0x00000000       0x6a ./ARM_Driver/ARM_LPUART.o
 .debug_macro   0x00000000      0x1df ./ARM_Driver/ARM_LPUART.o
 .debug_macro   0x00000000       0x3c ./ARM_Driver/ARM_LPUART.o
 .debug_macro   0x00000000       0x9c ./ARM_Driver/ARM_LPUART.o
 .debug_macro   0x00000000       0x16 ./ARM_Driver/ARM_LPUART.o
 .debug_macro   0x00000000       0x97 ./ARM_Driver/ARM_LPUART.o
 .debug_macro   0x00000000      0x30d ./ARM_Driver/ARM_LPUART.o
 .debug_macro   0x00000000       0xfd ./ARM_Driver/ARM_LPUART.o
 .debug_macro   0x00000000       0x10 ./ARM_Driver/ARM_LPUART.o
 .debug_macro   0x00000000       0x52 ./ARM_Driver/ARM_LPUART.o
 .debug_macro   0x00000000       0x1f ./ARM_Driver/ARM_LPUART.o
 .debug_macro   0x00000000       0x43 ./ARM_Driver/ARM_LPUART.o
 .debug_macro   0x00000000       0x20 ./ARM_Driver/ARM_LPUART.o
 .debug_macro   0x00000000      0x1a3 ./ARM_Driver/ARM_LPUART.o
 .debug_macro   0x00000000       0x10 ./ARM_Driver/ARM_LPUART.o
 .debug_macro   0x00000000       0x1c ./ARM_Driver/ARM_LPUART.o
 .debug_macro   0x00000000       0x52 ./ARM_Driver/ARM_LPUART.o
 .debug_macro   0x00000000       0x40 ./ARM_Driver/ARM_LPUART.o
 .debug_macro   0x00000000       0x10 ./ARM_Driver/ARM_LPUART.o
 .debug_macro   0x00000000       0x40 ./ARM_Driver/ARM_LPUART.o
 .debug_macro   0x00000000       0xd7 ./ARM_Driver/ARM_LPUART.o
 .debug_macro   0x00000000       0x16 ./ARM_Driver/ARM_LPUART.o
 .debug_macro   0x00000000      0x161 ./ARM_Driver/ARM_LPUART.o
 .debug_macro   0x00000000       0x10 ./ARM_Driver/ARM_LPUART.o
 .debug_macro   0x00000000       0x7a ./ARM_Driver/ARM_LPUART.o
 .debug_macro   0x00000000     0xee97 ./ARM_Driver/ARM_LPUART.o
 .debug_macro   0x00000000      0xbbe ./ARM_Driver/ARM_LPUART.o
 .debug_macro   0x00000000       0x22 ./ARM_Driver/ARM_LPUART.o
 .debug_macro   0x00000000       0x16 ./ARM_Driver/ARM_LPUART.o
 .group         0x00000000        0x8 ./CORE_Driver/ARM_NVIC.o
 .group         0x00000000        0x8 ./CORE_Driver/ARM_NVIC.o
 .group         0x00000000        0x8 ./CORE_Driver/ARM_NVIC.o
 .group         0x00000000        0x8 ./CORE_Driver/ARM_NVIC.o
 .group         0x00000000        0x8 ./CORE_Driver/ARM_NVIC.o
 .group         0x00000000        0x8 ./CORE_Driver/ARM_NVIC.o
 .group         0x00000000        0x8 ./CORE_Driver/ARM_NVIC.o
 .group         0x00000000        0x8 ./CORE_Driver/ARM_NVIC.o
 .group         0x00000000        0x8 ./CORE_Driver/ARM_NVIC.o
 .group         0x00000000        0x8 ./CORE_Driver/ARM_NVIC.o
 .group         0x00000000        0x8 ./CORE_Driver/ARM_NVIC.o
 .group         0x00000000        0x8 ./CORE_Driver/ARM_NVIC.o
 .group         0x00000000        0x8 ./CORE_Driver/ARM_NVIC.o
 .group         0x00000000        0x8 ./CORE_Driver/ARM_NVIC.o
 .text          0x00000000        0x0 ./CORE_Driver/ARM_NVIC.o
 .data          0x00000000        0x0 ./CORE_Driver/ARM_NVIC.o
 .bss           0x00000000        0x0 ./CORE_Driver/ARM_NVIC.o
 .text.NVIC_SetPriority
                0x00000000       0x60 ./CORE_Driver/ARM_NVIC.o
 .debug_macro   0x00000000      0x8d4 ./CORE_Driver/ARM_NVIC.o
 .debug_macro   0x00000000       0x10 ./CORE_Driver/ARM_NVIC.o
 .debug_macro   0x00000000       0x7a ./CORE_Driver/ARM_NVIC.o
 .debug_macro   0x00000000       0x22 ./CORE_Driver/ARM_NVIC.o
 .debug_macro   0x00000000       0x87 ./CORE_Driver/ARM_NVIC.o
 .debug_macro   0x00000000       0x51 ./CORE_Driver/ARM_NVIC.o
 .debug_macro   0x00000000       0xef ./CORE_Driver/ARM_NVIC.o
 .debug_macro   0x00000000       0x6a ./CORE_Driver/ARM_NVIC.o
 .debug_macro   0x00000000      0x1df ./CORE_Driver/ARM_NVIC.o
 .debug_macro   0x00000000      0xbbe ./CORE_Driver/ARM_NVIC.o
 .debug_macro   0x00000000       0x22 ./CORE_Driver/ARM_NVIC.o
 .debug_macro   0x00000000       0x10 ./CORE_Driver/ARM_NVIC.o
 .group         0x00000000        0x8 ./CORE_Driver/ARM_SYSTICK.o
 .group         0x00000000        0x8 ./CORE_Driver/ARM_SYSTICK.o
 .group         0x00000000        0x8 ./CORE_Driver/ARM_SYSTICK.o
 .group         0x00000000        0x8 ./CORE_Driver/ARM_SYSTICK.o
 .group         0x00000000        0x8 ./CORE_Driver/ARM_SYSTICK.o
 .group         0x00000000        0x8 ./CORE_Driver/ARM_SYSTICK.o
 .group         0x00000000        0x8 ./CORE_Driver/ARM_SYSTICK.o
 .group         0x00000000        0x8 ./CORE_Driver/ARM_SYSTICK.o
 .group         0x00000000        0x8 ./CORE_Driver/ARM_SYSTICK.o
 .group         0x00000000        0x8 ./CORE_Driver/ARM_SYSTICK.o
 .group         0x00000000        0x8 ./CORE_Driver/ARM_SYSTICK.o
 .group         0x00000000        0x8 ./CORE_Driver/ARM_SYSTICK.o
 .text          0x00000000        0x0 ./CORE_Driver/ARM_SYSTICK.o
 .data          0x00000000        0x0 ./CORE_Driver/ARM_SYSTICK.o
 .bss           0x00000000        0x0 ./CORE_Driver/ARM_SYSTICK.o
 .debug_macro   0x00000000      0x8d4 ./CORE_Driver/ARM_SYSTICK.o
 .debug_macro   0x00000000       0x22 ./CORE_Driver/ARM_SYSTICK.o
 .debug_macro   0x00000000       0x87 ./CORE_Driver/ARM_SYSTICK.o
 .debug_macro   0x00000000       0x51 ./CORE_Driver/ARM_SYSTICK.o
 .debug_macro   0x00000000       0xef ./CORE_Driver/ARM_SYSTICK.o
 .debug_macro   0x00000000       0x6a ./CORE_Driver/ARM_SYSTICK.o
 .debug_macro   0x00000000      0x1df ./CORE_Driver/ARM_SYSTICK.o
 .debug_macro   0x00000000       0x10 ./CORE_Driver/ARM_SYSTICK.o
 .debug_macro   0x00000000       0x7a ./CORE_Driver/ARM_SYSTICK.o
 .debug_macro   0x00000000     0xee97 ./CORE_Driver/ARM_SYSTICK.o
 .debug_macro   0x00000000      0xbbe ./CORE_Driver/ARM_SYSTICK.o
 .debug_macro   0x00000000       0x22 ./CORE_Driver/ARM_SYSTICK.o
 .group         0x00000000        0x8 ./Mock/Mock.o
 .group         0x00000000        0x8 ./Mock/Mock.o
 .group         0x00000000        0x8 ./Mock/Mock.o
 .group         0x00000000        0x8 ./Mock/Mock.o
 .group         0x00000000        0x8 ./Mock/Mock.o
 .group         0x00000000        0x8 ./Mock/Mock.o
 .group         0x00000000        0x8 ./Mock/Mock.o
 .group         0x00000000        0x8 ./Mock/Mock.o
 .group         0x00000000        0x8 ./Mock/Mock.o
 .group         0x00000000        0x8 ./Mock/Mock.o
 .group         0x00000000        0x8 ./Mock/Mock.o
 .group         0x00000000        0x8 ./Mock/Mock.o
 .group         0x00000000        0x8 ./Mock/Mock.o
 .group         0x00000000        0x8 ./Mock/Mock.o
 .group         0x00000000        0x8 ./Mock/Mock.o
 .group         0x00000000        0x8 ./Mock/Mock.o
 .group         0x00000000        0x8 ./Mock/Mock.o
 .group         0x00000000        0x8 ./Mock/Mock.o
 .group         0x00000000        0x8 ./Mock/Mock.o
 .group         0x00000000        0x8 ./Mock/Mock.o
 .group         0x00000000        0x8 ./Mock/Mock.o
 .group         0x00000000        0x8 ./Mock/Mock.o
 .group         0x00000000        0x8 ./Mock/Mock.o
 .group         0x00000000        0x8 ./Mock/Mock.o
 .group         0x00000000        0x8 ./Mock/Mock.o
 .group         0x00000000        0x8 ./Mock/Mock.o
 .group         0x00000000        0x8 ./Mock/Mock.o
 .group         0x00000000        0x8 ./Mock/Mock.o
 .group         0x00000000        0x8 ./Mock/Mock.o
 .group         0x00000000        0x8 ./Mock/Mock.o
 .group         0x00000000        0x8 ./Mock/Mock.o
 .group         0x00000000        0x8 ./Mock/Mock.o
 .group         0x00000000        0x8 ./Mock/Mock.o
 .group         0x00000000        0x8 ./Mock/Mock.o
 .group         0x00000000        0x8 ./Mock/Mock.o
 .group         0x00000000        0x8 ./Mock/Mock.o
 .group         0x00000000        0x8 ./Mock/Mock.o
 .group         0x00000000        0x8 ./Mock/Mock.o
 .group         0x00000000        0x8 ./Mock/Mock.o
 .group         0x00000000        0x8 ./Mock/Mock.o
 .group         0x00000000        0x8 ./Mock/Mock.o
 .text          0x00000000        0x0 ./Mock/Mock.o
 .data          0x00000000        0x0 ./Mock/Mock.o
 .bss           0x00000000        0x0 ./Mock/Mock.o
 .debug_macro   0x00000000      0x8d4 ./Mock/Mock.o
 .debug_macro   0x00000000       0x22 ./Mock/Mock.o
 .debug_macro   0x00000000       0x87 ./Mock/Mock.o
 .debug_macro   0x00000000       0x51 ./Mock/Mock.o
 .debug_macro   0x00000000       0xef ./Mock/Mock.o
 .debug_macro   0x00000000       0x6a ./Mock/Mock.o
 .debug_macro   0x00000000      0x1df ./Mock/Mock.o
 .debug_macro   0x00000000       0x10 ./Mock/Mock.o
 .debug_macro   0x00000000       0x7a ./Mock/Mock.o
 .debug_macro   0x00000000     0xee97 ./Mock/Mock.o
 .debug_macro   0x00000000      0xbbe ./Mock/Mock.o
 .debug_macro   0x00000000       0x22 ./Mock/Mock.o
 .debug_macro   0x00000000       0x52 ./Mock/Mock.o
 .debug_macro   0x00000000       0x3c ./Mock/Mock.o
 .debug_macro   0x00000000       0x9c ./Mock/Mock.o
 .debug_macro   0x00000000       0x16 ./Mock/Mock.o
 .debug_macro   0x00000000       0x97 ./Mock/Mock.o
 .debug_macro   0x00000000      0x30d ./Mock/Mock.o
 .debug_macro   0x00000000       0xfd ./Mock/Mock.o
 .debug_macro   0x00000000       0x10 ./Mock/Mock.o
 .debug_macro   0x00000000       0x52 ./Mock/Mock.o
 .debug_macro   0x00000000       0x1f ./Mock/Mock.o
 .debug_macro   0x00000000       0x43 ./Mock/Mock.o
 .debug_macro   0x00000000       0x20 ./Mock/Mock.o
 .debug_macro   0x00000000      0x1a3 ./Mock/Mock.o
 .debug_macro   0x00000000       0x10 ./Mock/Mock.o
 .debug_macro   0x00000000       0x1c ./Mock/Mock.o
 .debug_macro   0x00000000       0x52 ./Mock/Mock.o
 .debug_macro   0x00000000       0x40 ./Mock/Mock.o
 .debug_macro   0x00000000       0x10 ./Mock/Mock.o
 .debug_macro   0x00000000       0x40 ./Mock/Mock.o
 .debug_macro   0x00000000       0xd7 ./Mock/Mock.o
 .debug_macro   0x00000000       0x16 ./Mock/Mock.o
 .debug_macro   0x00000000      0x161 ./Mock/Mock.o
 .debug_macro   0x00000000       0x16 ./Mock/Mock.o
 .debug_macro   0x00000000       0x10 ./Mock/Mock.o
 .debug_macro   0x00000000       0x1c ./Mock/Mock.o
 .group         0x00000000        0x8 ./Project_Settings/Startup_Code/startup.o
 .group         0x00000000        0x8 ./Project_Settings/Startup_Code/startup.o
 .group         0x00000000        0x8 ./Project_Settings/Startup_Code/startup.o
 .group         0x00000000        0x8 ./Project_Settings/Startup_Code/startup.o
 .group         0x00000000        0x8 ./Project_Settings/Startup_Code/startup.o
 .group         0x00000000        0x8 ./Project_Settings/Startup_Code/startup.o
 .group         0x00000000        0x8 ./Project_Settings/Startup_Code/startup.o
 .group         0x00000000        0x8 ./Project_Settings/Startup_Code/startup.o
 .group         0x00000000        0x8 ./Project_Settings/Startup_Code/startup.o
 .group         0x00000000        0x8 ./Project_Settings/Startup_Code/startup.o
 .group         0x00000000        0x8 ./Project_Settings/Startup_Code/startup.o
 .group         0x00000000        0x8 ./Project_Settings/Startup_Code/startup.o
 .group         0x00000000        0x8 ./Project_Settings/Startup_Code/startup.o
 .text          0x00000000        0x0 ./Project_Settings/Startup_Code/startup.o
 .data          0x00000000        0x0 ./Project_Settings/Startup_Code/startup.o
 .bss           0x00000000        0x0 ./Project_Settings/Startup_Code/startup.o
 .rodata.s_vectors
                0x00000000        0x4 ./Project_Settings/Startup_Code/startup.o
 .debug_macro   0x00000000      0x8d4 ./Project_Settings/Startup_Code/startup.o
 .debug_macro   0x00000000       0x22 ./Project_Settings/Startup_Code/startup.o
 .debug_macro   0x00000000       0x87 ./Project_Settings/Startup_Code/startup.o
 .debug_macro   0x00000000       0x51 ./Project_Settings/Startup_Code/startup.o
 .debug_macro   0x00000000       0xef ./Project_Settings/Startup_Code/startup.o
 .debug_macro   0x00000000       0x6a ./Project_Settings/Startup_Code/startup.o
 .debug_macro   0x00000000      0x1df ./Project_Settings/Startup_Code/startup.o
 .debug_macro   0x00000000       0x10 ./Project_Settings/Startup_Code/startup.o
 .debug_macro   0x00000000       0x7a ./Project_Settings/Startup_Code/startup.o
 .debug_macro   0x00000000     0xee97 ./Project_Settings/Startup_Code/startup.o
 .debug_macro   0x00000000      0xbbe ./Project_Settings/Startup_Code/startup.o
 .debug_macro   0x00000000       0x22 ./Project_Settings/Startup_Code/startup.o
 .data          0x00000000        0x0 ./Project_Settings/Startup_Code/startup_S32K144.o
 .bss           0x00000000        0x0 ./Project_Settings/Startup_Code/startup_S32K144.o
 .group         0x00000000        0x8 ./Project_Settings/Startup_Code/system_S32K144.o
 .group         0x00000000        0x8 ./Project_Settings/Startup_Code/system_S32K144.o
 .group         0x00000000        0x8 ./Project_Settings/Startup_Code/system_S32K144.o
 .group         0x00000000        0x8 ./Project_Settings/Startup_Code/system_S32K144.o
 .group         0x00000000        0x8 ./Project_Settings/Startup_Code/system_S32K144.o
 .group         0x00000000        0x8 ./Project_Settings/Startup_Code/system_S32K144.o
 .group         0x00000000        0x8 ./Project_Settings/Startup_Code/system_S32K144.o
 .group         0x00000000        0x8 ./Project_Settings/Startup_Code/system_S32K144.o
 .group         0x00000000        0x8 ./Project_Settings/Startup_Code/system_S32K144.o
 .group         0x00000000        0x8 ./Project_Settings/Startup_Code/system_S32K144.o
 .group         0x00000000        0x8 ./Project_Settings/Startup_Code/system_S32K144.o
 .group         0x00000000        0x8 ./Project_Settings/Startup_Code/system_S32K144.o
 .group         0x00000000        0x8 ./Project_Settings/Startup_Code/system_S32K144.o
 .group         0x00000000        0x8 ./Project_Settings/Startup_Code/system_S32K144.o
 .text          0x00000000        0x0 ./Project_Settings/Startup_Code/system_S32K144.o
 .data          0x00000000        0x0 ./Project_Settings/Startup_Code/system_S32K144.o
 .bss           0x00000000        0x0 ./Project_Settings/Startup_Code/system_S32K144.o
 .data.SystemCoreClock
                0x00000000        0x4 ./Project_Settings/Startup_Code/system_S32K144.o
 .text.SystemCoreClockUpdate
                0x00000000       0xf0 ./Project_Settings/Startup_Code/system_S32K144.o
 .text.SystemSoftwareReset
                0x00000000       0x3e ./Project_Settings/Startup_Code/system_S32K144.o
 .rodata.fircFreq.5179
                0x00000000        0x4 ./Project_Settings/Startup_Code/system_S32K144.o
 .debug_macro   0x00000000      0x8d4 ./Project_Settings/Startup_Code/system_S32K144.o
 .debug_macro   0x00000000       0x10 ./Project_Settings/Startup_Code/system_S32K144.o
 .debug_macro   0x00000000       0x7a ./Project_Settings/Startup_Code/system_S32K144.o
 .debug_macro   0x00000000       0x19 ./Project_Settings/Startup_Code/system_S32K144.o
 .debug_macro   0x00000000       0x22 ./Project_Settings/Startup_Code/system_S32K144.o
 .debug_macro   0x00000000       0x87 ./Project_Settings/Startup_Code/system_S32K144.o
 .debug_macro   0x00000000       0x51 ./Project_Settings/Startup_Code/system_S32K144.o
 .debug_macro   0x00000000       0xef ./Project_Settings/Startup_Code/system_S32K144.o
 .debug_macro   0x00000000       0x6a ./Project_Settings/Startup_Code/system_S32K144.o
 .debug_macro   0x00000000      0x1df ./Project_Settings/Startup_Code/system_S32K144.o
 .debug_macro   0x00000000     0xee82 ./Project_Settings/Startup_Code/system_S32K144.o
 .debug_macro   0x00000000      0xbbe ./Project_Settings/Startup_Code/system_S32K144.o
 .debug_macro   0x00000000       0x22 ./Project_Settings/Startup_Code/system_S32K144.o
 .text          0x00000000        0x0 C:/nxp/S32DS.3.4/S32DS/build_tools/gcc_v6.3/gcc-6.3-arm32-eabi/arm-none-eabi/newlib/lib/thumb/v7e-m\libc.a(lib_a-exit.o)
 .data          0x00000000        0x0 C:/nxp/S32DS.3.4/S32DS/build_tools/gcc_v6.3/gcc-6.3-arm32-eabi/arm-none-eabi/newlib/lib/thumb/v7e-m\libc.a(lib_a-exit.o)
 .bss           0x00000000        0x0 C:/nxp/S32DS.3.4/S32DS/build_tools/gcc_v6.3/gcc-6.3-arm32-eabi/arm-none-eabi/newlib/lib/thumb/v7e-m\libc.a(lib_a-exit.o)
 .text          0x00000000        0x0 C:/nxp/S32DS.3.4/S32DS/build_tools/gcc_v6.3/gcc-6.3-arm32-eabi/arm-none-eabi/newlib/lib/thumb/v7e-m\libc.a(lib_a-impure.o)
 .data          0x00000000        0x0 C:/nxp/S32DS.3.4/S32DS/build_tools/gcc_v6.3/gcc-6.3-arm32-eabi/arm-none-eabi/newlib/lib/thumb/v7e-m\libc.a(lib_a-impure.o)
 .bss           0x00000000        0x0 C:/nxp/S32DS.3.4/S32DS/build_tools/gcc_v6.3/gcc-6.3-arm32-eabi/arm-none-eabi/newlib/lib/thumb/v7e-m\libc.a(lib_a-impure.o)
 .data._impure_ptr
                0x00000000        0x4 C:/nxp/S32DS.3.4/S32DS/build_tools/gcc_v6.3/gcc-6.3-arm32-eabi/arm-none-eabi/newlib/lib/thumb/v7e-m\libc.a(lib_a-impure.o)
 .text          0x00000000        0x0 C:/nxp/S32DS.3.4/S32DS/build_tools/gcc_v6.3/gcc-6.3-arm32-eabi/arm-none-eabi/newlib/lib/thumb/v7e-m\libc.a(lib_a-init.o)
 .data          0x00000000        0x0 C:/nxp/S32DS.3.4/S32DS/build_tools/gcc_v6.3/gcc-6.3-arm32-eabi/arm-none-eabi/newlib/lib/thumb/v7e-m\libc.a(lib_a-init.o)
 .bss           0x00000000        0x0 C:/nxp/S32DS.3.4/S32DS/build_tools/gcc_v6.3/gcc-6.3-arm32-eabi/arm-none-eabi/newlib/lib/thumb/v7e-m\libc.a(lib_a-init.o)
 .text          0x00000000        0x0 C:/nxp/S32DS.3.4/S32DS/build_tools/gcc_v6.3/gcc-6.3-arm32-eabi/arm-none-eabi/newlib/lib/thumb/v7e-m\libc.a(lib_a-memset.o)
 .data          0x00000000        0x0 C:/nxp/S32DS.3.4/S32DS/build_tools/gcc_v6.3/gcc-6.3-arm32-eabi/arm-none-eabi/newlib/lib/thumb/v7e-m\libc.a(lib_a-memset.o)
 .bss           0x00000000        0x0 C:/nxp/S32DS.3.4/S32DS/build_tools/gcc_v6.3/gcc-6.3-arm32-eabi/arm-none-eabi/newlib/lib/thumb/v7e-m\libc.a(lib_a-memset.o)
 .text          0x00000000        0x0 C:/nxp/S32DS.3.4/S32DS/build_tools/gcc_v6.3/gcc-6.3-arm32-eabi/arm-none-eabi/newlib/lib/thumb/v7e-m\libc.a(lib_a-__call_atexit.o)
 .data          0x00000000        0x0 C:/nxp/S32DS.3.4/S32DS/build_tools/gcc_v6.3/gcc-6.3-arm32-eabi/arm-none-eabi/newlib/lib/thumb/v7e-m\libc.a(lib_a-__call_atexit.o)
 .bss           0x00000000        0x0 C:/nxp/S32DS.3.4/S32DS/build_tools/gcc_v6.3/gcc-6.3-arm32-eabi/arm-none-eabi/newlib/lib/thumb/v7e-m\libc.a(lib_a-__call_atexit.o)
 .text          0x00000000        0x0 C:/nxp/S32DS.3.4/S32DS/build_tools/gcc_v6.3/gcc-6.3-arm32-eabi/arm-none-eabi/newlib/lib/thumb/v7e-m\libc.a(lib_a-fini.o)
 .data          0x00000000        0x0 C:/nxp/S32DS.3.4/S32DS/build_tools/gcc_v6.3/gcc-6.3-arm32-eabi/arm-none-eabi/newlib/lib/thumb/v7e-m\libc.a(lib_a-fini.o)
 .bss           0x00000000        0x0 C:/nxp/S32DS.3.4/S32DS/build_tools/gcc_v6.3/gcc-6.3-arm32-eabi/arm-none-eabi/newlib/lib/thumb/v7e-m\libc.a(lib_a-fini.o)
 .text          0x00000000        0x0 C:/nxp/S32DS.3.4/S32DS/build_tools/gcc_v6.3/gcc-6.3-arm32-eabi/arm-none-eabi/newlib/lib/thumb/v7e-m\libc.a(lib_a-atexit.o)
 .data          0x00000000        0x0 C:/nxp/S32DS.3.4/S32DS/build_tools/gcc_v6.3/gcc-6.3-arm32-eabi/arm-none-eabi/newlib/lib/thumb/v7e-m\libc.a(lib_a-atexit.o)
 .bss           0x00000000        0x0 C:/nxp/S32DS.3.4/S32DS/build_tools/gcc_v6.3/gcc-6.3-arm32-eabi/arm-none-eabi/newlib/lib/thumb/v7e-m\libc.a(lib_a-atexit.o)
 .text          0x00000000        0x0 C:/nxp/S32DS.3.4/S32DS/build_tools/gcc_v6.3/gcc-6.3-arm32-eabi/arm-none-eabi/newlib/lib/thumb/v7e-m\libc.a(lib_a-__atexit.o)
 .data          0x00000000        0x0 C:/nxp/S32DS.3.4/S32DS/build_tools/gcc_v6.3/gcc-6.3-arm32-eabi/arm-none-eabi/newlib/lib/thumb/v7e-m\libc.a(lib_a-__atexit.o)
 .bss           0x00000000        0x0 C:/nxp/S32DS.3.4/S32DS/build_tools/gcc_v6.3/gcc-6.3-arm32-eabi/arm-none-eabi/newlib/lib/thumb/v7e-m\libc.a(lib_a-__atexit.o)
 .text          0x00000000        0x0 C:/nxp/S32DS.3.4/S32DS/build_tools/gcc_v6.3/gcc-6.3-arm32-eabi/arm-none-eabi/newlib/lib/thumb/v7e-m\libnosys.a(_exit.o)
 .data          0x00000000        0x0 C:/nxp/S32DS.3.4/S32DS/build_tools/gcc_v6.3/gcc-6.3-arm32-eabi/arm-none-eabi/newlib/lib/thumb/v7e-m\libnosys.a(_exit.o)
 .bss           0x00000000        0x0 C:/nxp/S32DS.3.4/S32DS/build_tools/gcc_v6.3/gcc-6.3-arm32-eabi/arm-none-eabi/newlib/lib/thumb/v7e-m\libnosys.a(_exit.o)
 .text          0x00000000        0x0 c:/nxp/s32ds.3.4/s32ds/build_tools/gcc_v6.3/gcc-6.3-arm32-eabi/bin/../lib/gcc/arm-none-eabi/6.3.1/thumb/v7e-m/crtend.o
 .data          0x00000000        0x0 c:/nxp/s32ds.3.4/s32ds/build_tools/gcc_v6.3/gcc-6.3-arm32-eabi/bin/../lib/gcc/arm-none-eabi/6.3.1/thumb/v7e-m/crtend.o
 .bss           0x00000000        0x0 c:/nxp/s32ds.3.4/s32ds/build_tools/gcc_v6.3/gcc-6.3-arm32-eabi/bin/../lib/gcc/arm-none-eabi/6.3.1/thumb/v7e-m/crtend.o
 .eh_frame      0x00000000        0x4 c:/nxp/s32ds.3.4/s32ds/build_tools/gcc_v6.3/gcc-6.3-arm32-eabi/bin/../lib/gcc/arm-none-eabi/6.3.1/thumb/v7e-m/crtend.o
 .text          0x00000000        0x0 c:/nxp/s32ds.3.4/s32ds/build_tools/gcc_v6.3/gcc-6.3-arm32-eabi/bin/../lib/gcc/arm-none-eabi/6.3.1/thumb/v7e-m/crtn.o
 .data          0x00000000        0x0 c:/nxp/s32ds.3.4/s32ds/build_tools/gcc_v6.3/gcc-6.3-arm32-eabi/bin/../lib/gcc/arm-none-eabi/6.3.1/thumb/v7e-m/crtn.o
 .bss           0x00000000        0x0 c:/nxp/s32ds.3.4/s32ds/build_tools/gcc_v6.3/gcc-6.3-arm32-eabi/bin/../lib/gcc/arm-none-eabi/6.3.1/thumb/v7e-m/crtn.o

Memory Configuration

Name             Origin             Length             Attributes
m_interrupts     0x00000000         0x00000400         xr
m_flash_config   0x00000400         0x00000010         xr
m_text           0x00000410         0x0007fbf0         xr
m_data           0x1fff8000         0x00008000         rw
m_data_2         0x20000000         0x00007000         rw
*default*        0x00000000         0xffffffff

Linker script and memory map

LOAD c:/nxp/s32ds.3.4/s32ds/build_tools/gcc_v6.3/gcc-6.3-arm32-eabi/bin/../lib/gcc/arm-none-eabi/6.3.1/thumb/v7e-m/crti.o
LOAD c:/nxp/s32ds.3.4/s32ds/build_tools/gcc_v6.3/gcc-6.3-arm32-eabi/bin/../lib/gcc/arm-none-eabi/6.3.1/thumb/v7e-m/crtbegin.o
LOAD C:/nxp/S32DS.3.4/S32DS/build_tools/gcc_v6.3/gcc-6.3-arm32-eabi/arm-none-eabi/newlib/lib/thumb/v7e-m/crt0.o
LOAD ./ARM_Driver/ARM_ADC.o
LOAD ./ARM_Driver/ARM_GPIO.o
LOAD ./ARM_Driver/ARM_LPIT.o
LOAD ./ARM_Driver/ARM_LPUART.o
LOAD ./CORE_Driver/ARM_NVIC.o
LOAD ./CORE_Driver/ARM_SYSTICK.o
LOAD ./Mock/Mock.o
LOAD ./Project_Settings/Startup_Code/startup.o
LOAD ./Project_Settings/Startup_Code/startup_S32K144.o
LOAD ./Project_Settings/Startup_Code/system_S32K144.o
START GROUP
LOAD c:/nxp/s32ds.3.4/s32ds/build_tools/gcc_v6.3/gcc-6.3-arm32-eabi/bin/../lib/gcc/arm-none-eabi/6.3.1/thumb/v7e-m\libgcc.a
LOAD C:/nxp/S32DS.3.4/S32DS/build_tools/gcc_v6.3/gcc-6.3-arm32-eabi/arm-none-eabi/newlib/lib/thumb/v7e-m\libc.a
END GROUP
START GROUP
LOAD c:/nxp/s32ds.3.4/s32ds/build_tools/gcc_v6.3/gcc-6.3-arm32-eabi/bin/../lib/gcc/arm-none-eabi/6.3.1/thumb/v7e-m\libgcc.a
LOAD C:/nxp/S32DS.3.4/S32DS/build_tools/gcc_v6.3/gcc-6.3-arm32-eabi/arm-none-eabi/newlib/lib/thumb/v7e-m\libc.a
LOAD C:/nxp/S32DS.3.4/S32DS/build_tools/gcc_v6.3/gcc-6.3-arm32-eabi/arm-none-eabi/newlib/lib/thumb/v7e-m\libnosys.a
END GROUP
LOAD c:/nxp/s32ds.3.4/s32ds/build_tools/gcc_v6.3/gcc-6.3-arm32-eabi/bin/../lib/gcc/arm-none-eabi/6.3.1/thumb/v7e-m/crtend.o
LOAD c:/nxp/s32ds.3.4/s32ds/build_tools/gcc_v6.3/gcc-6.3-arm32-eabi/bin/../lib/gcc/arm-none-eabi/6.3.1/thumb/v7e-m/crtn.o
                0x00000400                HEAP_SIZE = DEFINED (__heap_size__)?__heap_size__:0x400
                0x00000400                STACK_SIZE = DEFINED (__stack_size__)?__stack_size__:0x400
                0x00000400                M_VECTOR_RAM_SIZE = DEFINED (__flash_vector_table__)?0x0:0x400

.interrupts     0x00000000      0x400
                0x00000000                __VECTOR_TABLE = .
                0x00000000                __interrupts_start__ = .
                0x00000000                . = ALIGN (0x4)
 *(.isr_vector)
 .isr_vector    0x00000000      0x400 ./Project_Settings/Startup_Code/startup_S32K144.o
                0x00000000                __isr_vector
                0x00000400                __interrupts_end__ = .
                0x00000400                . = ALIGN (0x4)

.flash_config   0x00000400       0x10
                0x00000400                . = ALIGN (0x4)
 *(.FlashConfig)
 .FlashConfig   0x00000400       0x10 ./Project_Settings/Startup_Code/startup_S32K144.o
                0x00000410                . = ALIGN (0x4)

.text           0x00000410     0x18a0
                0x00000410                . = ALIGN (0x4)
 *(.text)
 .text          0x00000410       0xa4 c:/nxp/s32ds.3.4/s32ds/build_tools/gcc_v6.3/gcc-6.3-arm32-eabi/bin/../lib/gcc/arm-none-eabi/6.3.1/thumb/v7e-m/crtbegin.o
 .text          0x000004b4       0x74 C:/nxp/S32DS.3.4/S32DS/build_tools/gcc_v6.3/gcc-6.3-arm32-eabi/arm-none-eabi/newlib/lib/thumb/v7e-m/crt0.o
                0x000004b4                _start
                0x000004b4                _mainCRTStartup
 .text          0x00000528       0x6c ./Project_Settings/Startup_Code/startup_S32K144.o
                0x00000528                Reset_Handler
                0x00000590                DebugMon_Handler
                0x00000590                Reserved88_IRQHandler
                0x00000590                CAN0_ORed_IRQHandler
                0x00000590                HardFault_Handler
                0x00000590                Reserved86_IRQHandler
                0x00000590                Reserved103_IRQHandler
                0x00000590                FTM2_Ovf_Reload_IRQHandler
                0x00000590                Reserved50_IRQHandler
                0x00000590                FTFC_Fault_IRQHandler
                0x00000590                FTM0_Ch6_Ch7_IRQHandler
                0x00000590                Reserved114_IRQHandler
                0x00000590                PendSV_Handler
                0x00000590                NMI_Handler
                0x00000590                Reserved89_IRQHandler
                0x00000590                ERM_double_fault_IRQHandler
                0x00000590                DMA2_IRQHandler
                0x00000590                Reserved59_IRQHandler
                0x00000590                LPIT0_Ch0_IRQHandler
                0x00000590                Reserved99_IRQHandler
                0x00000590                FTM3_Ch6_Ch7_IRQHandler
                0x00000590                CAN2_ORed_0_15_MB_IRQHandler
                0x00000590                LPIT0_Ch3_IRQHandler
                0x00000590                Reserved92_IRQHandler
                0x00000590                FTM0_Ch4_Ch5_IRQHandler
                0x00000590                CAN1_Error_IRQHandler
                0x00000590                FTM3_Ch0_Ch1_IRQHandler
                0x00000590                SWI_IRQHandler
                0x00000590                ADC0_IRQHandler
                0x00000590                FTM2_Ch4_Ch5_IRQHandler
                0x00000590                UsageFault_Handler
                0x00000590                FTM0_Ovf_Reload_IRQHandler
                0x00000590                DefaultISR
                0x00000590                DMA9_IRQHandler
                0x00000590                Reserved58_IRQHandler
                0x00000590                CAN1_ORed_0_15_MB_IRQHandler
                0x00000590                FTM1_Ch2_Ch3_IRQHandler
                0x00000590                DMA14_IRQHandler
                0x00000590                Reserved82_IRQHandler
                0x00000590                CAN0_ORed_16_31_MB_IRQHandler
                0x00000590                LPI2C0_Slave_IRQHandler
                0x00000590                Reserved71_IRQHandler
                0x00000590                PORTD_IRQHandler
                0x00000590                Reserved69_IRQHandler
                0x00000590                PORTB_IRQHandler
                0x00000590                Reserved70_IRQHandler
                0x00000590                ADC1_IRQHandler
                0x00000590                FTM2_Ch2_Ch3_IRQHandler
                0x00000590                Reserved53_IRQHandler
                0x00000590                DMA5_IRQHandler
                0x00000590                RTC_IRQHandler
                0x00000590                PDB0_IRQHandler
                0x00000590                Reserved54_IRQHandler
                0x00000590                FTM2_Ch6_Ch7_IRQHandler
                0x00000590                FTM3_Ch2_Ch3_IRQHandler
                0x00000590                FTM2_Ch0_Ch1_IRQHandler
                0x00000590                LPSPI1_IRQHandler
                0x00000590                RTC_Seconds_IRQHandler
                0x00000590                CAN2_ORed_IRQHandler
                0x00000590                Reserved72_IRQHandler
                0x00000590                Reserved110_IRQHandler
                0x00000590                DMA11_IRQHandler
                0x00000590                Reserved107_IRQHandler
                0x00000590                Read_Collision_IRQHandler
                0x00000590                CAN2_Error_IRQHandler
                0x00000590                FTFC_IRQHandler
                0x00000590                DMA7_IRQHandler
                0x00000590                FTM1_Ch6_Ch7_IRQHandler
                0x00000590                Reserved105_IRQHandler
                0x00000590                LPIT0_Ch1_IRQHandler
                0x00000590                FTM1_Ch4_Ch5_IRQHandler
                0x00000590                FTM3_Ovf_Reload_IRQHandler
                0x00000590                LPUART2_RxTx_IRQHandler
                0x00000590                LPSPI0_IRQHandler
                0x00000590                WDOG_EWM_IRQHandler
                0x00000590                MemManage_Handler
                0x00000590                Reserved90_IRQHandler
                0x00000590                Reserved83_IRQHandler
                0x00000590                FTM0_Fault_IRQHandler
                0x00000590                Reserved48_IRQHandler
                0x00000590                SVC_Handler
                0x00000590                ERM_single_fault_IRQHandler
                0x00000590                FTM2_Fault_IRQHandler
                0x00000590                FTM0_Ch2_Ch3_IRQHandler
                0x00000590                DMA13_IRQHandler
                0x00000590                FTM0_Ch0_Ch1_IRQHandler
                0x00000590                FTM3_Fault_IRQHandler
                0x00000590                RCM_IRQHandler
                0x00000590                DMA3_IRQHandler
                0x00000590                Reserved100_IRQHandler
                0x00000590                DMA0_IRQHandler
                0x00000590                Reserved91_IRQHandler
                0x00000590                CAN1_ORed_IRQHandler
                0x00000590                DMA15_IRQHandler
                0x00000590                SCG_IRQHandler
                0x00000590                PDB1_IRQHandler
                0x00000590                Reserved81_IRQHandler
                0x00000590                Reserved46_IRQHandler
                0x00000590                Reserved45_IRQHandler
                0x00000590                CAN0_Error_IRQHandler
                0x00000590                Reserved112_IRQHandler
                0x00000590                LPI2C0_Master_IRQHandler
                0x00000590                DMA4_IRQHandler
                0x00000590                FTM1_Fault_IRQHandler
                0x00000590                Reserved106_IRQHandler
                0x00000590                DMA_Error_IRQHandler
                0x00000590                LVD_LVW_IRQHandler
                0x00000590                LPIT0_Ch2_IRQHandler
                0x00000590                PORTA_IRQHandler
                0x00000590                MCM_IRQHandler
                0x00000590                LPSPI2_IRQHandler
                0x00000590                DMA12_IRQHandler
                0x00000590                FTM3_Ch4_Ch5_IRQHandler
                0x00000590                CAN0_ORed_0_15_MB_IRQHandler
                0x00000590                PORTE_IRQHandler
                0x00000590                LPTMR0_IRQHandler
                0x00000590                BusFault_Handler
                0x00000590                Reserved87_IRQHandler
                0x00000590                FTM1_Ovf_Reload_IRQHandler
                0x00000590                DMA8_IRQHandler
                0x00000590                Reserved93_IRQHandler
                0x00000590                DMA10_IRQHandler
                0x00000590                CAN0_Wake_Up_IRQHandler
                0x00000590                CMP0_IRQHandler
                0x00000590                Reserved52_IRQHandler
                0x00000590                DMA6_IRQHandler
                0x00000590                FTM1_Ch0_Ch1_IRQHandler
                0x00000590                FLEXIO_IRQHandler
                0x00000590                DMA1_IRQHandler
                0x00000590                Reserved113_IRQHandler
 *(.text*)
 .text.Select_Source_Clock
                0x00000594       0xb0 ./ARM_Driver/ARM_ADC.o
 .text.ARM_ADC_Init
                0x00000644       0xe2 ./ARM_Driver/ARM_ADC.o
                0x00000644                ARM_ADC_Init
 *fill*         0x00000726        0x2 
 .text.ARM_ADC_ConfigChannel
                0x00000728       0xd8 ./ARM_Driver/ARM_ADC.o
                0x00000728                ARM_ADC_ConfigChannel
 .text.ARM_ADC_GetConversionResult
                0x00000800       0x2e ./ARM_Driver/ARM_ADC.o
                0x00000800                ARM_ADC_GetConversionResult
 .text.ARM_ADC_StartConversion
                0x0000082e       0x32 ./ARM_Driver/ARM_ADC.o
                0x0000082e                ARM_ADC_StartConversion
 .text.Get_GPIO_Base
                0x00000860       0x50 ./ARM_Driver/ARM_GPIO.o
 .text.Get_PORT_Base
                0x000008b0       0x50 ./ARM_Driver/ARM_GPIO.o
 .text.ARM_GPIO_Setup
                0x00000900       0xd8 ./ARM_Driver/ARM_GPIO.o
                0x00000900                ARM_GPIO_Setup
 .text.ARM_GPIO_SetDirection
                0x000009d8       0x62 ./ARM_Driver/ARM_GPIO.o
                0x000009d8                ARM_GPIO_SetDirection
 .text.ARM_GPIO_SetOutputMode
                0x00000a3a       0x24 ./ARM_Driver/ARM_GPIO.o
                0x00000a3a                ARM_GPIO_SetOutputMode
 .text.ARM_GPIO_SetPullResistor
                0x00000a5e       0xa2 ./ARM_Driver/ARM_GPIO.o
                0x00000a5e                ARM_GPIO_SetPullResistor
 .text.ARM_GPIO_SetEventTrigger
                0x00000b00      0x12c ./ARM_Driver/ARM_GPIO.o
                0x00000b00                ARM_GPIO_SetEventTrigger
 .text.ARM_GPIO_SetOutput
                0x00000c2c       0x58 ./ARM_Driver/ARM_GPIO.o
                0x00000c2c                ARM_GPIO_SetOutput
 .text.ARM_GPIO_GetInput
                0x00000c84       0x44 ./ARM_Driver/ARM_GPIO.o
                0x00000c84                ARM_GPIO_GetInput
 .text.ARM_GPIO_SignalEvent
                0x00000cc8       0x28 ./ARM_Driver/ARM_GPIO.o
                0x00000cc8                ARM_GPIO_SignalEvent
 .text.PORTC_IRQHandler
                0x00000cf0       0x5c ./ARM_Driver/ARM_GPIO.o
                0x00000cf0                PORTC_IRQHandler
 .text.UART_SetParityMode
                0x00000d4c       0x90 ./ARM_Driver/ARM_LPUART.o
                0x00000d4c                UART_SetParityMode
 .text.UART_SetStopBit
                0x00000ddc       0x5c ./ARM_Driver/ARM_LPUART.o
                0x00000ddc                UART_SetStopBit
 .text.UART_SetBitCountPerChar
                0x00000e38       0xdc ./ARM_Driver/ARM_LPUART.o
                0x00000e38                UART_SetBitCountPerChar
 .text.UART_Set_Baudrate
                0x00000f14       0x4a ./ARM_Driver/ARM_LPUART.o
                0x00000f14                UART_Set_Baudrate
 *fill*         0x00000f5e        0x2 
 .text.UART_SelectSourceClock
                0x00000f60      0x178 ./ARM_Driver/ARM_LPUART.o
                0x00000f60                UART_SelectSourceClock
 .text.UART_Init
                0x000010d8       0xa0 ./ARM_Driver/ARM_LPUART.o
                0x000010d8                UART_Init
 .text.UART_SendStringBlocking
                0x00001178       0x74 ./ARM_Driver/ARM_LPUART.o
                0x00001178                UART_SendStringBlocking
 .text.UART_ReceiveNonBlocking
                0x000011ec       0x4c ./ARM_Driver/ARM_LPUART.o
                0x000011ec                UART_ReceiveNonBlocking
 .text.LPUART0_RxTx_IRQHandler
                0x00001238        0x6 ./ARM_Driver/ARM_LPUART.o
                0x00001238                LPUART0_RxTx_IRQHandler
 *fill*         0x0000123e        0x2 
 .text.NVIC_EnableIRQ
                0x00001240       0x50 ./CORE_Driver/ARM_NVIC.o
                0x00001240                NVIC_EnableIRQ
 .text.SysTick_Config
                0x00001290       0x58 ./CORE_Driver/ARM_SYSTICK.o
                0x00001290                SysTick_Config
 .text.Caculate_Checksum
                0x000012e8       0x42 ./Mock/Mock.o
                0x000012e8                Caculate_Checksum
 *fill*         0x0000132a        0x2 
 .text.My_Button_Handler
                0x0000132c      0x1dc ./Mock/Mock.o
                0x0000132c                My_Button_Handler
 .text.GPIO_Event_Handler
                0x00001508       0x54 ./Mock/Mock.o
                0x00001508                GPIO_Event_Handler
 .text.Source_Clock
                0x0000155c       0x40 ./Mock/Mock.o
                0x0000155c                Source_Clock
 .text.Init_Devices
                0x0000159c      0x110 ./Mock/Mock.o
                0x0000159c                Init_Devices
 .text.Init_Communication
                0x000016ac       0x34 ./Mock/Mock.o
                0x000016ac                Init_Communication
 .text.SysTick_Handler
                0x000016e0       0x28 ./Mock/Mock.o
                0x000016e0                SysTick_Handler
 .text.LPUART1_RxTx_IRQHandler
                0x00001708       0x60 ./Mock/Mock.o
                0x00001708                LPUART1_RxTx_IRQHandler
 .text.main     0x00001768      0x1a8 ./Mock/Mock.o
                0x00001768                main
 .text.init_data_bss
                0x00001910      0x128 ./Project_Settings/Startup_Code/startup.o
                0x00001910                init_data_bss
 .text.SystemInit
                0x00001a38       0x30 ./Project_Settings/Startup_Code/system_S32K144.o
                0x00001a38                SystemInit
 .text.exit     0x00001a68       0x20 C:/nxp/S32DS.3.4/S32DS/build_tools/gcc_v6.3/gcc-6.3-arm32-eabi/arm-none-eabi/newlib/lib/thumb/v7e-m\libc.a(lib_a-exit.o)
                0x00001a68                exit
 .text.__libc_init_array
                0x00001a88       0x48 C:/nxp/S32DS.3.4/S32DS/build_tools/gcc_v6.3/gcc-6.3-arm32-eabi/arm-none-eabi/newlib/lib/thumb/v7e-m\libc.a(lib_a-init.o)
                0x00001a88                __libc_init_array
 .text.memset   0x00001ad0       0x10 C:/nxp/S32DS.3.4/S32DS/build_tools/gcc_v6.3/gcc-6.3-arm32-eabi/arm-none-eabi/newlib/lib/thumb/v7e-m\libc.a(lib_a-memset.o)
                0x00001ad0                memset
 .text.startup.register_fini
                0x00001ae0       0x14 C:/nxp/S32DS.3.4/S32DS/build_tools/gcc_v6.3/gcc-6.3-arm32-eabi/arm-none-eabi/newlib/lib/thumb/v7e-m\libc.a(lib_a-__call_atexit.o)
 .text.__call_exitprocs
                0x00001af4       0xc8 C:/nxp/S32DS.3.4/S32DS/build_tools/gcc_v6.3/gcc-6.3-arm32-eabi/arm-none-eabi/newlib/lib/thumb/v7e-m\libc.a(lib_a-__call_atexit.o)
                0x00001af4                __call_exitprocs
 .text.__libc_fini_array
                0x00001bbc       0x28 C:/nxp/S32DS.3.4/S32DS/build_tools/gcc_v6.3/gcc-6.3-arm32-eabi/arm-none-eabi/newlib/lib/thumb/v7e-m\libc.a(lib_a-fini.o)
                0x00001bbc                __libc_fini_array
 .text.atexit   0x00001be4        0xc C:/nxp/S32DS.3.4/S32DS/build_tools/gcc_v6.3/gcc-6.3-arm32-eabi/arm-none-eabi/newlib/lib/thumb/v7e-m\libc.a(lib_a-atexit.o)
                0x00001be4                atexit
 .text.__register_exitproc
                0x00001bf0       0x98 C:/nxp/S32DS.3.4/S32DS/build_tools/gcc_v6.3/gcc-6.3-arm32-eabi/arm-none-eabi/newlib/lib/thumb/v7e-m\libc.a(lib_a-__atexit.o)
                0x00001bf0                __register_exitproc
 .text._exit    0x00001c88        0x2 C:/nxp/S32DS.3.4/S32DS/build_tools/gcc_v6.3/gcc-6.3-arm32-eabi/arm-none-eabi/newlib/lib/thumb/v7e-m\libnosys.a(_exit.o)
                0x00001c88                _exit
 *(.rodata)
 *fill*         0x00001c8a        0x2 
 .rodata        0x00001c8c        0x7 ./Mock/Mock.o
 *(.rodata*)
 *fill*         0x00001c93        0x1 
 .rodata._global_impure_ptr
                0x00001c94        0x4 C:/nxp/S32DS.3.4/S32DS/build_tools/gcc_v6.3/gcc-6.3-arm32-eabi/arm-none-eabi/newlib/lib/thumb/v7e-m\libc.a(lib_a-impure.o)
                0x00001c94                _global_impure_ptr
 *(.glue_7)
 .glue_7        0x00001c98        0x0 linker stubs
 *(.glue_7t)
 .glue_7t       0x00001c98        0x0 linker stubs
 *(.eh_frame)
 .eh_frame      0x00001c98        0x0 c:/nxp/s32ds.3.4/s32ds/build_tools/gcc_v6.3/gcc-6.3-arm32-eabi/bin/../lib/gcc/arm-none-eabi/6.3.1/thumb/v7e-m/crtbegin.o
 *(.init)
 .init          0x00001c98        0x4 c:/nxp/s32ds.3.4/s32ds/build_tools/gcc_v6.3/gcc-6.3-arm32-eabi/bin/../lib/gcc/arm-none-eabi/6.3.1/thumb/v7e-m/crti.o
                0x00001c98                _init
 .init          0x00001c9c        0x8 c:/nxp/s32ds.3.4/s32ds/build_tools/gcc_v6.3/gcc-6.3-arm32-eabi/bin/../lib/gcc/arm-none-eabi/6.3.1/thumb/v7e-m/crtn.o
 *(.fini)
 .fini          0x00001ca4        0x4 c:/nxp/s32ds.3.4/s32ds/build_tools/gcc_v6.3/gcc-6.3-arm32-eabi/bin/../lib/gcc/arm-none-eabi/6.3.1/thumb/v7e-m/crti.o
                0x00001ca4                _fini
 .fini          0x00001ca8        0x8 c:/nxp/s32ds.3.4/s32ds/build_tools/gcc_v6.3/gcc-6.3-arm32-eabi/bin/../lib/gcc/arm-none-eabi/6.3.1/thumb/v7e-m/crtn.o
                0x00001cb0                . = ALIGN (0x4)

.vfp11_veneer   0x00001cb0        0x0
 .vfp11_veneer  0x00001cb0        0x0 linker stubs

.v4_bx          0x00001cb0        0x0
 .v4_bx         0x00001cb0        0x0 linker stubs

.iplt           0x00001cb0        0x0
 .iplt          0x00001cb0        0x0 c:/nxp/s32ds.3.4/s32ds/build_tools/gcc_v6.3/gcc-6.3-arm32-eabi/bin/../lib/gcc/arm-none-eabi/6.3.1/thumb/v7e-m/crtbegin.o

.ARM.extab
 *(.ARM.extab* .gnu.linkonce.armextab.*)

.ARM            0x00001cb0        0x8
                0x00001cb0                __exidx_start = .
 *(.ARM.exidx*)
 .ARM.exidx     0x00001cb0        0x8 C:/nxp/S32DS.3.4/S32DS/build_tools/gcc_v6.3/gcc-6.3-arm32-eabi/arm-none-eabi/newlib/lib/thumb/v7e-m/crt0.o
                0x00001cb8                __exidx_end = .

.rel.dyn        0x00001cb8        0x0
 .rel.iplt      0x00001cb8        0x0 c:/nxp/s32ds.3.4/s32ds/build_tools/gcc_v6.3/gcc-6.3-arm32-eabi/bin/../lib/gcc/arm-none-eabi/6.3.1/thumb/v7e-m/crtbegin.o

.ctors          0x00001cb8        0x0
                0x00001cb8                __CTOR_LIST__ = .
 *crtbegin.o(.ctors)
 *crtbegin?.o(.ctors)
 *(EXCLUDE_FILE(*crtend.o *crtend?.o) .ctors)
 *(SORT(.ctors.*))
 *(.ctors)
                0x00001cb8                __CTOR_END__ = .

.dtors          0x00001cb8        0x0
                0x00001cb8                __DTOR_LIST__ = .
 *crtbegin.o(.dtors)
 *crtbegin?.o(.dtors)
 *(EXCLUDE_FILE(*crtend.o *crtend?.o) .dtors)
 *(SORT(.dtors.*))
 *(.dtors)
                0x00001cb8                __DTOR_END__ = .

.preinit_array  0x00001cb8        0x0
                0x00001cb8                PROVIDE (__preinit_array_start, .)
 *(.preinit_array*)
                0x00001cb8                PROVIDE (__preinit_array_end, .)

.init_array     0x00001cb8        0x8
                0x00001cb8                PROVIDE (__init_array_start, .)
 *(SORT(.init_array.*))
 .init_array.00000
                0x00001cb8        0x4 C:/nxp/S32DS.3.4/S32DS/build_tools/gcc_v6.3/gcc-6.3-arm32-eabi/arm-none-eabi/newlib/lib/thumb/v7e-m\libc.a(lib_a-__call_atexit.o)
 *(.init_array*)
 .init_array    0x00001cbc        0x4 c:/nxp/s32ds.3.4/s32ds/build_tools/gcc_v6.3/gcc-6.3-arm32-eabi/bin/../lib/gcc/arm-none-eabi/6.3.1/thumb/v7e-m/crtbegin.o
                0x00001cc0                PROVIDE (__init_array_end, .)

.fini_array     0x00001cc0        0x4
                0x00001cc0                PROVIDE (__fini_array_start, .)
 *(SORT(.fini_array.*))
 *(.fini_array*)
 .fini_array    0x00001cc0        0x4 c:/nxp/s32ds.3.4/s32ds/build_tools/gcc_v6.3/gcc-6.3-arm32-eabi/bin/../lib/gcc/arm-none-eabi/6.3.1/thumb/v7e-m/crtbegin.o
                0x00001cc4                PROVIDE (__fini_array_end, .)
                0x00001cc4                __etext = .
                0x00001cc4                __DATA_ROM = .

.interrupts_ram
                0x1fff8000      0x400
                0x1fff8000                . = ALIGN (0x4)
                0x1fff8000                __VECTOR_RAM__ = .
                0x1fff8000                __RAM_START = .
                0x1fff8000                __interrupts_ram_start__ = .
 *(.m_interrupts_ram)
                0x1fff8400                . = (. + M_VECTOR_RAM_SIZE)
 *fill*         0x1fff8000      0x400 
                0x1fff8400                . = ALIGN (0x4)
                0x1fff8400                __interrupts_ram_end__ = .
                0x1fff8000                __VECTOR_RAM = DEFINED (__flash_vector_table__)?ORIGIN (m_interrupts):__VECTOR_RAM__
                0x00000400                __RAM_VECTOR_TABLE_SIZE = DEFINED (__flash_vector_table__)?0x0:(__interrupts_ram_end__ - __interrupts_ram_start__)

.data           0x1fff8400      0x43c load address 0x00001cc4
                0x1fff8400                . = ALIGN (0x4)
                0x1fff8400                __DATA_RAM = .
                0x1fff8400                __data_start__ = .
 *(.data)
 *(.data*)
 .data.Driver_GPIO
                0x1fff8400       0x1c ./ARM_Driver/ARM_GPIO.o
                0x1fff8400                Driver_GPIO
 .data.GPIOdrv  0x1fff841c        0x4 ./Mock/Mock.o
 .data.impure_data
                0x1fff8420      0x418 C:/nxp/S32DS.3.4/S32DS/build_tools/gcc_v6.3/gcc-6.3-arm32-eabi/arm-none-eabi/newlib/lib/thumb/v7e-m\libc.a(lib_a-impure.o)
 *(.jcr*)
 .jcr           0x1fff8838        0x0 c:/nxp/s32ds.3.4/s32ds/build_tools/gcc_v6.3/gcc-6.3-arm32-eabi/bin/../lib/gcc/arm-none-eabi/6.3.1/thumb/v7e-m/crtbegin.o
 .jcr           0x1fff8838        0x4 c:/nxp/s32ds.3.4/s32ds/build_tools/gcc_v6.3/gcc-6.3-arm32-eabi/bin/../lib/gcc/arm-none-eabi/6.3.1/thumb/v7e-m/crtend.o
                0x1fff883c                . = ALIGN (0x4)
                0x1fff883c                __data_end__ = .
                0x00002100                __DATA_END = (__DATA_ROM + (__data_end__ - __data_start__))
                0x00002100                __CODE_ROM = __DATA_END

.tm_clone_table
                0x1fff883c        0x0 load address 0x00002100
 .tm_clone_table
                0x1fff883c        0x0 c:/nxp/s32ds.3.4/s32ds/build_tools/gcc_v6.3/gcc-6.3-arm32-eabi/bin/../lib/gcc/arm-none-eabi/6.3.1/thumb/v7e-m/crtbegin.o
 .tm_clone_table
                0x1fff883c        0x0 c:/nxp/s32ds.3.4/s32ds/build_tools/gcc_v6.3/gcc-6.3-arm32-eabi/bin/../lib/gcc/arm-none-eabi/6.3.1/thumb/v7e-m/crtend.o

.igot.plt       0x1fff883c        0x0 load address 0x00002100
 .igot.plt      0x1fff883c        0x0 c:/nxp/s32ds.3.4/s32ds/build_tools/gcc_v6.3/gcc-6.3-arm32-eabi/bin/../lib/gcc/arm-none-eabi/6.3.1/thumb/v7e-m/crtbegin.o

.code           0x1fff883c        0x0 load address 0x00002100
                0x1fff883c                . = ALIGN (0x4)
                0x1fff883c                __CODE_RAM = .
                0x1fff883c                __code_start__ = .
                0x1fff883c                __code_ram_start__ = .
 *(.code_ram)
                0x1fff883c                . = ALIGN (0x4)
                0x1fff883c                __code_end__ = .
                0x1fff883c                __code_ram_end__ = .
                0x00002100                __CODE_END = (__CODE_ROM + (__code_end__ - __code_start__))
                0x00002100                __CUSTOM_ROM = __CODE_END

.customSectionBlock
                0x20000000        0x0 load address 0x00002100
                0x20000000                __customSection_start__ = .
 *(.customSection)
                0x20000000                __customSection_end__ = .
                0x00002100                __CUSTOM_END = (__CUSTOM_ROM + (__customSection_end__ - __customSection_start__))

.bss            0x20000000       0x44
                0x20000000                . = ALIGN (0x4)
                0x20000000                __BSS_START = .
                0x20000000                __bss_start__ = .
 *(.bss)
 .bss           0x20000000       0x1c c:/nxp/s32ds.3.4/s32ds/build_tools/gcc_v6.3/gcc-6.3-arm32-eabi/bin/../lib/gcc/arm-none-eabi/6.3.1/thumb/v7e-m/crtbegin.o
 *(.bss*)
 .bss.gpio_event
                0x2000001c        0x4 ./ARM_Driver/ARM_GPIO.o
 .bss.ready_sent_flag
                0x20000020        0x1 ./Mock/Mock.o
 .bss.receive_flag
                0x20000021        0x1 ./Mock/Mock.o
 *fill*         0x20000022        0x2 
 .bss.count_time
                0x20000024        0x4 ./Mock/Mock.o
 .bss.button_time
                0x20000028        0x4 ./Mock/Mock.o
 .bss.button_status
                0x2000002c        0x1 ./Mock/Mock.o
 .bss.button_type
                0x2000002d        0x1 ./Mock/Mock.o
 .bss.button_count
                0x2000002e        0x1 ./Mock/Mock.o
 *fill*         0x2000002f        0x1 
 .bss.adcResult
                0x20000030        0x4 ./Mock/Mock.o
 .bss.idx       0x20000034        0x1 ./Mock/Mock.o
 *(COMMON)
 *fill*         0x20000035        0x3 
 COMMON         0x20000038        0xc ./Mock/Mock.o
                0x20000038                data_button_frame
                0x2000003c                data_potentiometer_frame
                0x20000040                receive_frame
                0x20000044                . = ALIGN (0x4)
                0x20000044                __bss_end__ = .
                0x20000044                __BSS_END = .

.heap           0x20000044      0x404
                0x20000048                . = ALIGN (0x8)
 *fill*         0x20000044        0x4 
                0x20000048                __end__ = .
                0x20000048                __heap_start__ = .
                [!provide]                PROVIDE (end, .)
                [!provide]                PROVIDE (_end, .)
                [!provide]                PROVIDE (__end, .)
                0x20000048                __HeapBase = .
                0x20000448                . = (. + HEAP_SIZE)
 *fill*         0x20000048      0x400 
                0x20000448                __HeapLimit = .
                0x20000448                __heap_limit = .
                0x20000448                __heap_end__ = .
                0x20007000                __StackTop = (ORIGIN (m_data_2) + LENGTH (m_data_2))
                0x20006c00                __StackLimit = (__StackTop - STACK_SIZE)
                0x20007000                PROVIDE (__stack, __StackTop)
                0x20007000                __RAM_END = __StackTop

.stack          0x20006c00      0x400
                0x20006c00                . = ALIGN (0x8)
                0x20006c00                __stack_start__ = .
                0x20007000                . = (. + STACK_SIZE)
 *fill*         0x20006c00      0x400 
                0x20007000                __stack_end__ = .
                0x20000000                __START_BSS = __BSS_START
                0x20000044                __END_BSS = __BSS_END
                0x20007000                __SP_INIT = __StackTop

.ARM.attributes
                0x00000000       0x2a
 *(.ARM.attributes)
 .ARM.attributes
                0x00000000       0x1e c:/nxp/s32ds.3.4/s32ds/build_tools/gcc_v6.3/gcc-6.3-arm32-eabi/bin/../lib/gcc/arm-none-eabi/6.3.1/thumb/v7e-m/crti.o
 .ARM.attributes
                0x0000001e       0x2e c:/nxp/s32ds.3.4/s32ds/build_tools/gcc_v6.3/gcc-6.3-arm32-eabi/bin/../lib/gcc/arm-none-eabi/6.3.1/thumb/v7e-m/crtbegin.o
 .ARM.attributes
                0x0000004c       0x1c C:/nxp/S32DS.3.4/S32DS/build_tools/gcc_v6.3/gcc-6.3-arm32-eabi/arm-none-eabi/newlib/lib/thumb/v7e-m/crt0.o
 .ARM.attributes
                0x00000068       0x33 ./ARM_Driver/ARM_ADC.o
 .ARM.attributes
                0x0000009b       0x33 ./ARM_Driver/ARM_GPIO.o
 .ARM.attributes
                0x000000ce       0x33 ./ARM_Driver/ARM_LPUART.o
 .ARM.attributes
                0x00000101       0x33 ./CORE_Driver/ARM_NVIC.o
 .ARM.attributes
                0x00000134       0x33 ./CORE_Driver/ARM_SYSTICK.o
 .ARM.attributes
                0x00000167       0x33 ./Mock/Mock.o
 .ARM.attributes
                0x0000019a       0x33 ./Project_Settings/Startup_Code/startup.o
 .ARM.attributes
                0x000001cd       0x1b ./Project_Settings/Startup_Code/startup_S32K144.o
 .ARM.attributes
                0x000001e8       0x33 ./Project_Settings/Startup_Code/system_S32K144.o
 .ARM.attributes
                0x0000021b       0x2e C:/nxp/S32DS.3.4/S32DS/build_tools/gcc_v6.3/gcc-6.3-arm32-eabi/arm-none-eabi/newlib/lib/thumb/v7e-m\libc.a(lib_a-exit.o)
 .ARM.attributes
                0x00000249       0x2e C:/nxp/S32DS.3.4/S32DS/build_tools/gcc_v6.3/gcc-6.3-arm32-eabi/arm-none-eabi/newlib/lib/thumb/v7e-m\libc.a(lib_a-impure.o)
 .ARM.attributes
                0x00000277       0x2e C:/nxp/S32DS.3.4/S32DS/build_tools/gcc_v6.3/gcc-6.3-arm32-eabi/arm-none-eabi/newlib/lib/thumb/v7e-m\libc.a(lib_a-init.o)
 .ARM.attributes
                0x000002a5       0x2e C:/nxp/S32DS.3.4/S32DS/build_tools/gcc_v6.3/gcc-6.3-arm32-eabi/arm-none-eabi/newlib/lib/thumb/v7e-m\libc.a(lib_a-memset.o)
 .ARM.attributes
                0x000002d3       0x2e C:/nxp/S32DS.3.4/S32DS/build_tools/gcc_v6.3/gcc-6.3-arm32-eabi/arm-none-eabi/newlib/lib/thumb/v7e-m\libc.a(lib_a-__call_atexit.o)
 .ARM.attributes
                0x00000301       0x2e C:/nxp/S32DS.3.4/S32DS/build_tools/gcc_v6.3/gcc-6.3-arm32-eabi/arm-none-eabi/newlib/lib/thumb/v7e-m\libc.a(lib_a-fini.o)
 .ARM.attributes
                0x0000032f       0x2e C:/nxp/S32DS.3.4/S32DS/build_tools/gcc_v6.3/gcc-6.3-arm32-eabi/arm-none-eabi/newlib/lib/thumb/v7e-m\libc.a(lib_a-atexit.o)
 .ARM.attributes
                0x0000035d       0x2e C:/nxp/S32DS.3.4/S32DS/build_tools/gcc_v6.3/gcc-6.3-arm32-eabi/arm-none-eabi/newlib/lib/thumb/v7e-m\libc.a(lib_a-__atexit.o)
 .ARM.attributes
                0x0000038b       0x2e C:/nxp/S32DS.3.4/S32DS/build_tools/gcc_v6.3/gcc-6.3-arm32-eabi/arm-none-eabi/newlib/lib/thumb/v7e-m\libnosys.a(_exit.o)
 .ARM.attributes
                0x000003b9       0x2e c:/nxp/s32ds.3.4/s32ds/build_tools/gcc_v6.3/gcc-6.3-arm32-eabi/bin/../lib/gcc/arm-none-eabi/6.3.1/thumb/v7e-m/crtend.o
 .ARM.attributes
                0x000003e7       0x1e c:/nxp/s32ds.3.4/s32ds/build_tools/gcc_v6.3/gcc-6.3-arm32-eabi/bin/../lib/gcc/arm-none-eabi/6.3.1/thumb/v7e-m/crtn.o
                0x00000001                ASSERT ((__StackLimit >= __HeapLimit), region m_data_2 overflowed with stack and heap)
OUTPUT(My_Project.elf elf32-littlearm)

.comment        0x00000000       0xa0
 .comment       0x00000000       0xa0 c:/nxp/s32ds.3.4/s32ds/build_tools/gcc_v6.3/gcc-6.3-arm32-eabi/bin/../lib/gcc/arm-none-eabi/6.3.1/thumb/v7e-m/crtbegin.o
                                 0xa1 (size before relaxing)
 .comment       0x000000a0       0xa1 ./ARM_Driver/ARM_ADC.o
 .comment       0x000000a0       0xa1 ./ARM_Driver/ARM_GPIO.o
 .comment       0x000000a0       0xa1 ./ARM_Driver/ARM_LPUART.o
 .comment       0x000000a0       0xa1 ./CORE_Driver/ARM_NVIC.o
 .comment       0x000000a0       0xa1 ./CORE_Driver/ARM_SYSTICK.o
 .comment       0x000000a0       0xa1 ./Mock/Mock.o
 .comment       0x000000a0       0xa1 ./Project_Settings/Startup_Code/startup.o
 .comment       0x000000a0       0xa1 ./Project_Settings/Startup_Code/system_S32K144.o
 .comment       0x000000a0       0xa1 c:/nxp/s32ds.3.4/s32ds/build_tools/gcc_v6.3/gcc-6.3-arm32-eabi/bin/../lib/gcc/arm-none-eabi/6.3.1/thumb/v7e-m/crtend.o

.debug_info     0x00000000     0x4e04
 .debug_info    0x00000000     0x1028 ./ARM_Driver/ARM_ADC.o
 .debug_info    0x00001028      0x965 ./ARM_Driver/ARM_GPIO.o
 .debug_info    0x0000198d     0x10f0 ./ARM_Driver/ARM_LPUART.o
 .debug_info    0x00002a7d      0x48f ./CORE_Driver/ARM_NVIC.o
 .debug_info    0x00002f0c      0x105 ./CORE_Driver/ARM_SYSTICK.o
 .debug_info    0x00003011     0x143a ./Mock/Mock.o
 .debug_info    0x0000444b      0x471 ./Project_Settings/Startup_Code/startup.o
 .debug_info    0x000048bc       0x26 ./Project_Settings/Startup_Code/startup_S32K144.o
 .debug_info    0x000048e2      0x522 ./Project_Settings/Startup_Code/system_S32K144.o

.debug_abbrev   0x00000000      0xce0
 .debug_abbrev  0x00000000      0x222 ./ARM_Driver/ARM_ADC.o
 .debug_abbrev  0x00000222      0x1e2 ./ARM_Driver/ARM_GPIO.o
 .debug_abbrev  0x00000404      0x24d ./ARM_Driver/ARM_LPUART.o
 .debug_abbrev  0x00000651      0x105 ./CORE_Driver/ARM_NVIC.o
 .debug_abbrev  0x00000756       0xa9 ./CORE_Driver/ARM_SYSTICK.o
 .debug_abbrev  0x000007ff      0x2a0 ./Mock/Mock.o
 .debug_abbrev  0x00000a9f      0x108 ./Project_Settings/Startup_Code/startup.o
 .debug_abbrev  0x00000ba7       0x14 ./Project_Settings/Startup_Code/startup_S32K144.o
 .debug_abbrev  0x00000bbb      0x125 ./Project_Settings/Startup_Code/system_S32K144.o

.debug_aranges  0x00000000      0x250
 .debug_aranges
                0x00000000       0x48 ./ARM_Driver/ARM_ADC.o
 .debug_aranges
                0x00000048       0x70 ./ARM_Driver/ARM_GPIO.o
 .debug_aranges
                0x000000b8       0x80 ./ARM_Driver/ARM_LPUART.o
 .debug_aranges
                0x00000138       0x28 ./CORE_Driver/ARM_NVIC.o
 .debug_aranges
                0x00000160       0x20 ./CORE_Driver/ARM_SYSTICK.o
 .debug_aranges
                0x00000180       0x60 ./Mock/Mock.o
 .debug_aranges
                0x000001e0       0x20 ./Project_Settings/Startup_Code/startup.o
 .debug_aranges
                0x00000200       0x20 ./Project_Settings/Startup_Code/startup_S32K144.o
 .debug_aranges
                0x00000220       0x30 ./Project_Settings/Startup_Code/system_S32K144.o

.debug_ranges   0x00000000      0x1b0
 .debug_ranges  0x00000000       0x38 ./ARM_Driver/ARM_ADC.o
 .debug_ranges  0x00000038       0x60 ./ARM_Driver/ARM_GPIO.o
 .debug_ranges  0x00000098       0x70 ./ARM_Driver/ARM_LPUART.o
 .debug_ranges  0x00000108       0x18 ./CORE_Driver/ARM_NVIC.o
 .debug_ranges  0x00000120       0x10 ./CORE_Driver/ARM_SYSTICK.o
 .debug_ranges  0x00000130       0x50 ./Mock/Mock.o
 .debug_ranges  0x00000180       0x10 ./Project_Settings/Startup_Code/startup.o
 .debug_ranges  0x00000190       0x20 ./Project_Settings/Startup_Code/system_S32K144.o

.debug_macro    0x00000000    0x2138e
 .debug_macro   0x00000000      0x206 ./ARM_Driver/ARM_ADC.o
 .debug_macro   0x00000206      0x8d4 ./ARM_Driver/ARM_ADC.o
 .debug_macro   0x00000ada       0x22 ./ARM_Driver/ARM_ADC.o
 .debug_macro   0x00000afc       0x4c ./ARM_Driver/ARM_ADC.o
 .debug_macro   0x00000b48       0x8d ./ARM_Driver/ARM_ADC.o
 .debug_macro   0x00000bd5       0x3c ./ARM_Driver/ARM_ADC.o
 .debug_macro   0x00000c11       0x9c ./ARM_Driver/ARM_ADC.o
 .debug_macro   0x00000cad       0x16 ./ARM_Driver/ARM_ADC.o
 .debug_macro   0x00000cc3       0x57 ./ARM_Driver/ARM_ADC.o
 .debug_macro   0x00000d1a       0x97 ./ARM_Driver/ARM_ADC.o
 .debug_macro   0x00000db1      0x30d ./ARM_Driver/ARM_ADC.o
 .debug_macro   0x000010be       0xfd ./ARM_Driver/ARM_ADC.o
 .debug_macro   0x000011bb       0x10 ./ARM_Driver/ARM_ADC.o
 .debug_macro   0x000011cb       0x52 ./ARM_Driver/ARM_ADC.o
 .debug_macro   0x0000121d       0x1f ./ARM_Driver/ARM_ADC.o
 .debug_macro   0x0000123c       0x43 ./ARM_Driver/ARM_ADC.o
 .debug_macro   0x0000127f       0x20 ./ARM_Driver/ARM_ADC.o
 .debug_macro   0x0000129f      0x1a3 ./ARM_Driver/ARM_ADC.o
 .debug_macro   0x00001442       0x10 ./ARM_Driver/ARM_ADC.o
 .debug_macro   0x00001452       0x6a ./ARM_Driver/ARM_ADC.o
 .debug_macro   0x000014bc       0x1c ./ARM_Driver/ARM_ADC.o
 .debug_macro   0x000014d8       0x52 ./ARM_Driver/ARM_ADC.o
 .debug_macro   0x0000152a       0x40 ./ARM_Driver/ARM_ADC.o
 .debug_macro   0x0000156a       0x10 ./ARM_Driver/ARM_ADC.o
 .debug_macro   0x0000157a       0x40 ./ARM_Driver/ARM_ADC.o
 .debug_macro   0x000015ba       0xd7 ./ARM_Driver/ARM_ADC.o
 .debug_macro   0x00001691       0x16 ./ARM_Driver/ARM_ADC.o
 .debug_macro   0x000016a7      0x161 ./ARM_Driver/ARM_ADC.o
 .debug_macro   0x00001808       0xef ./ARM_Driver/ARM_ADC.o
 .debug_macro   0x000018f7      0x1df ./ARM_Driver/ARM_ADC.o
 .debug_macro   0x00001ad6       0x10 ./ARM_Driver/ARM_ADC.o
 .debug_macro   0x00001ae6       0x7a ./ARM_Driver/ARM_ADC.o
 .debug_macro   0x00001b60     0xee97 ./ARM_Driver/ARM_ADC.o
 .debug_macro   0x000109f7      0xbbe ./ARM_Driver/ARM_ADC.o
 .debug_macro   0x000115b5       0x22 ./ARM_Driver/ARM_ADC.o
 .debug_macro   0x000115d7       0x16 ./ARM_Driver/ARM_ADC.o
 .debug_macro   0x000115ed       0x10 ./ARM_Driver/ARM_ADC.o
 .debug_macro   0x000115fd       0xc4 ./ARM_Driver/ARM_GPIO.o
 .debug_macro   0x000116c1       0x87 ./ARM_Driver/ARM_GPIO.o
 .debug_macro   0x00011748       0x51 ./ARM_Driver/ARM_GPIO.o
 .debug_macro   0x00011799       0x10 ./ARM_Driver/ARM_GPIO.o
 .debug_macro   0x000117a9       0x40 ./ARM_Driver/ARM_GPIO.o
 .debug_macro   0x000117e9      0x206 ./ARM_Driver/ARM_LPUART.o
 .debug_macro   0x000119ef       0x52 ./ARM_Driver/ARM_LPUART.o
 .debug_macro   0x00011a41       0x1c ./ARM_Driver/ARM_LPUART.o
 .debug_macro   0x00011a5d       0xbb ./CORE_Driver/ARM_NVIC.o
 .debug_macro   0x00011b18       0x19 ./CORE_Driver/ARM_NVIC.o
 .debug_macro   0x00011b31     0xee82 ./CORE_Driver/ARM_NVIC.o
 .debug_macro   0x000209b3       0xb0 ./CORE_Driver/ARM_SYSTICK.o
 .debug_macro   0x00020a63      0x249 ./Mock/Mock.o
 .debug_macro   0x00020cac       0x22 ./Mock/Mock.o
 .debug_macro   0x00020cce       0x46 ./Mock/Mock.o
 .debug_macro   0x00020d14      0x450 ./Mock/Mock.o
 .debug_macro   0x00021164       0x58 ./Mock/Mock.o
 .debug_macro   0x000211bc       0xb5 ./Project_Settings/Startup_Code/startup.o
 .debug_macro   0x00021271       0x40 ./Project_Settings/Startup_Code/startup.o
 .debug_macro   0x000212b1       0xb5 ./Project_Settings/Startup_Code/system_S32K144.o
 .debug_macro   0x00021366       0x28 ./Project_Settings/Startup_Code/system_S32K144.o

.debug_line     0x00000000     0x217a
 .debug_line    0x00000000      0x4d1 ./ARM_Driver/ARM_ADC.o
 .debug_line    0x000004d1      0x450 ./ARM_Driver/ARM_GPIO.o
 .debug_line    0x00000921      0x5c7 ./ARM_Driver/ARM_LPUART.o
 .debug_line    0x00000ee8      0x2dc ./CORE_Driver/ARM_NVIC.o
 .debug_line    0x000011c4      0x2d7 ./CORE_Driver/ARM_SYSTICK.o
 .debug_line    0x0000149b      0x601 ./Mock/Mock.o
 .debug_line    0x00001a9c      0x318 ./Project_Settings/Startup_Code/startup.o
 .debug_line    0x00001db4       0x91 ./Project_Settings/Startup_Code/startup_S32K144.o
 .debug_line    0x00001e45      0x335 ./Project_Settings/Startup_Code/system_S32K144.o

.debug_str      0x00000000    0x6fa81
 .debug_str     0x00000000    0x6ddc5 ./ARM_Driver/ARM_ADC.o
                              0x6e04a (size before relaxing)
 .debug_str     0x0006ddc5      0x479 ./ARM_Driver/ARM_GPIO.o
                              0x69d67 (size before relaxing)
 .debug_str     0x0006e23e      0x3e1 ./ARM_Driver/ARM_LPUART.o
                              0x6e135 (size before relaxing)
 .debug_str     0x0006e61f       0xa5 ./CORE_Driver/ARM_NVIC.o
                              0x6993e (size before relaxing)
 .debug_str     0x0006e6c4       0x56 ./CORE_Driver/ARM_SYSTICK.o
                              0x692ca (size before relaxing)
 .debug_str     0x0006e71a      0xe7e ./Mock/Mock.o
                              0x6edbf (size before relaxing)
 .debug_str     0x0006f598      0x3e9 ./Project_Settings/Startup_Code/startup.o
                              0x6974b (size before relaxing)
 .debug_str     0x0006f981       0x3f ./Project_Settings/Startup_Code/startup_S32K144.o
                                 0x78 (size before relaxing)
 .debug_str     0x0006f9c0       0xc1 ./Project_Settings/Startup_Code/system_S32K144.o
                              0x69524 (size before relaxing)

.debug_frame    0x00000000      0x8a0
 .debug_frame   0x00000000       0xf8 ./ARM_Driver/ARM_ADC.o
 .debug_frame   0x000000f8      0x1a8 ./ARM_Driver/ARM_GPIO.o
 .debug_frame   0x000002a0      0x200 ./ARM_Driver/ARM_LPUART.o
 .debug_frame   0x000004a0       0x60 ./CORE_Driver/ARM_NVIC.o
 .debug_frame   0x00000500       0x38 ./CORE_Driver/ARM_SYSTICK.o
 .debug_frame   0x00000538      0x148 ./Mock/Mock.o
 .debug_frame   0x00000680       0x38 ./Project_Settings/Startup_Code/startup.o
 .debug_frame   0x000006b8       0x80 ./Project_Settings/Startup_Code/system_S32K144.o
 .debug_frame   0x00000738       0x28 C:/nxp/S32DS.3.4/S32DS/build_tools/gcc_v6.3/gcc-6.3-arm32-eabi/arm-none-eabi/newlib/lib/thumb/v7e-m\libc.a(lib_a-exit.o)
 .debug_frame   0x00000760       0x2c C:/nxp/S32DS.3.4/S32DS/build_tools/gcc_v6.3/gcc-6.3-arm32-eabi/arm-none-eabi/newlib/lib/thumb/v7e-m\libc.a(lib_a-init.o)
 .debug_frame   0x0000078c       0x20 C:/nxp/S32DS.3.4/S32DS/build_tools/gcc_v6.3/gcc-6.3-arm32-eabi/arm-none-eabi/newlib/lib/thumb/v7e-m\libc.a(lib_a-memset.o)
 .debug_frame   0x000007ac       0x4c C:/nxp/S32DS.3.4/S32DS/build_tools/gcc_v6.3/gcc-6.3-arm32-eabi/arm-none-eabi/newlib/lib/thumb/v7e-m\libc.a(lib_a-__call_atexit.o)
 .debug_frame   0x000007f8       0x38 C:/nxp/S32DS.3.4/S32DS/build_tools/gcc_v6.3/gcc-6.3-arm32-eabi/arm-none-eabi/newlib/lib/thumb/v7e-m\libc.a(lib_a-fini.o)
 .debug_frame   0x00000830       0x20 C:/nxp/S32DS.3.4/S32DS/build_tools/gcc_v6.3/gcc-6.3-arm32-eabi/arm-none-eabi/newlib/lib/thumb/v7e-m\libc.a(lib_a-atexit.o)
 .debug_frame   0x00000850       0x30 C:/nxp/S32DS.3.4/S32DS/build_tools/gcc_v6.3/gcc-6.3-arm32-eabi/arm-none-eabi/newlib/lib/thumb/v7e-m\libc.a(lib_a-__atexit.o)
 .debug_frame   0x00000880       0x20 C:/nxp/S32DS.3.4/S32DS/build_tools/gcc_v6.3/gcc-6.3-arm32-eabi/arm-none-eabi/newlib/lib/thumb/v7e-m\libnosys.a(_exit.o)
