Archive member included to satisfy reference by file (symbol)

C:/nxp/S32DS.3.4/S32DS/build_tools/gcc_v6.3/gcc-6.3-arm32-eabi/arm-none-eabi/newlib/lib/thumb/v7e-m\libc.a(lib_a-exit.o)
                              C:/nxp/S32DS.3.4/S32DS/build_tools/gcc_v6.3/gcc-6.3-arm32-eabi/arm-none-eabi/newlib/lib/thumb/v7e-m/crt0.o (exit)
C:/nxp/S32DS.3.4/S32DS/build_tools/gcc_v6.3/gcc-6.3-arm32-eabi/arm-none-eabi/newlib/lib/thumb/v7e-m\libc.a(lib_a-impure.o)
                              C:/nxp/S32DS.3.4/S32DS/build_tools/gcc_v6.3/gcc-6.3-arm32-eabi/arm-none-eabi/newlib/lib/thumb/v7e-m\libc.a(lib_a-exit.o) (_global_impure_ptr)
C:/nxp/S32DS.3.4/S32DS/build_tools/gcc_v6.3/gcc-6.3-arm32-eabi/arm-none-eabi/newlib/lib/thumb/v7e-m\libc.a(lib_a-init.o)
                              C:/nxp/S32DS.3.4/S32DS/build_tools/gcc_v6.3/gcc-6.3-arm32-eabi/arm-none-eabi/newlib/lib/thumb/v7e-m/crt0.o (__libc_init_array)
C:/nxp/S32DS.3.4/S32DS/build_tools/gcc_v6.3/gcc-6.3-arm32-eabi/arm-none-eabi/newlib/lib/thumb/v7e-m\libc.a(lib_a-memset.o)
                              C:/nxp/S32DS.3.4/S32DS/build_tools/gcc_v6.3/gcc-6.3-arm32-eabi/arm-none-eabi/newlib/lib/thumb/v7e-m/crt0.o (memset)
C:/nxp/S32DS.3.4/S32DS/build_tools/gcc_v6.3/gcc-6.3-arm32-eabi/arm-none-eabi/newlib/lib/thumb/v7e-m\libc.a(lib_a-__call_atexit.o)
                              C:/nxp/S32DS.3.4/S32DS/build_tools/gcc_v6.3/gcc-6.3-arm32-eabi/arm-none-eabi/newlib/lib/thumb/v7e-m\libc.a(lib_a-exit.o) (__call_exitprocs)
C:/nxp/S32DS.3.4/S32DS/build_tools/gcc_v6.3/gcc-6.3-arm32-eabi/arm-none-eabi/newlib/lib/thumb/v7e-m\libc.a(lib_a-fini.o)
                              C:/nxp/S32DS.3.4/S32DS/build_tools/gcc_v6.3/gcc-6.3-arm32-eabi/arm-none-eabi/newlib/lib/thumb/v7e-m\libc.a(lib_a-__call_atexit.o) (__libc_fini_array)
C:/nxp/S32DS.3.4/S32DS/build_tools/gcc_v6.3/gcc-6.3-arm32-eabi/arm-none-eabi/newlib/lib/thumb/v7e-m\libc.a(lib_a-atexit.o)
                              C:/nxp/S32DS.3.4/S32DS/build_tools/gcc_v6.3/gcc-6.3-arm32-eabi/arm-none-eabi/newlib/lib/thumb/v7e-m\libc.a(lib_a-__call_atexit.o) (atexit)
C:/nxp/S32DS.3.4/S32DS/build_tools/gcc_v6.3/gcc-6.3-arm32-eabi/arm-none-eabi/newlib/lib/thumb/v7e-m\libc.a(lib_a-__atexit.o)
                              C:/nxp/S32DS.3.4/S32DS/build_tools/gcc_v6.3/gcc-6.3-arm32-eabi/arm-none-eabi/newlib/lib/thumb/v7e-m\libc.a(lib_a-atexit.o) (__register_exitproc)
C:/nxp/S32DS.3.4/S32DS/build_tools/gcc_v6.3/gcc-6.3-arm32-eabi/arm-none-eabi/newlib/lib/thumb/v7e-m\libnosys.a(_exit.o)
                              C:/nxp/S32DS.3.4/S32DS/build_tools/gcc_v6.3/gcc-6.3-arm32-eabi/arm-none-eabi/newlib/lib/thumb/v7e-m\libc.a(lib_a-exit.o) (_exit)

Allocating common symbols
Common symbol       size              file

current_status      0x1               ./Mock/Mock.o
data_temp_frame     0x4               ./Mock/Mock.o
adcResult           0x4               ./Mock/Mock.o
idx                 0x1               ./Mock/Mock.o
data_transmit_frame
                    0x4               ./Mock/Mock.o
button_type         0x1               ./Mock/Mock.o
data_receive_frame  0x4               ./Mock/Mock.o
previous_status     0x1               ./Mock/Mock.o

Discarded input sections

 .text          0x00000000        0x0 c:/nxp/s32ds.3.4/s32ds/build_tools/gcc_v6.3/gcc-6.3-arm32-eabi/bin/../lib/gcc/arm-none-eabi/6.3.1/thumb/v7e-m/crti.o
 .data          0x00000000        0x0 c:/nxp/s32ds.3.4/s32ds/build_tools/gcc_v6.3/gcc-6.3-arm32-eabi/bin/../lib/gcc/arm-none-eabi/6.3.1/thumb/v7e-m/crti.o
 .bss           0x00000000        0x0 c:/nxp/s32ds.3.4/s32ds/build_tools/gcc_v6.3/gcc-6.3-arm32-eabi/bin/../lib/gcc/arm-none-eabi/6.3.1/thumb/v7e-m/crti.o
 .data          0x00000000        0x4 c:/nxp/s32ds.3.4/s32ds/build_tools/gcc_v6.3/gcc-6.3-arm32-eabi/bin/../lib/gcc/arm-none-eabi/6.3.1/thumb/v7e-m/crtbegin.o
 .data          0x00000000        0x0 C:/nxp/S32DS.3.4/S32DS/build_tools/gcc_v6.3/gcc-6.3-arm32-eabi/arm-none-eabi/newlib/lib/thumb/v7e-m/crt0.o
 .bss           0x00000000        0x0 C:/nxp/S32DS.3.4/S32DS/build_tools/gcc_v6.3/gcc-6.3-arm32-eabi/arm-none-eabi/newlib/lib/thumb/v7e-m/crt0.o
 .ARM.extab     0x00000000        0x0 C:/nxp/S32DS.3.4/S32DS/build_tools/gcc_v6.3/gcc-6.3-arm32-eabi/arm-none-eabi/newlib/lib/thumb/v7e-m/crt0.o
 .group         0x00000000        0x8 ./ARM_Driver/ARM_ADC.o
 .group         0x00000000        0x8 ./ARM_Driver/ARM_ADC.o
 .group         0x00000000        0x8 ./ARM_Driver/ARM_ADC.o
 .group         0x00000000        0x8 ./ARM_Driver/ARM_ADC.o
 .group         0x00000000        0x8 ./ARM_Driver/ARM_ADC.o
 .group         0x00000000        0x8 ./ARM_Driver/ARM_ADC.o
 .group         0x00000000        0x8 ./ARM_Driver/ARM_ADC.o
 .group         0x00000000        0x8 ./ARM_Driver/ARM_ADC.o
 .group         0x00000000        0x8 ./ARM_Driver/ARM_ADC.o
 .group         0x00000000        0x8 ./ARM_Driver/ARM_ADC.o
 .group         0x00000000        0x8 ./ARM_Driver/ARM_ADC.o
 .group         0x00000000        0x8 ./ARM_Driver/ARM_ADC.o
 .group         0x00000000        0x8 ./ARM_Driver/ARM_ADC.o
 .group         0x00000000        0x8 ./ARM_Driver/ARM_ADC.o
 .group         0x00000000        0x8 ./ARM_Driver/ARM_ADC.o
 .group         0x00000000        0x8 ./ARM_Driver/ARM_ADC.o
 .group         0x00000000        0x8 ./ARM_Driver/ARM_ADC.o
 .group         0x00000000        0x8 ./ARM_Driver/ARM_ADC.o
 .group         0x00000000        0x8 ./ARM_Driver/ARM_ADC.o
 .group         0x00000000        0x8 ./ARM_Driver/ARM_ADC.o
 .group         0x00000000        0x8 ./ARM_Driver/ARM_ADC.o
 .group         0x00000000        0x8 ./ARM_Driver/ARM_ADC.o
 .group         0x00000000        0x8 ./ARM_Driver/ARM_ADC.o
 .group         0x00000000        0x8 ./ARM_Driver/ARM_ADC.o
 .group         0x00000000        0x8 ./ARM_Driver/ARM_ADC.o
 .group         0x00000000        0x8 ./ARM_Driver/ARM_ADC.o
 .group         0x00000000        0x8 ./ARM_Driver/ARM_ADC.o
 .group         0x00000000        0x8 ./ARM_Driver/ARM_ADC.o
 .group         0x00000000        0x8 ./ARM_Driver/ARM_ADC.o
 .group         0x00000000        0x8 ./ARM_Driver/ARM_ADC.o
 .group         0x00000000        0x8 ./ARM_Driver/ARM_ADC.o
 .group         0x00000000        0x8 ./ARM_Driver/ARM_ADC.o
 .group         0x00000000        0x8 ./ARM_Driver/ARM_ADC.o
 .group         0x00000000        0x8 ./ARM_Driver/ARM_ADC.o
 .group         0x00000000        0x8 ./ARM_Driver/ARM_ADC.o
 .group         0x00000000        0x8 ./ARM_Driver/ARM_ADC.o
 .text          0x00000000        0x0 ./ARM_Driver/ARM_ADC.o
 .data          0x00000000        0x0 ./ARM_Driver/ARM_ADC.o
 .bss           0x00000000        0x0 ./ARM_Driver/ARM_ADC.o
 .text.ARM_ADC_DeInit
                0x00000000       0x96 ./ARM_Driver/ARM_ADC.o
 .text.ARM_ADC_GetConversionResult
                0x00000000       0x2e ./ARM_Driver/ARM_ADC.o
 .text.ARM_ADC_StartConversion
                0x00000000       0x32 ./ARM_Driver/ARM_ADC.o
 .group         0x00000000        0x8 ./ARM_Driver/ARM_CLOCK.o
 .group         0x00000000        0x8 ./ARM_Driver/ARM_CLOCK.o
 .group         0x00000000        0x8 ./ARM_Driver/ARM_CLOCK.o
 .group         0x00000000        0x8 ./ARM_Driver/ARM_CLOCK.o
 .group         0x00000000        0x8 ./ARM_Driver/ARM_CLOCK.o
 .group         0x00000000        0x8 ./ARM_Driver/ARM_CLOCK.o
 .group         0x00000000        0x8 ./ARM_Driver/ARM_CLOCK.o
 .group         0x00000000        0x8 ./ARM_Driver/ARM_CLOCK.o
 .group         0x00000000        0x8 ./ARM_Driver/ARM_CLOCK.o
 .group         0x00000000        0x8 ./ARM_Driver/ARM_CLOCK.o
 .group         0x00000000        0x8 ./ARM_Driver/ARM_CLOCK.o
 .group         0x00000000        0x8 ./ARM_Driver/ARM_CLOCK.o
 .group         0x00000000        0x8 ./ARM_Driver/ARM_CLOCK.o
 .group         0x00000000        0x8 ./ARM_Driver/ARM_CLOCK.o
 .group         0x00000000        0x8 ./ARM_Driver/ARM_CLOCK.o
 .group         0x00000000        0x8 ./ARM_Driver/ARM_CLOCK.o
 .group         0x00000000        0x8 ./ARM_Driver/ARM_CLOCK.o
 .group         0x00000000        0x8 ./ARM_Driver/ARM_CLOCK.o
 .group         0x00000000        0x8 ./ARM_Driver/ARM_CLOCK.o
 .group         0x00000000        0x8 ./ARM_Driver/ARM_CLOCK.o
 .group         0x00000000        0x8 ./ARM_Driver/ARM_CLOCK.o
 .group         0x00000000        0x8 ./ARM_Driver/ARM_CLOCK.o
 .group         0x00000000        0x8 ./ARM_Driver/ARM_CLOCK.o
 .group         0x00000000        0x8 ./ARM_Driver/ARM_CLOCK.o
 .group         0x00000000        0x8 ./ARM_Driver/ARM_CLOCK.o
 .group         0x00000000        0x8 ./ARM_Driver/ARM_CLOCK.o
 .group         0x00000000        0x8 ./ARM_Driver/ARM_CLOCK.o
 .group         0x00000000        0x8 ./ARM_Driver/ARM_CLOCK.o
 .group         0x00000000        0x8 ./ARM_Driver/ARM_CLOCK.o
 .group         0x00000000        0x8 ./ARM_Driver/ARM_CLOCK.o
 .group         0x00000000        0x8 ./ARM_Driver/ARM_CLOCK.o
 .group         0x00000000        0x8 ./ARM_Driver/ARM_CLOCK.o
 .group         0x00000000        0x8 ./ARM_Driver/ARM_CLOCK.o
 .group         0x00000000        0x8 ./ARM_Driver/ARM_CLOCK.o
 .text          0x00000000        0x0 ./ARM_Driver/ARM_CLOCK.o
 .data          0x00000000        0x0 ./ARM_Driver/ARM_CLOCK.o
 .bss           0x00000000        0x0 ./ARM_Driver/ARM_CLOCK.o
 .debug_macro   0x00000000      0x8d4 ./ARM_Driver/ARM_CLOCK.o
 .debug_macro   0x00000000       0x22 ./ARM_Driver/ARM_CLOCK.o
 .debug_macro   0x00000000       0xef ./ARM_Driver/ARM_CLOCK.o
 .debug_macro   0x00000000       0x6a ./ARM_Driver/ARM_CLOCK.o
 .debug_macro   0x00000000      0x1df ./ARM_Driver/ARM_CLOCK.o
 .debug_macro   0x00000000       0x3c ./ARM_Driver/ARM_CLOCK.o
 .debug_macro   0x00000000       0x9c ./ARM_Driver/ARM_CLOCK.o
 .debug_macro   0x00000000       0x16 ./ARM_Driver/ARM_CLOCK.o
 .debug_macro   0x00000000       0x97 ./ARM_Driver/ARM_CLOCK.o
 .debug_macro   0x00000000      0x30d ./ARM_Driver/ARM_CLOCK.o
 .debug_macro   0x00000000       0xfd ./ARM_Driver/ARM_CLOCK.o
 .debug_macro   0x00000000       0x10 ./ARM_Driver/ARM_CLOCK.o
 .debug_macro   0x00000000       0x52 ./ARM_Driver/ARM_CLOCK.o
 .debug_macro   0x00000000       0x1f ./ARM_Driver/ARM_CLOCK.o
 .debug_macro   0x00000000       0x43 ./ARM_Driver/ARM_CLOCK.o
 .debug_macro   0x00000000       0x20 ./ARM_Driver/ARM_CLOCK.o
 .debug_macro   0x00000000      0x1a3 ./ARM_Driver/ARM_CLOCK.o
 .debug_macro   0x00000000       0x10 ./ARM_Driver/ARM_CLOCK.o
 .debug_macro   0x00000000       0x1c ./ARM_Driver/ARM_CLOCK.o
 .debug_macro   0x00000000       0x52 ./ARM_Driver/ARM_CLOCK.o
 .debug_macro   0x00000000       0x40 ./ARM_Driver/ARM_CLOCK.o
 .debug_macro   0x00000000       0x10 ./ARM_Driver/ARM_CLOCK.o
 .debug_macro   0x00000000       0x40 ./ARM_Driver/ARM_CLOCK.o
 .debug_macro   0x00000000       0xd7 ./ARM_Driver/ARM_CLOCK.o
 .debug_macro   0x00000000       0x16 ./ARM_Driver/ARM_CLOCK.o
 .debug_macro   0x00000000      0x161 ./ARM_Driver/ARM_CLOCK.o
 .debug_macro   0x00000000       0x10 ./ARM_Driver/ARM_CLOCK.o
 .debug_macro   0x00000000       0x7a ./ARM_Driver/ARM_CLOCK.o
 .debug_macro   0x00000000     0xee97 ./ARM_Driver/ARM_CLOCK.o
 .debug_macro   0x00000000      0xbbe ./ARM_Driver/ARM_CLOCK.o
 .debug_macro   0x00000000       0x22 ./ARM_Driver/ARM_CLOCK.o
 .group         0x00000000        0x8 ./ARM_Driver/ARM_GPIO.o
 .group         0x00000000        0x8 ./ARM_Driver/ARM_GPIO.o
 .group         0x00000000        0x8 ./ARM_Driver/ARM_GPIO.o
 .group         0x00000000        0x8 ./ARM_Driver/ARM_GPIO.o
 .group         0x00000000        0x8 ./ARM_Driver/ARM_GPIO.o
 .group         0x00000000        0x8 ./ARM_Driver/ARM_GPIO.o
 .group         0x00000000        0x8 ./ARM_Driver/ARM_GPIO.o
 .group         0x00000000        0x8 ./ARM_Driver/ARM_GPIO.o
 .group         0x00000000        0x8 ./ARM_Driver/ARM_GPIO.o
 .group         0x00000000        0x8 ./ARM_Driver/ARM_GPIO.o
 .group         0x00000000        0x8 ./ARM_Driver/ARM_GPIO.o
 .group         0x00000000        0x8 ./ARM_Driver/ARM_GPIO.o
 .group         0x00000000        0x8 ./ARM_Driver/ARM_GPIO.o
 .group         0x00000000        0x8 ./ARM_Driver/ARM_GPIO.o
 .text          0x00000000        0x0 ./ARM_Driver/ARM_GPIO.o
 .data          0x00000000        0x0 ./ARM_Driver/ARM_GPIO.o
 .bss           0x00000000        0x0 ./ARM_Driver/ARM_GPIO.o
 .debug_macro   0x00000000      0x8d4 ./ARM_Driver/ARM_GPIO.o
 .debug_macro   0x00000000       0x22 ./ARM_Driver/ARM_GPIO.o
 .debug_macro   0x00000000       0x87 ./ARM_Driver/ARM_GPIO.o
 .debug_macro   0x00000000       0x51 ./ARM_Driver/ARM_GPIO.o
 .debug_macro   0x00000000       0xef ./ARM_Driver/ARM_GPIO.o
 .debug_macro   0x00000000       0x6a ./ARM_Driver/ARM_GPIO.o
 .debug_macro   0x00000000      0x1df ./ARM_Driver/ARM_GPIO.o
 .debug_macro   0x00000000       0x10 ./ARM_Driver/ARM_GPIO.o
 .debug_macro   0x00000000       0x7a ./ARM_Driver/ARM_GPIO.o
 .debug_macro   0x00000000     0xee97 ./ARM_Driver/ARM_GPIO.o
 .debug_macro   0x00000000      0xbbe ./ARM_Driver/ARM_GPIO.o
 .debug_macro   0x00000000       0x22 ./ARM_Driver/ARM_GPIO.o
 .group         0x00000000        0x8 ./ARM_Driver/ARM_LPIT.o
 .group         0x00000000        0x8 ./ARM_Driver/ARM_LPIT.o
 .group         0x00000000        0x8 ./ARM_Driver/ARM_LPIT.o
 .group         0x00000000        0x8 ./ARM_Driver/ARM_LPIT.o
 .group         0x00000000        0x8 ./ARM_Driver/ARM_LPIT.o
 .group         0x00000000        0x8 ./ARM_Driver/ARM_LPIT.o
 .group         0x00000000        0x8 ./ARM_Driver/ARM_LPIT.o
 .group         0x00000000        0x8 ./ARM_Driver/ARM_LPIT.o
 .group         0x00000000        0x8 ./ARM_Driver/ARM_LPIT.o
 .group         0x00000000        0x8 ./ARM_Driver/ARM_LPIT.o
 .group         0x00000000        0x8 ./ARM_Driver/ARM_LPIT.o
 .group         0x00000000        0x8 ./ARM_Driver/ARM_LPIT.o
 .group         0x00000000        0x8 ./ARM_Driver/ARM_LPIT.o
 .group         0x00000000        0x8 ./ARM_Driver/ARM_LPIT.o
 .text          0x00000000        0x0 ./ARM_Driver/ARM_LPIT.o
 .data          0x00000000        0x0 ./ARM_Driver/ARM_LPIT.o
 .bss           0x00000000        0x0 ./ARM_Driver/ARM_LPIT.o
 .text.LPIT_Deinit
                0x00000000        0xc ./ARM_Driver/ARM_LPIT.o
 .debug_macro   0x00000000      0x8d4 ./ARM_Driver/ARM_LPIT.o
 .debug_macro   0x00000000       0x10 ./ARM_Driver/ARM_LPIT.o
 .debug_macro   0x00000000       0x7a ./ARM_Driver/ARM_LPIT.o
 .debug_macro   0x00000000       0x22 ./ARM_Driver/ARM_LPIT.o
 .debug_macro   0x00000000       0x87 ./ARM_Driver/ARM_LPIT.o
 .debug_macro   0x00000000       0x51 ./ARM_Driver/ARM_LPIT.o
 .debug_macro   0x00000000       0xef ./ARM_Driver/ARM_LPIT.o
 .debug_macro   0x00000000       0x6a ./ARM_Driver/ARM_LPIT.o
 .debug_macro   0x00000000      0x1df ./ARM_Driver/ARM_LPIT.o
 .debug_macro   0x00000000      0xbbe ./ARM_Driver/ARM_LPIT.o
 .debug_macro   0x00000000       0x22 ./ARM_Driver/ARM_LPIT.o
 .group         0x00000000        0x8 ./ARM_Driver/ARM_LPUART.o
 .group         0x00000000        0x8 ./ARM_Driver/ARM_LPUART.o
 .group         0x00000000        0x8 ./ARM_Driver/ARM_LPUART.o
 .group         0x00000000        0x8 ./ARM_Driver/ARM_LPUART.o
 .group         0x00000000        0x8 ./ARM_Driver/ARM_LPUART.o
 .group         0x00000000        0x8 ./ARM_Driver/ARM_LPUART.o
 .group         0x00000000        0x8 ./ARM_Driver/ARM_LPUART.o
 .group         0x00000000        0x8 ./ARM_Driver/ARM_LPUART.o
 .group         0x00000000        0x8 ./ARM_Driver/ARM_LPUART.o
 .group         0x00000000        0x8 ./ARM_Driver/ARM_LPUART.o
 .group         0x00000000        0x8 ./ARM_Driver/ARM_LPUART.o
 .group         0x00000000        0x8 ./ARM_Driver/ARM_LPUART.o
 .group         0x00000000        0x8 ./ARM_Driver/ARM_LPUART.o
 .group         0x00000000        0x8 ./ARM_Driver/ARM_LPUART.o
 .group         0x00000000        0x8 ./ARM_Driver/ARM_LPUART.o
 .group         0x00000000        0x8 ./ARM_Driver/ARM_LPUART.o
 .group         0x00000000        0x8 ./ARM_Driver/ARM_LPUART.o
 .group         0x00000000        0x8 ./ARM_Driver/ARM_LPUART.o
 .group         0x00000000        0x8 ./ARM_Driver/ARM_LPUART.o
 .group         0x00000000        0x8 ./ARM_Driver/ARM_LPUART.o
 .group         0x00000000        0x8 ./ARM_Driver/ARM_LPUART.o
 .group         0x00000000        0x8 ./ARM_Driver/ARM_LPUART.o
 .group         0x00000000        0x8 ./ARM_Driver/ARM_LPUART.o
 .group         0x00000000        0x8 ./ARM_Driver/ARM_LPUART.o
 .group         0x00000000        0x8 ./ARM_Driver/ARM_LPUART.o
 .group         0x00000000        0x8 ./ARM_Driver/ARM_LPUART.o
 .group         0x00000000        0x8 ./ARM_Driver/ARM_LPUART.o
 .group         0x00000000        0x8 ./ARM_Driver/ARM_LPUART.o
 .group         0x00000000        0x8 ./ARM_Driver/ARM_LPUART.o
 .group         0x00000000        0x8 ./ARM_Driver/ARM_LPUART.o
 .group         0x00000000        0x8 ./ARM_Driver/ARM_LPUART.o
 .group         0x00000000        0x8 ./ARM_Driver/ARM_LPUART.o
 .group         0x00000000        0x8 ./ARM_Driver/ARM_LPUART.o
 .group         0x00000000        0x8 ./ARM_Driver/ARM_LPUART.o
 .group         0x00000000        0x8 ./ARM_Driver/ARM_LPUART.o
 .group         0x00000000        0x8 ./ARM_Driver/ARM_LPUART.o
 .group         0x00000000        0x8 ./ARM_Driver/ARM_LPUART.o
 .text          0x00000000        0x0 ./ARM_Driver/ARM_LPUART.o
 .data          0x00000000        0x0 ./ARM_Driver/ARM_LPUART.o
 .bss           0x00000000        0x0 ./ARM_Driver/ARM_LPUART.o
 .text.UART_Set_MSB_LSB
                0x00000000       0x16 ./ARM_Driver/ARM_LPUART.o
 .text.UART_Deinit
                0x00000000       0x14 ./ARM_Driver/ARM_LPUART.o
 .text.UART_ReceiveStringBlocking
                0x00000000       0x74 ./ARM_Driver/ARM_LPUART.o
 .text.UART_ReceiveCharBlocking
                0x00000000       0x3a ./ARM_Driver/ARM_LPUART.o
 .text.UART_SendCharBlocking
                0x00000000       0x36 ./ARM_Driver/ARM_LPUART.o
 .debug_macro   0x00000000      0x8d4 ./ARM_Driver/ARM_LPUART.o
 .debug_macro   0x00000000       0x22 ./ARM_Driver/ARM_LPUART.o
 .debug_macro   0x00000000       0x87 ./ARM_Driver/ARM_LPUART.o
 .debug_macro   0x00000000       0x51 ./ARM_Driver/ARM_LPUART.o
 .debug_macro   0x00000000       0xef ./ARM_Driver/ARM_LPUART.o
 .debug_macro   0x00000000       0x6a ./ARM_Driver/ARM_LPUART.o
 .debug_macro   0x00000000      0x1df ./ARM_Driver/ARM_LPUART.o
 .debug_macro   0x00000000       0x52 ./ARM_Driver/ARM_LPUART.o
 .debug_macro   0x00000000       0x3c ./ARM_Driver/ARM_LPUART.o
 .debug_macro   0x00000000       0x9c ./ARM_Driver/ARM_LPUART.o
 .debug_macro   0x00000000       0x16 ./ARM_Driver/ARM_LPUART.o
 .debug_macro   0x00000000       0x97 ./ARM_Driver/ARM_LPUART.o
 .debug_macro   0x00000000      0x30d ./ARM_Driver/ARM_LPUART.o
 .debug_macro   0x00000000       0xfd ./ARM_Driver/ARM_LPUART.o
 .debug_macro   0x00000000       0x10 ./ARM_Driver/ARM_LPUART.o
 .debug_macro   0x00000000       0x52 ./ARM_Driver/ARM_LPUART.o
 .debug_macro   0x00000000       0x1f ./ARM_Driver/ARM_LPUART.o
 .debug_macro   0x00000000       0x43 ./ARM_Driver/ARM_LPUART.o
 .debug_macro   0x00000000       0x20 ./ARM_Driver/ARM_LPUART.o
 .debug_macro   0x00000000      0x1a3 ./ARM_Driver/ARM_LPUART.o
 .debug_macro   0x00000000       0x10 ./ARM_Driver/ARM_LPUART.o
 .debug_macro   0x00000000       0x1c ./ARM_Driver/ARM_LPUART.o
 .debug_macro   0x00000000       0x52 ./ARM_Driver/ARM_LPUART.o
 .debug_macro   0x00000000       0x40 ./ARM_Driver/ARM_LPUART.o
 .debug_macro   0x00000000       0x10 ./ARM_Driver/ARM_LPUART.o
 .debug_macro   0x00000000       0x40 ./ARM_Driver/ARM_LPUART.o
 .debug_macro   0x00000000       0xd7 ./ARM_Driver/ARM_LPUART.o
 .debug_macro   0x00000000       0x16 ./ARM_Driver/ARM_LPUART.o
 .debug_macro   0x00000000      0x161 ./ARM_Driver/ARM_LPUART.o
 .debug_macro   0x00000000       0x10 ./ARM_Driver/ARM_LPUART.o
 .debug_macro   0x00000000       0x7a ./ARM_Driver/ARM_LPUART.o
 .debug_macro   0x00000000     0xee97 ./ARM_Driver/ARM_LPUART.o
 .debug_macro   0x00000000      0xbbe ./ARM_Driver/ARM_LPUART.o
 .debug_macro   0x00000000       0x22 ./ARM_Driver/ARM_LPUART.o
 .debug_macro   0x00000000       0x16 ./ARM_Driver/ARM_LPUART.o
 .group         0x00000000        0x8 ./CORE_Driver/ARM_NVIC.o
 .group         0x00000000        0x8 ./CORE_Driver/ARM_NVIC.o
 .group         0x00000000        0x8 ./CORE_Driver/ARM_NVIC.o
 .group         0x00000000        0x8 ./CORE_Driver/ARM_NVIC.o
 .group         0x00000000        0x8 ./CORE_Driver/ARM_NVIC.o
 .group         0x00000000        0x8 ./CORE_Driver/ARM_NVIC.o
 .group         0x00000000        0x8 ./CORE_Driver/ARM_NVIC.o
 .group         0x00000000        0x8 ./CORE_Driver/ARM_NVIC.o
 .group         0x00000000        0x8 ./CORE_Driver/ARM_NVIC.o
 .group         0x00000000        0x8 ./CORE_Driver/ARM_NVIC.o
 .group         0x00000000        0x8 ./CORE_Driver/ARM_NVIC.o
 .group         0x00000000        0x8 ./CORE_Driver/ARM_NVIC.o
 .group         0x00000000        0x8 ./CORE_Driver/ARM_NVIC.o
 .group         0x00000000        0x8 ./CORE_Driver/ARM_NVIC.o
 .text          0x00000000        0x0 ./CORE_Driver/ARM_NVIC.o
 .data          0x00000000        0x0 ./CORE_Driver/ARM_NVIC.o
 .bss           0x00000000        0x0 ./CORE_Driver/ARM_NVIC.o
 .text.NVIC_SetPriority
                0x00000000       0x60 ./CORE_Driver/ARM_NVIC.o
 .debug_macro   0x00000000      0x8d4 ./CORE_Driver/ARM_NVIC.o
 .debug_macro   0x00000000       0x10 ./CORE_Driver/ARM_NVIC.o
 .debug_macro   0x00000000       0x7a ./CORE_Driver/ARM_NVIC.o
 .debug_macro   0x00000000       0x19 ./CORE_Driver/ARM_NVIC.o
 .debug_macro   0x00000000       0x22 ./CORE_Driver/ARM_NVIC.o
 .debug_macro   0x00000000       0x87 ./CORE_Driver/ARM_NVIC.o
 .debug_macro   0x00000000       0x51 ./CORE_Driver/ARM_NVIC.o
 .debug_macro   0x00000000       0xef ./CORE_Driver/ARM_NVIC.o
 .debug_macro   0x00000000       0x6a ./CORE_Driver/ARM_NVIC.o
 .debug_macro   0x00000000      0x1df ./CORE_Driver/ARM_NVIC.o
 .debug_macro   0x00000000     0xee82 ./CORE_Driver/ARM_NVIC.o
 .debug_macro   0x00000000      0xbbe ./CORE_Driver/ARM_NVIC.o
 .debug_macro   0x00000000       0x22 ./CORE_Driver/ARM_NVIC.o
 .debug_macro   0x00000000       0x10 ./CORE_Driver/ARM_NVIC.o
 .group         0x00000000        0x8 ./CORE_Driver/ARM_SYSTICK.o
 .group         0x00000000        0x8 ./CORE_Driver/ARM_SYSTICK.o
 .group         0x00000000        0x8 ./CORE_Driver/ARM_SYSTICK.o
 .group         0x00000000        0x8 ./CORE_Driver/ARM_SYSTICK.o
 .group         0x00000000        0x8 ./CORE_Driver/ARM_SYSTICK.o
 .group         0x00000000        0x8 ./CORE_Driver/ARM_SYSTICK.o
 .group         0x00000000        0x8 ./CORE_Driver/ARM_SYSTICK.o
 .group         0x00000000        0x8 ./CORE_Driver/ARM_SYSTICK.o
 .group         0x00000000        0x8 ./CORE_Driver/ARM_SYSTICK.o
 .group         0x00000000        0x8 ./CORE_Driver/ARM_SYSTICK.o
 .group         0x00000000        0x8 ./CORE_Driver/ARM_SYSTICK.o
 .group         0x00000000        0x8 ./CORE_Driver/ARM_SYSTICK.o
 .text          0x00000000        0x0 ./CORE_Driver/ARM_SYSTICK.o
 .data          0x00000000        0x0 ./CORE_Driver/ARM_SYSTICK.o
 .bss           0x00000000        0x0 ./CORE_Driver/ARM_SYSTICK.o
 .debug_macro   0x00000000      0x8d4 ./CORE_Driver/ARM_SYSTICK.o
 .debug_macro   0x00000000       0x22 ./CORE_Driver/ARM_SYSTICK.o
 .debug_macro   0x00000000       0x87 ./CORE_Driver/ARM_SYSTICK.o
 .debug_macro   0x00000000       0x51 ./CORE_Driver/ARM_SYSTICK.o
 .debug_macro   0x00000000       0xef ./CORE_Driver/ARM_SYSTICK.o
 .debug_macro   0x00000000       0x6a ./CORE_Driver/ARM_SYSTICK.o
 .debug_macro   0x00000000      0x1df ./CORE_Driver/ARM_SYSTICK.o
 .debug_macro   0x00000000       0x10 ./CORE_Driver/ARM_SYSTICK.o
 .debug_macro   0x00000000       0x7a ./CORE_Driver/ARM_SYSTICK.o
 .debug_macro   0x00000000     0xee97 ./CORE_Driver/ARM_SYSTICK.o
 .debug_macro   0x00000000      0xbbe ./CORE_Driver/ARM_SYSTICK.o
 .debug_macro   0x00000000       0x22 ./CORE_Driver/ARM_SYSTICK.o
 .group         0x00000000        0x8 ./Mock/Middleware.o
 .text          0x00000000        0x0 ./Mock/Middleware.o
 .data          0x00000000        0x0 ./Mock/Middleware.o
 .bss           0x00000000        0x0 ./Mock/Middleware.o
 .debug_info    0x00000000       0x21 ./Mock/Middleware.o
 .debug_abbrev  0x00000000       0x13 ./Mock/Middleware.o
 .debug_aranges
                0x00000000       0x18 ./Mock/Middleware.o
 .debug_macro   0x00000000       0x11 ./Mock/Middleware.o
 .debug_macro   0x00000000      0x8d4 ./Mock/Middleware.o
 .debug_line    0x00000000       0x35 ./Mock/Middleware.o
 .debug_str     0x00000000     0x2671 ./Mock/Middleware.o
 .comment       0x00000000       0xa1 ./Mock/Middleware.o
 .ARM.attributes
                0x00000000       0x33 ./Mock/Middleware.o
 .group         0x00000000        0x8 ./Mock/Mock.o
 .group         0x00000000        0x8 ./Mock/Mock.o
 .group         0x00000000        0x8 ./Mock/Mock.o
 .group         0x00000000        0x8 ./Mock/Mock.o
 .group         0x00000000        0x8 ./Mock/Mock.o
 .group         0x00000000        0x8 ./Mock/Mock.o
 .group         0x00000000        0x8 ./Mock/Mock.o
 .group         0x00000000        0x8 ./Mock/Mock.o
 .group         0x00000000        0x8 ./Mock/Mock.o
 .group         0x00000000        0x8 ./Mock/Mock.o
 .group         0x00000000        0x8 ./Mock/Mock.o
 .group         0x00000000        0x8 ./Mock/Mock.o
 .group         0x00000000        0x8 ./Mock/Mock.o
 .group         0x00000000        0x8 ./Mock/Mock.o
 .group         0x00000000        0x8 ./Mock/Mock.o
 .group         0x00000000        0x8 ./Mock/Mock.o
 .group         0x00000000        0x8 ./Mock/Mock.o
 .group         0x00000000        0x8 ./Mock/Mock.o
 .group         0x00000000        0x8 ./Mock/Mock.o
 .group         0x00000000        0x8 ./Mock/Mock.o
 .group         0x00000000        0x8 ./Mock/Mock.o
 .group         0x00000000        0x8 ./Mock/Mock.o
 .group         0x00000000        0x8 ./Mock/Mock.o
 .group         0x00000000        0x8 ./Mock/Mock.o
 .group         0x00000000        0x8 ./Mock/Mock.o
 .group         0x00000000        0x8 ./Mock/Mock.o
 .group         0x00000000        0x8 ./Mock/Mock.o
 .group         0x00000000        0x8 ./Mock/Mock.o
 .group         0x00000000        0x8 ./Mock/Mock.o
 .group         0x00000000        0x8 ./Mock/Mock.o
 .group         0x00000000        0x8 ./Mock/Mock.o
 .group         0x00000000        0x8 ./Mock/Mock.o
 .group         0x00000000        0x8 ./Mock/Mock.o
 .group         0x00000000        0x8 ./Mock/Mock.o
 .group         0x00000000        0x8 ./Mock/Mock.o
 .group         0x00000000        0x8 ./Mock/Mock.o
 .group         0x00000000        0x8 ./Mock/Mock.o
 .group         0x00000000        0x8 ./Mock/Mock.o
 .group         0x00000000        0x8 ./Mock/Mock.o
 .group         0x00000000        0x8 ./Mock/Mock.o
 .group         0x00000000        0x8 ./Mock/Mock.o
 .group         0x00000000        0x8 ./Mock/Mock.o
 .group         0x00000000        0x8 ./Mock/Mock.o
 .group         0x00000000        0x8 ./Mock/Mock.o
 .text          0x00000000        0x0 ./Mock/Mock.o
 .data          0x00000000        0x0 ./Mock/Mock.o
 .bss           0x00000000        0x0 ./Mock/Mock.o
 .bss.buf_Tx    0x00000000        0x3 ./Mock/Mock.o
 .debug_macro   0x00000000      0x8d4 ./Mock/Mock.o
 .debug_macro   0x00000000       0x22 ./Mock/Mock.o
 .debug_macro   0x00000000       0x87 ./Mock/Mock.o
 .debug_macro   0x00000000       0x51 ./Mock/Mock.o
 .debug_macro   0x00000000       0xef ./Mock/Mock.o
 .debug_macro   0x00000000       0x6a ./Mock/Mock.o
 .debug_macro   0x00000000      0x1df ./Mock/Mock.o
 .debug_macro   0x00000000       0x10 ./Mock/Mock.o
 .debug_macro   0x00000000       0x7a ./Mock/Mock.o
 .debug_macro   0x00000000     0xee97 ./Mock/Mock.o
 .debug_macro   0x00000000      0xbbe ./Mock/Mock.o
 .debug_macro   0x00000000       0x22 ./Mock/Mock.o
 .debug_macro   0x00000000       0x52 ./Mock/Mock.o
 .debug_macro   0x00000000       0x3c ./Mock/Mock.o
 .debug_macro   0x00000000       0x9c ./Mock/Mock.o
 .debug_macro   0x00000000       0x16 ./Mock/Mock.o
 .debug_macro   0x00000000       0x97 ./Mock/Mock.o
 .debug_macro   0x00000000      0x30d ./Mock/Mock.o
 .debug_macro   0x00000000       0xfd ./Mock/Mock.o
 .debug_macro   0x00000000       0x10 ./Mock/Mock.o
 .debug_macro   0x00000000       0x52 ./Mock/Mock.o
 .debug_macro   0x00000000       0x1f ./Mock/Mock.o
 .debug_macro   0x00000000       0x43 ./Mock/Mock.o
 .debug_macro   0x00000000       0x20 ./Mock/Mock.o
 .debug_macro   0x00000000      0x1a3 ./Mock/Mock.o
 .debug_macro   0x00000000       0x10 ./Mock/Mock.o
 .debug_macro   0x00000000       0x1c ./Mock/Mock.o
 .debug_macro   0x00000000       0x52 ./Mock/Mock.o
 .debug_macro   0x00000000       0x40 ./Mock/Mock.o
 .debug_macro   0x00000000       0x10 ./Mock/Mock.o
 .debug_macro   0x00000000       0x40 ./Mock/Mock.o
 .debug_macro   0x00000000       0xd7 ./Mock/Mock.o
 .debug_macro   0x00000000       0x16 ./Mock/Mock.o
 .debug_macro   0x00000000      0x161 ./Mock/Mock.o
 .debug_macro   0x00000000       0x16 ./Mock/Mock.o
 .debug_macro   0x00000000       0x10 ./Mock/Mock.o
 .debug_macro   0x00000000       0x10 ./Mock/Mock.o
 .debug_macro   0x00000000       0x10 ./Mock/Mock.o
 .group         0x00000000        0x8 ./Mock/Queue.o
 .group         0x00000000        0x8 ./Mock/Queue.o
 .group         0x00000000        0x8 ./Mock/Queue.o
 .group         0x00000000        0x8 ./Mock/Queue.o
 .group         0x00000000        0x8 ./Mock/Queue.o
 .group         0x00000000        0x8 ./Mock/Queue.o
 .group         0x00000000        0x8 ./Mock/Queue.o
 .group         0x00000000        0x8 ./Mock/Queue.o
 .text          0x00000000        0x0 ./Mock/Queue.o
 .data          0x00000000        0x0 ./Mock/Queue.o
 .bss           0x00000000        0x0 ./Mock/Queue.o
 .text.isFull   0x00000000       0x26 ./Mock/Queue.o
 .text.isEmpty  0x00000000       0x20 ./Mock/Queue.o
 .text.enqueue  0x00000000       0x56 ./Mock/Queue.o
 .text.dequeue  0x00000000       0x56 ./Mock/Queue.o
 .text.front    0x00000000       0x2c ./Mock/Queue.o
 .text.rear     0x00000000       0x2c ./Mock/Queue.o
 .debug_info    0x00000000      0x1ea ./Mock/Queue.o
 .debug_abbrev  0x00000000       0xeb ./Mock/Queue.o
 .debug_aranges
                0x00000000       0x48 ./Mock/Queue.o
 .debug_ranges  0x00000000       0x38 ./Mock/Queue.o
 .debug_macro   0x00000000       0x6c ./Mock/Queue.o
 .debug_macro   0x00000000      0x8d4 ./Mock/Queue.o
 .debug_macro   0x00000000       0x22 ./Mock/Queue.o
 .debug_macro   0x00000000       0x87 ./Mock/Queue.o
 .debug_macro   0x00000000       0x51 ./Mock/Queue.o
 .debug_macro   0x00000000       0xef ./Mock/Queue.o
 .debug_macro   0x00000000       0x6a ./Mock/Queue.o
 .debug_macro   0x00000000      0x1df ./Mock/Queue.o
 .debug_macro   0x00000000       0x10 ./Mock/Queue.o
 .debug_line    0x00000000      0x287 ./Mock/Queue.o
 .debug_str     0x00000000     0x35e1 ./Mock/Queue.o
 .comment       0x00000000       0xa1 ./Mock/Queue.o
 .debug_frame   0x00000000       0xf0 ./Mock/Queue.o
 .ARM.attributes
                0x00000000       0x33 ./Mock/Queue.o
 .group         0x00000000        0x8 ./Mock/main.o
 .group         0x00000000        0x8 ./Mock/main.o
 .group         0x00000000        0x8 ./Mock/main.o
 .group         0x00000000        0x8 ./Mock/main.o
 .group         0x00000000        0x8 ./Mock/main.o
 .group         0x00000000        0x8 ./Mock/main.o
 .group         0x00000000        0x8 ./Mock/main.o
 .group         0x00000000        0x8 ./Mock/main.o
 .group         0x00000000        0x8 ./Mock/main.o
 .group         0x00000000        0x8 ./Mock/main.o
 .group         0x00000000        0x8 ./Mock/main.o
 .group         0x00000000        0x8 ./Mock/main.o
 .group         0x00000000        0x8 ./Mock/main.o
 .group         0x00000000        0x8 ./Mock/main.o
 .group         0x00000000        0x8 ./Mock/main.o
 .group         0x00000000        0x8 ./Mock/main.o
 .group         0x00000000        0x8 ./Mock/main.o
 .group         0x00000000        0x8 ./Mock/main.o
 .group         0x00000000        0x8 ./Mock/main.o
 .group         0x00000000        0x8 ./Mock/main.o
 .group         0x00000000        0x8 ./Mock/main.o
 .group         0x00000000        0x8 ./Mock/main.o
 .group         0x00000000        0x8 ./Mock/main.o
 .group         0x00000000        0x8 ./Mock/main.o
 .group         0x00000000        0x8 ./Mock/main.o
 .group         0x00000000        0x8 ./Mock/main.o
 .group         0x00000000        0x8 ./Mock/main.o
 .group         0x00000000        0x8 ./Mock/main.o
 .group         0x00000000        0x8 ./Mock/main.o
 .group         0x00000000        0x8 ./Mock/main.o
 .group         0x00000000        0x8 ./Mock/main.o
 .group         0x00000000        0x8 ./Mock/main.o
 .group         0x00000000        0x8 ./Mock/main.o
 .group         0x00000000        0x8 ./Mock/main.o
 .group         0x00000000        0x8 ./Mock/main.o
 .group         0x00000000        0x8 ./Mock/main.o
 .group         0x00000000        0x8 ./Mock/main.o
 .group         0x00000000        0x8 ./Mock/main.o
 .group         0x00000000        0x8 ./Mock/main.o
 .group         0x00000000        0x8 ./Mock/main.o
 .group         0x00000000        0x8 ./Mock/main.o
 .group         0x00000000        0x8 ./Mock/main.o
 .group         0x00000000        0x8 ./Mock/main.o
 .group         0x00000000        0x8 ./Mock/main.o
 .text          0x00000000        0x0 ./Mock/main.o
 .data          0x00000000        0x0 ./Mock/main.o
 .bss           0x00000000        0x0 ./Mock/main.o
 .debug_info    0x00000000      0x8b0 ./Mock/main.o
 .debug_abbrev  0x00000000      0x158 ./Mock/main.o
 .debug_aranges
                0x00000000       0x18 ./Mock/main.o
 .debug_macro   0x00000000      0x26a ./Mock/main.o
 .debug_macro   0x00000000      0x8d4 ./Mock/main.o
 .debug_macro   0x00000000       0x22 ./Mock/main.o
 .debug_macro   0x00000000       0x87 ./Mock/main.o
 .debug_macro   0x00000000       0x51 ./Mock/main.o
 .debug_macro   0x00000000       0xef ./Mock/main.o
 .debug_macro   0x00000000       0x6a ./Mock/main.o
 .debug_macro   0x00000000      0x1df ./Mock/main.o
 .debug_macro   0x00000000       0x22 ./Mock/main.o
 .debug_macro   0x00000000       0x10 ./Mock/main.o
 .debug_macro   0x00000000       0x7a ./Mock/main.o
 .debug_macro   0x00000000     0xee97 ./Mock/main.o
 .debug_macro   0x00000000      0xbbe ./Mock/main.o
 .debug_macro   0x00000000       0x22 ./Mock/main.o
 .debug_macro   0x00000000       0x52 ./Mock/main.o
 .debug_macro   0x00000000       0x3c ./Mock/main.o
 .debug_macro   0x00000000       0x9c ./Mock/main.o
 .debug_macro   0x00000000       0x16 ./Mock/main.o
 .debug_macro   0x00000000       0x97 ./Mock/main.o
 .debug_macro   0x00000000      0x30d ./Mock/main.o
 .debug_macro   0x00000000       0xfd ./Mock/main.o
 .debug_macro   0x00000000       0x10 ./Mock/main.o
 .debug_macro   0x00000000       0x52 ./Mock/main.o
 .debug_macro   0x00000000       0x1f ./Mock/main.o
 .debug_macro   0x00000000       0x43 ./Mock/main.o
 .debug_macro   0x00000000       0x20 ./Mock/main.o
 .debug_macro   0x00000000      0x1a3 ./Mock/main.o
 .debug_macro   0x00000000       0x10 ./Mock/main.o
 .debug_macro   0x00000000       0x1c ./Mock/main.o
 .debug_macro   0x00000000       0x52 ./Mock/main.o
 .debug_macro   0x00000000       0x40 ./Mock/main.o
 .debug_macro   0x00000000       0x10 ./Mock/main.o
 .debug_macro   0x00000000       0x40 ./Mock/main.o
 .debug_macro   0x00000000       0xd7 ./Mock/main.o
 .debug_macro   0x00000000       0x16 ./Mock/main.o
 .debug_macro   0x00000000      0x161 ./Mock/main.o
 .debug_macro   0x00000000       0x16 ./Mock/main.o
 .debug_macro   0x00000000       0x10 ./Mock/main.o
 .debug_macro   0x00000000       0x46 ./Mock/main.o
 .debug_macro   0x00000000       0x10 ./Mock/main.o
 .debug_macro   0x00000000       0x10 ./Mock/main.o
 .debug_macro   0x00000000       0x16 ./Mock/main.o
 .debug_macro   0x00000000      0x450 ./Mock/main.o
 .debug_macro   0x00000000       0x10 ./Mock/main.o
 .debug_macro   0x00000000       0x6a ./Mock/main.o
 .debug_line    0x00000000      0x4cd ./Mock/main.o
 .debug_str     0x00000000    0x6e5b7 ./Mock/main.o
 .comment       0x00000000       0xa1 ./Mock/main.o
 .ARM.attributes
                0x00000000       0x33 ./Mock/main.o
 .group         0x00000000        0x8 ./Project_Settings/Startup_Code/startup.o
 .group         0x00000000        0x8 ./Project_Settings/Startup_Code/startup.o
 .group         0x00000000        0x8 ./Project_Settings/Startup_Code/startup.o
 .group         0x00000000        0x8 ./Project_Settings/Startup_Code/startup.o
 .group         0x00000000        0x8 ./Project_Settings/Startup_Code/startup.o
 .group         0x00000000        0x8 ./Project_Settings/Startup_Code/startup.o
 .group         0x00000000        0x8 ./Project_Settings/Startup_Code/startup.o
 .group         0x00000000        0x8 ./Project_Settings/Startup_Code/startup.o
 .group         0x00000000        0x8 ./Project_Settings/Startup_Code/startup.o
 .group         0x00000000        0x8 ./Project_Settings/Startup_Code/startup.o
 .group         0x00000000        0x8 ./Project_Settings/Startup_Code/startup.o
 .group         0x00000000        0x8 ./Project_Settings/Startup_Code/startup.o
 .group         0x00000000        0x8 ./Project_Settings/Startup_Code/startup.o
 .text          0x00000000        0x0 ./Project_Settings/Startup_Code/startup.o
 .data          0x00000000        0x0 ./Project_Settings/Startup_Code/startup.o
 .bss           0x00000000        0x0 ./Project_Settings/Startup_Code/startup.o
 .rodata.s_vectors
                0x00000000        0x4 ./Project_Settings/Startup_Code/startup.o
 .debug_macro   0x00000000      0x8d4 ./Project_Settings/Startup_Code/startup.o
 .debug_macro   0x00000000       0x22 ./Project_Settings/Startup_Code/startup.o
 .debug_macro   0x00000000       0x87 ./Project_Settings/Startup_Code/startup.o
 .debug_macro   0x00000000       0x51 ./Project_Settings/Startup_Code/startup.o
 .debug_macro   0x00000000       0xef ./Project_Settings/Startup_Code/startup.o
 .debug_macro   0x00000000       0x6a ./Project_Settings/Startup_Code/startup.o
 .debug_macro   0x00000000      0x1df ./Project_Settings/Startup_Code/startup.o
 .debug_macro   0x00000000       0x10 ./Project_Settings/Startup_Code/startup.o
 .debug_macro   0x00000000       0x7a ./Project_Settings/Startup_Code/startup.o
 .debug_macro   0x00000000     0xee97 ./Project_Settings/Startup_Code/startup.o
 .debug_macro   0x00000000      0xbbe ./Project_Settings/Startup_Code/startup.o
 .debug_macro   0x00000000       0x22 ./Project_Settings/Startup_Code/startup.o
 .data          0x00000000        0x0 ./Project_Settings/Startup_Code/startup_S32K144.o
 .bss           0x00000000        0x0 ./Project_Settings/Startup_Code/startup_S32K144.o
 .group         0x00000000        0x8 ./Project_Settings/Startup_Code/system_S32K144.o
 .group         0x00000000        0x8 ./Project_Settings/Startup_Code/system_S32K144.o
 .group         0x00000000        0x8 ./Project_Settings/Startup_Code/system_S32K144.o
 .group         0x00000000        0x8 ./Project_Settings/Startup_Code/system_S32K144.o
 .group         0x00000000        0x8 ./Project_Settings/Startup_Code/system_S32K144.o
 .group         0x00000000        0x8 ./Project_Settings/Startup_Code/system_S32K144.o
 .group         0x00000000        0x8 ./Project_Settings/Startup_Code/system_S32K144.o
 .group         0x00000000        0x8 ./Project_Settings/Startup_Code/system_S32K144.o
 .group         0x00000000        0x8 ./Project_Settings/Startup_Code/system_S32K144.o
 .group         0x00000000        0x8 ./Project_Settings/Startup_Code/system_S32K144.o
 .group         0x00000000        0x8 ./Project_Settings/Startup_Code/system_S32K144.o
 .group         0x00000000        0x8 ./Project_Settings/Startup_Code/system_S32K144.o
 .group         0x00000000        0x8 ./Project_Settings/Startup_Code/system_S32K144.o
 .group         0x00000000        0x8 ./Project_Settings/Startup_Code/system_S32K144.o
 .text          0x00000000        0x0 ./Project_Settings/Startup_Code/system_S32K144.o
 .data          0x00000000        0x0 ./Project_Settings/Startup_Code/system_S32K144.o
 .bss           0x00000000        0x0 ./Project_Settings/Startup_Code/system_S32K144.o
 .data.SystemCoreClock
                0x00000000        0x4 ./Project_Settings/Startup_Code/system_S32K144.o
 .text.SystemCoreClockUpdate
                0x00000000       0xf0 ./Project_Settings/Startup_Code/system_S32K144.o
 .text.SystemSoftwareReset
                0x00000000       0x3e ./Project_Settings/Startup_Code/system_S32K144.o
 .rodata.fircFreq.5179
                0x00000000        0x4 ./Project_Settings/Startup_Code/system_S32K144.o
 .debug_macro   0x00000000      0x8d4 ./Project_Settings/Startup_Code/system_S32K144.o
 .debug_macro   0x00000000       0x10 ./Project_Settings/Startup_Code/system_S32K144.o
 .debug_macro   0x00000000       0x7a ./Project_Settings/Startup_Code/system_S32K144.o
 .debug_macro   0x00000000       0x19 ./Project_Settings/Startup_Code/system_S32K144.o
 .debug_macro   0x00000000       0x22 ./Project_Settings/Startup_Code/system_S32K144.o
 .debug_macro   0x00000000       0x87 ./Project_Settings/Startup_Code/system_S32K144.o
 .debug_macro   0x00000000       0x51 ./Project_Settings/Startup_Code/system_S32K144.o
 .debug_macro   0x00000000       0xef ./Project_Settings/Startup_Code/system_S32K144.o
 .debug_macro   0x00000000       0x6a ./Project_Settings/Startup_Code/system_S32K144.o
 .debug_macro   0x00000000      0x1df ./Project_Settings/Startup_Code/system_S32K144.o
 .debug_macro   0x00000000     0xee82 ./Project_Settings/Startup_Code/system_S32K144.o
 .debug_macro   0x00000000      0xbbe ./Project_Settings/Startup_Code/system_S32K144.o
 .debug_macro   0x00000000       0x22 ./Project_Settings/Startup_Code/system_S32K144.o
 .text          0x00000000        0x0 C:/nxp/S32DS.3.4/S32DS/build_tools/gcc_v6.3/gcc-6.3-arm32-eabi/arm-none-eabi/newlib/lib/thumb/v7e-m\libc.a(lib_a-exit.o)
 .data          0x00000000        0x0 C:/nxp/S32DS.3.4/S32DS/build_tools/gcc_v6.3/gcc-6.3-arm32-eabi/arm-none-eabi/newlib/lib/thumb/v7e-m\libc.a(lib_a-exit.o)
 .bss           0x00000000        0x0 C:/nxp/S32DS.3.4/S32DS/build_tools/gcc_v6.3/gcc-6.3-arm32-eabi/arm-none-eabi/newlib/lib/thumb/v7e-m\libc.a(lib_a-exit.o)
 .text          0x00000000        0x0 C:/nxp/S32DS.3.4/S32DS/build_tools/gcc_v6.3/gcc-6.3-arm32-eabi/arm-none-eabi/newlib/lib/thumb/v7e-m\libc.a(lib_a-impure.o)
 .data          0x00000000        0x0 C:/nxp/S32DS.3.4/S32DS/build_tools/gcc_v6.3/gcc-6.3-arm32-eabi/arm-none-eabi/newlib/lib/thumb/v7e-m\libc.a(lib_a-impure.o)
 .bss           0x00000000        0x0 C:/nxp/S32DS.3.4/S32DS/build_tools/gcc_v6.3/gcc-6.3-arm32-eabi/arm-none-eabi/newlib/lib/thumb/v7e-m\libc.a(lib_a-impure.o)
 .data._impure_ptr
                0x00000000        0x4 C:/nxp/S32DS.3.4/S32DS/build_tools/gcc_v6.3/gcc-6.3-arm32-eabi/arm-none-eabi/newlib/lib/thumb/v7e-m\libc.a(lib_a-impure.o)
 .text          0x00000000        0x0 C:/nxp/S32DS.3.4/S32DS/build_tools/gcc_v6.3/gcc-6.3-arm32-eabi/arm-none-eabi/newlib/lib/thumb/v7e-m\libc.a(lib_a-init.o)
 .data          0x00000000        0x0 C:/nxp/S32DS.3.4/S32DS/build_tools/gcc_v6.3/gcc-6.3-arm32-eabi/arm-none-eabi/newlib/lib/thumb/v7e-m\libc.a(lib_a-init.o)
 .bss           0x00000000        0x0 C:/nxp/S32DS.3.4/S32DS/build_tools/gcc_v6.3/gcc-6.3-arm32-eabi/arm-none-eabi/newlib/lib/thumb/v7e-m\libc.a(lib_a-init.o)
 .text          0x00000000        0x0 C:/nxp/S32DS.3.4/S32DS/build_tools/gcc_v6.3/gcc-6.3-arm32-eabi/arm-none-eabi/newlib/lib/thumb/v7e-m\libc.a(lib_a-memset.o)
 .data          0x00000000        0x0 C:/nxp/S32DS.3.4/S32DS/build_tools/gcc_v6.3/gcc-6.3-arm32-eabi/arm-none-eabi/newlib/lib/thumb/v7e-m\libc.a(lib_a-memset.o)
 .bss           0x00000000        0x0 C:/nxp/S32DS.3.4/S32DS/build_tools/gcc_v6.3/gcc-6.3-arm32-eabi/arm-none-eabi/newlib/lib/thumb/v7e-m\libc.a(lib_a-memset.o)
 .text          0x00000000        0x0 C:/nxp/S32DS.3.4/S32DS/build_tools/gcc_v6.3/gcc-6.3-arm32-eabi/arm-none-eabi/newlib/lib/thumb/v7e-m\libc.a(lib_a-__call_atexit.o)
 .data          0x00000000        0x0 C:/nxp/S32DS.3.4/S32DS/build_tools/gcc_v6.3/gcc-6.3-arm32-eabi/arm-none-eabi/newlib/lib/thumb/v7e-m\libc.a(lib_a-__call_atexit.o)
 .bss           0x00000000        0x0 C:/nxp/S32DS.3.4/S32DS/build_tools/gcc_v6.3/gcc-6.3-arm32-eabi/arm-none-eabi/newlib/lib/thumb/v7e-m\libc.a(lib_a-__call_atexit.o)
 .text          0x00000000        0x0 C:/nxp/S32DS.3.4/S32DS/build_tools/gcc_v6.3/gcc-6.3-arm32-eabi/arm-none-eabi/newlib/lib/thumb/v7e-m\libc.a(lib_a-fini.o)
 .data          0x00000000        0x0 C:/nxp/S32DS.3.4/S32DS/build_tools/gcc_v6.3/gcc-6.3-arm32-eabi/arm-none-eabi/newlib/lib/thumb/v7e-m\libc.a(lib_a-fini.o)
 .bss           0x00000000        0x0 C:/nxp/S32DS.3.4/S32DS/build_tools/gcc_v6.3/gcc-6.3-arm32-eabi/arm-none-eabi/newlib/lib/thumb/v7e-m\libc.a(lib_a-fini.o)
 .text          0x00000000        0x0 C:/nxp/S32DS.3.4/S32DS/build_tools/gcc_v6.3/gcc-6.3-arm32-eabi/arm-none-eabi/newlib/lib/thumb/v7e-m\libc.a(lib_a-atexit.o)
 .data          0x00000000        0x0 C:/nxp/S32DS.3.4/S32DS/build_tools/gcc_v6.3/gcc-6.3-arm32-eabi/arm-none-eabi/newlib/lib/thumb/v7e-m\libc.a(lib_a-atexit.o)
 .bss           0x00000000        0x0 C:/nxp/S32DS.3.4/S32DS/build_tools/gcc_v6.3/gcc-6.3-arm32-eabi/arm-none-eabi/newlib/lib/thumb/v7e-m\libc.a(lib_a-atexit.o)
 .text          0x00000000        0x0 C:/nxp/S32DS.3.4/S32DS/build_tools/gcc_v6.3/gcc-6.3-arm32-eabi/arm-none-eabi/newlib/lib/thumb/v7e-m\libc.a(lib_a-__atexit.o)
 .data          0x00000000        0x0 C:/nxp/S32DS.3.4/S32DS/build_tools/gcc_v6.3/gcc-6.3-arm32-eabi/arm-none-eabi/newlib/lib/thumb/v7e-m\libc.a(lib_a-__atexit.o)
 .bss           0x00000000        0x0 C:/nxp/S32DS.3.4/S32DS/build_tools/gcc_v6.3/gcc-6.3-arm32-eabi/arm-none-eabi/newlib/lib/thumb/v7e-m\libc.a(lib_a-__atexit.o)
 .text          0x00000000        0x0 C:/nxp/S32DS.3.4/S32DS/build_tools/gcc_v6.3/gcc-6.3-arm32-eabi/arm-none-eabi/newlib/lib/thumb/v7e-m\libnosys.a(_exit.o)
 .data          0x00000000        0x0 C:/nxp/S32DS.3.4/S32DS/build_tools/gcc_v6.3/gcc-6.3-arm32-eabi/arm-none-eabi/newlib/lib/thumb/v7e-m\libnosys.a(_exit.o)
 .bss           0x00000000        0x0 C:/nxp/S32DS.3.4/S32DS/build_tools/gcc_v6.3/gcc-6.3-arm32-eabi/arm-none-eabi/newlib/lib/thumb/v7e-m\libnosys.a(_exit.o)
 .text          0x00000000        0x0 c:/nxp/s32ds.3.4/s32ds/build_tools/gcc_v6.3/gcc-6.3-arm32-eabi/bin/../lib/gcc/arm-none-eabi/6.3.1/thumb/v7e-m/crtend.o
 .data          0x00000000        0x0 c:/nxp/s32ds.3.4/s32ds/build_tools/gcc_v6.3/gcc-6.3-arm32-eabi/bin/../lib/gcc/arm-none-eabi/6.3.1/thumb/v7e-m/crtend.o
 .bss           0x00000000        0x0 c:/nxp/s32ds.3.4/s32ds/build_tools/gcc_v6.3/gcc-6.3-arm32-eabi/bin/../lib/gcc/arm-none-eabi/6.3.1/thumb/v7e-m/crtend.o
 .eh_frame      0x00000000        0x4 c:/nxp/s32ds.3.4/s32ds/build_tools/gcc_v6.3/gcc-6.3-arm32-eabi/bin/../lib/gcc/arm-none-eabi/6.3.1/thumb/v7e-m/crtend.o
 .text          0x00000000        0x0 c:/nxp/s32ds.3.4/s32ds/build_tools/gcc_v6.3/gcc-6.3-arm32-eabi/bin/../lib/gcc/arm-none-eabi/6.3.1/thumb/v7e-m/crtn.o
 .data          0x00000000        0x0 c:/nxp/s32ds.3.4/s32ds/build_tools/gcc_v6.3/gcc-6.3-arm32-eabi/bin/../lib/gcc/arm-none-eabi/6.3.1/thumb/v7e-m/crtn.o
 .bss           0x00000000        0x0 c:/nxp/s32ds.3.4/s32ds/build_tools/gcc_v6.3/gcc-6.3-arm32-eabi/bin/../lib/gcc/arm-none-eabi/6.3.1/thumb/v7e-m/crtn.o

Memory Configuration

Name             Origin             Length             Attributes
m_interrupts     0x00000000         0x00000400         xr
m_flash_config   0x00000400         0x00000010         xr
m_text           0x00000410         0x0007fbf0         xr
m_data           0x1fff8000         0x00008000         rw
m_data_2         0x20000000         0x00007000         rw
*default*        0x00000000         0xffffffff

Linker script and memory map

LOAD c:/nxp/s32ds.3.4/s32ds/build_tools/gcc_v6.3/gcc-6.3-arm32-eabi/bin/../lib/gcc/arm-none-eabi/6.3.1/thumb/v7e-m/crti.o
LOAD c:/nxp/s32ds.3.4/s32ds/build_tools/gcc_v6.3/gcc-6.3-arm32-eabi/bin/../lib/gcc/arm-none-eabi/6.3.1/thumb/v7e-m/crtbegin.o
LOAD C:/nxp/S32DS.3.4/S32DS/build_tools/gcc_v6.3/gcc-6.3-arm32-eabi/arm-none-eabi/newlib/lib/thumb/v7e-m/crt0.o
LOAD ./ARM_Driver/ARM_ADC.o
LOAD ./ARM_Driver/ARM_CLOCK.o
LOAD ./ARM_Driver/ARM_GPIO.o
LOAD ./ARM_Driver/ARM_LPIT.o
LOAD ./ARM_Driver/ARM_LPUART.o
LOAD ./CORE_Driver/ARM_NVIC.o
LOAD ./CORE_Driver/ARM_SYSTICK.o
LOAD ./Mock/Middleware.o
LOAD ./Mock/Mock.o
LOAD ./Mock/Queue.o
LOAD ./Mock/main.o
LOAD ./Project_Settings/Startup_Code/startup.o
LOAD ./Project_Settings/Startup_Code/startup_S32K144.o
LOAD ./Project_Settings/Startup_Code/system_S32K144.o
START GROUP
LOAD c:/nxp/s32ds.3.4/s32ds/build_tools/gcc_v6.3/gcc-6.3-arm32-eabi/bin/../lib/gcc/arm-none-eabi/6.3.1/thumb/v7e-m\libgcc.a
LOAD C:/nxp/S32DS.3.4/S32DS/build_tools/gcc_v6.3/gcc-6.3-arm32-eabi/arm-none-eabi/newlib/lib/thumb/v7e-m\libc.a
END GROUP
START GROUP
LOAD c:/nxp/s32ds.3.4/s32ds/build_tools/gcc_v6.3/gcc-6.3-arm32-eabi/bin/../lib/gcc/arm-none-eabi/6.3.1/thumb/v7e-m\libgcc.a
LOAD C:/nxp/S32DS.3.4/S32DS/build_tools/gcc_v6.3/gcc-6.3-arm32-eabi/arm-none-eabi/newlib/lib/thumb/v7e-m\libc.a
LOAD C:/nxp/S32DS.3.4/S32DS/build_tools/gcc_v6.3/gcc-6.3-arm32-eabi/arm-none-eabi/newlib/lib/thumb/v7e-m\libnosys.a
END GROUP
LOAD c:/nxp/s32ds.3.4/s32ds/build_tools/gcc_v6.3/gcc-6.3-arm32-eabi/bin/../lib/gcc/arm-none-eabi/6.3.1/thumb/v7e-m/crtend.o
LOAD c:/nxp/s32ds.3.4/s32ds/build_tools/gcc_v6.3/gcc-6.3-arm32-eabi/bin/../lib/gcc/arm-none-eabi/6.3.1/thumb/v7e-m/crtn.o
                0x00000400                HEAP_SIZE = DEFINED (__heap_size__)?__heap_size__:0x400
                0x00000400                STACK_SIZE = DEFINED (__stack_size__)?__stack_size__:0x400
                0x00000400                M_VECTOR_RAM_SIZE = DEFINED (__flash_vector_table__)?0x0:0x400

.interrupts     0x00000000      0x400
                0x00000000                __VECTOR_TABLE = .
                0x00000000                __interrupts_start__ = .
                0x00000000                . = ALIGN (0x4)
 *(.isr_vector)
 .isr_vector    0x00000000      0x400 ./Project_Settings/Startup_Code/startup_S32K144.o
                0x00000000                __isr_vector
                0x00000400                __interrupts_end__ = .
                0x00000400                . = ALIGN (0x4)

.flash_config   0x00000400       0x10
                0x00000400                . = ALIGN (0x4)
 *(.FlashConfig)
 .FlashConfig   0x00000400       0x10 ./Project_Settings/Startup_Code/startup_S32K144.o
                0x00000410                . = ALIGN (0x4)

.text           0x00000410     0x1aa0
                0x00000410                . = ALIGN (0x4)
 *(.text)
 .text          0x00000410       0xa4 c:/nxp/s32ds.3.4/s32ds/build_tools/gcc_v6.3/gcc-6.3-arm32-eabi/bin/../lib/gcc/arm-none-eabi/6.3.1/thumb/v7e-m/crtbegin.o
 .text          0x000004b4       0x74 C:/nxp/S32DS.3.4/S32DS/build_tools/gcc_v6.3/gcc-6.3-arm32-eabi/arm-none-eabi/newlib/lib/thumb/v7e-m/crt0.o
                0x000004b4                _start
                0x000004b4                _mainCRTStartup
 .text          0x00000528       0x6c ./Project_Settings/Startup_Code/startup_S32K144.o
                0x00000528                Reset_Handler
                0x00000590                DebugMon_Handler
                0x00000590                Reserved88_IRQHandler
                0x00000590                CAN0_ORed_IRQHandler
                0x00000590                HardFault_Handler
                0x00000590                Reserved86_IRQHandler
                0x00000590                Reserved103_IRQHandler
                0x00000590                FTM2_Ovf_Reload_IRQHandler
                0x00000590                Reserved50_IRQHandler
                0x00000590                FTFC_Fault_IRQHandler
                0x00000590                FTM0_Ch6_Ch7_IRQHandler
                0x00000590                Reserved114_IRQHandler
                0x00000590                PendSV_Handler
                0x00000590                NMI_Handler
                0x00000590                Reserved89_IRQHandler
                0x00000590                ERM_double_fault_IRQHandler
                0x00000590                DMA2_IRQHandler
                0x00000590                Reserved59_IRQHandler
                0x00000590                LPIT0_Ch0_IRQHandler
                0x00000590                Reserved99_IRQHandler
                0x00000590                FTM3_Ch6_Ch7_IRQHandler
                0x00000590                CAN2_ORed_0_15_MB_IRQHandler
                0x00000590                LPIT0_Ch3_IRQHandler
                0x00000590                Reserved92_IRQHandler
                0x00000590                FTM0_Ch4_Ch5_IRQHandler
                0x00000590                CAN1_Error_IRQHandler
                0x00000590                FTM3_Ch0_Ch1_IRQHandler
                0x00000590                SWI_IRQHandler
                0x00000590                FTM2_Ch4_Ch5_IRQHandler
                0x00000590                UsageFault_Handler
                0x00000590                FTM0_Ovf_Reload_IRQHandler
                0x00000590                DefaultISR
                0x00000590                DMA9_IRQHandler
                0x00000590                Reserved58_IRQHandler
                0x00000590                CAN1_ORed_0_15_MB_IRQHandler
                0x00000590                FTM1_Ch2_Ch3_IRQHandler
                0x00000590                DMA14_IRQHandler
                0x00000590                Reserved82_IRQHandler
                0x00000590                CAN0_ORed_16_31_MB_IRQHandler
                0x00000590                LPI2C0_Slave_IRQHandler
                0x00000590                Reserved71_IRQHandler
                0x00000590                PORTD_IRQHandler
                0x00000590                Reserved69_IRQHandler
                0x00000590                PORTB_IRQHandler
                0x00000590                Reserved70_IRQHandler
                0x00000590                ADC1_IRQHandler
                0x00000590                FTM2_Ch2_Ch3_IRQHandler
                0x00000590                Reserved53_IRQHandler
                0x00000590                DMA5_IRQHandler
                0x00000590                RTC_IRQHandler
                0x00000590                PDB0_IRQHandler
                0x00000590                Reserved54_IRQHandler
                0x00000590                FTM2_Ch6_Ch7_IRQHandler
                0x00000590                FTM3_Ch2_Ch3_IRQHandler
                0x00000590                FTM2_Ch0_Ch1_IRQHandler
                0x00000590                LPSPI1_IRQHandler
                0x00000590                RTC_Seconds_IRQHandler
                0x00000590                CAN2_ORed_IRQHandler
                0x00000590                Reserved72_IRQHandler
                0x00000590                Reserved110_IRQHandler
                0x00000590                DMA11_IRQHandler
                0x00000590                Reserved107_IRQHandler
                0x00000590                Read_Collision_IRQHandler
                0x00000590                CAN2_Error_IRQHandler
                0x00000590                FTFC_IRQHandler
                0x00000590                DMA7_IRQHandler
                0x00000590                FTM1_Ch6_Ch7_IRQHandler
                0x00000590                Reserved105_IRQHandler
                0x00000590                LPIT0_Ch1_IRQHandler
                0x00000590                FTM1_Ch4_Ch5_IRQHandler
                0x00000590                FTM3_Ovf_Reload_IRQHandler
                0x00000590                LPUART2_RxTx_IRQHandler
                0x00000590                LPSPI0_IRQHandler
                0x00000590                WDOG_EWM_IRQHandler
                0x00000590                MemManage_Handler
                0x00000590                Reserved90_IRQHandler
                0x00000590                Reserved83_IRQHandler
                0x00000590                FTM0_Fault_IRQHandler
                0x00000590                Reserved48_IRQHandler
                0x00000590                SVC_Handler
                0x00000590                ERM_single_fault_IRQHandler
                0x00000590                FTM2_Fault_IRQHandler
                0x00000590                FTM0_Ch2_Ch3_IRQHandler
                0x00000590                DMA13_IRQHandler
                0x00000590                FTM0_Ch0_Ch1_IRQHandler
                0x00000590                FTM3_Fault_IRQHandler
                0x00000590                RCM_IRQHandler
                0x00000590                DMA3_IRQHandler
                0x00000590                Reserved100_IRQHandler
                0x00000590                DMA0_IRQHandler
                0x00000590                Reserved91_IRQHandler
                0x00000590                CAN1_ORed_IRQHandler
                0x00000590                DMA15_IRQHandler
                0x00000590                SCG_IRQHandler
                0x00000590                PDB1_IRQHandler
                0x00000590                Reserved81_IRQHandler
                0x00000590                Reserved46_IRQHandler
                0x00000590                Reserved45_IRQHandler
                0x00000590                CAN0_Error_IRQHandler
                0x00000590                Reserved112_IRQHandler
                0x00000590                LPI2C0_Master_IRQHandler
                0x00000590                DMA4_IRQHandler
                0x00000590                FTM1_Fault_IRQHandler
                0x00000590                Reserved106_IRQHandler
                0x00000590                DMA_Error_IRQHandler
                0x00000590                LVD_LVW_IRQHandler
                0x00000590                LPIT0_Ch2_IRQHandler
                0x00000590                PORTA_IRQHandler
                0x00000590                MCM_IRQHandler
                0x00000590                LPSPI2_IRQHandler
                0x00000590                DMA12_IRQHandler
                0x00000590                FTM3_Ch4_Ch5_IRQHandler
                0x00000590                CAN0_ORed_0_15_MB_IRQHandler
                0x00000590                PORTE_IRQHandler
                0x00000590                LPTMR0_IRQHandler
                0x00000590                BusFault_Handler
                0x00000590                Reserved87_IRQHandler
                0x00000590                FTM1_Ovf_Reload_IRQHandler
                0x00000590                DMA8_IRQHandler
                0x00000590                Reserved93_IRQHandler
                0x00000590                DMA10_IRQHandler
                0x00000590                CAN0_Wake_Up_IRQHandler
                0x00000590                CMP0_IRQHandler
                0x00000590                Reserved52_IRQHandler
                0x00000590                DMA6_IRQHandler
                0x00000590                FTM1_Ch0_Ch1_IRQHandler
                0x00000590                FLEXIO_IRQHandler
                0x00000590                DMA1_IRQHandler
                0x00000590                Reserved113_IRQHandler
 *(.text*)
 .text.Select_Source_Clock
                0x00000594       0xb0 ./ARM_Driver/ARM_ADC.o
 .text.ARM_ADC_Init
                0x00000644       0xe2 ./ARM_Driver/ARM_ADC.o
                0x00000644                ARM_ADC_Init
 *fill*         0x00000726        0x2 
 .text.ARM_ADC_ConfigChannel
                0x00000728       0xd8 ./ARM_Driver/ARM_ADC.o
                0x00000728                ARM_ADC_ConfigChannel
 .text.Source_Clock
                0x00000800       0x58 ./ARM_Driver/ARM_CLOCK.o
                0x00000800                Source_Clock
 .text.Get_GPIO_Base
                0x00000858       0x50 ./ARM_Driver/ARM_GPIO.o
 .text.Get_PORT_Base
                0x000008a8       0x50 ./ARM_Driver/ARM_GPIO.o
 .text.ARM_GPIO_Setup
                0x000008f8       0xd8 ./ARM_Driver/ARM_GPIO.o
                0x000008f8                ARM_GPIO_Setup
 .text.ARM_GPIO_SetDirection
                0x000009d0       0x62 ./ARM_Driver/ARM_GPIO.o
                0x000009d0                ARM_GPIO_SetDirection
 .text.ARM_GPIO_SetOutputMode
                0x00000a32       0x24 ./ARM_Driver/ARM_GPIO.o
                0x00000a32                ARM_GPIO_SetOutputMode
 .text.ARM_GPIO_SetPullResistor
                0x00000a56       0xa2 ./ARM_Driver/ARM_GPIO.o
                0x00000a56                ARM_GPIO_SetPullResistor
 .text.ARM_GPIO_SetEventTrigger
                0x00000af8      0x12c ./ARM_Driver/ARM_GPIO.o
                0x00000af8                ARM_GPIO_SetEventTrigger
 .text.ARM_GPIO_SetOutput
                0x00000c24       0x58 ./ARM_Driver/ARM_GPIO.o
                0x00000c24                ARM_GPIO_SetOutput
 .text.ARM_GPIO_GetInput
                0x00000c7c       0x44 ./ARM_Driver/ARM_GPIO.o
                0x00000c7c                ARM_GPIO_GetInput
 .text.ARM_GPIO_SignalEvent
                0x00000cc0       0x28 ./ARM_Driver/ARM_GPIO.o
                0x00000cc0                ARM_GPIO_SignalEvent
 .text.PORTC_IRQHandler
                0x00000ce8       0x5c ./ARM_Driver/ARM_GPIO.o
                0x00000ce8                PORTC_IRQHandler
 .text.LPIT_Init
                0x00000d44       0x9c ./ARM_Driver/ARM_LPIT.o
                0x00000d44                LPIT_Init
 .text.UART_SetParityMode
                0x00000de0       0x90 ./ARM_Driver/ARM_LPUART.o
                0x00000de0                UART_SetParityMode
 .text.UART_SetStopBit
                0x00000e70       0x5c ./ARM_Driver/ARM_LPUART.o
                0x00000e70                UART_SetStopBit
 .text.UART_SetBitCountPerChar
                0x00000ecc       0xdc ./ARM_Driver/ARM_LPUART.o
                0x00000ecc                UART_SetBitCountPerChar
 .text.UART_Set_Baudrate
                0x00000fa8       0x6c ./ARM_Driver/ARM_LPUART.o
                0x00000fa8                UART_Set_Baudrate
 .text.UART_SelectSourceClock
                0x00001014      0x178 ./ARM_Driver/ARM_LPUART.o
                0x00001014                UART_SelectSourceClock
 .text.UART_Init
                0x0000118c       0xa8 ./ARM_Driver/ARM_LPUART.o
                0x0000118c                UART_Init
 .text.UART_SendStringBlocking
                0x00001234       0x74 ./ARM_Driver/ARM_LPUART.o
                0x00001234                UART_SendStringBlocking
 .text.UART_ReceiveNonBlocking
                0x000012a8       0x4c ./ARM_Driver/ARM_LPUART.o
                0x000012a8                UART_ReceiveNonBlocking
 .text.LPUART0_RxTx_IRQHandler
                0x000012f4        0x6 ./ARM_Driver/ARM_LPUART.o
                0x000012f4                LPUART0_RxTx_IRQHandler
 *fill*         0x000012fa        0x2 
 .text.NVIC_EnableIRQ
                0x000012fc       0x50 ./CORE_Driver/ARM_NVIC.o
                0x000012fc                NVIC_EnableIRQ
 .text.SysTick_Config
                0x0000134c       0x58 ./CORE_Driver/ARM_SYSTICK.o
                0x0000134c                SysTick_Config
 .text.Caculate_Checksum
                0x000013a4       0x42 ./Mock/Mock.o
                0x000013a4                Caculate_Checksum
 *fill*         0x000013e6        0x2 
 .text.My_Button_Handler
                0x000013e8      0x1f8 ./Mock/Mock.o
                0x000013e8                My_Button_Handler
 .text.GPIO_Event_Handler
                0x000015e0       0x2e ./Mock/Mock.o
                0x000015e0                GPIO_Event_Handler
 *fill*         0x0000160e        0x2 
 .text.Init_Devices
                0x00001610      0x11c ./Mock/Mock.o
                0x00001610                Init_Devices
 .text.Init_Communication
                0x0000172c       0x34 ./Mock/Mock.o
                0x0000172c                Init_Communication
 .text.SysTick_Handler
                0x00001760       0x38 ./Mock/Mock.o
                0x00001760                SysTick_Handler
 .text.LPUART1_RxTx_IRQHandler
                0x00001798       0xe4 ./Mock/Mock.o
                0x00001798                LPUART1_RxTx_IRQHandler
 .text.ADC0_IRQHandler
                0x0000187c      0x108 ./Mock/Mock.o
                0x0000187c                ADC0_IRQHandler
 .text.main     0x00001984      0x188 ./Mock/Mock.o
                0x00001984                main
 .text.init_data_bss
                0x00001b0c      0x128 ./Project_Settings/Startup_Code/startup.o
                0x00001b0c                init_data_bss
 .text.SystemInit
                0x00001c34       0x30 ./Project_Settings/Startup_Code/system_S32K144.o
                0x00001c34                SystemInit
 .text.exit     0x00001c64       0x20 C:/nxp/S32DS.3.4/S32DS/build_tools/gcc_v6.3/gcc-6.3-arm32-eabi/arm-none-eabi/newlib/lib/thumb/v7e-m\libc.a(lib_a-exit.o)
                0x00001c64                exit
 .text.__libc_init_array
                0x00001c84       0x48 C:/nxp/S32DS.3.4/S32DS/build_tools/gcc_v6.3/gcc-6.3-arm32-eabi/arm-none-eabi/newlib/lib/thumb/v7e-m\libc.a(lib_a-init.o)
                0x00001c84                __libc_init_array
 .text.memset   0x00001ccc       0x10 C:/nxp/S32DS.3.4/S32DS/build_tools/gcc_v6.3/gcc-6.3-arm32-eabi/arm-none-eabi/newlib/lib/thumb/v7e-m\libc.a(lib_a-memset.o)
                0x00001ccc                memset
 .text.startup.register_fini
                0x00001cdc       0x14 C:/nxp/S32DS.3.4/S32DS/build_tools/gcc_v6.3/gcc-6.3-arm32-eabi/arm-none-eabi/newlib/lib/thumb/v7e-m\libc.a(lib_a-__call_atexit.o)
 .text.__call_exitprocs
                0x00001cf0       0xc8 C:/nxp/S32DS.3.4/S32DS/build_tools/gcc_v6.3/gcc-6.3-arm32-eabi/arm-none-eabi/newlib/lib/thumb/v7e-m\libc.a(lib_a-__call_atexit.o)
                0x00001cf0                __call_exitprocs
 .text.__libc_fini_array
                0x00001db8       0x28 C:/nxp/S32DS.3.4/S32DS/build_tools/gcc_v6.3/gcc-6.3-arm32-eabi/arm-none-eabi/newlib/lib/thumb/v7e-m\libc.a(lib_a-fini.o)
                0x00001db8                __libc_fini_array
 .text.atexit   0x00001de0        0xc C:/nxp/S32DS.3.4/S32DS/build_tools/gcc_v6.3/gcc-6.3-arm32-eabi/arm-none-eabi/newlib/lib/thumb/v7e-m\libc.a(lib_a-atexit.o)
                0x00001de0                atexit
 .text.__register_exitproc
                0x00001dec       0x98 C:/nxp/S32DS.3.4/S32DS/build_tools/gcc_v6.3/gcc-6.3-arm32-eabi/arm-none-eabi/newlib/lib/thumb/v7e-m\libc.a(lib_a-__atexit.o)
                0x00001dec                __register_exitproc
 .text._exit    0x00001e84        0x2 C:/nxp/S32DS.3.4/S32DS/build_tools/gcc_v6.3/gcc-6.3-arm32-eabi/arm-none-eabi/newlib/lib/thumb/v7e-m\libnosys.a(_exit.o)
                0x00001e84                _exit
 *(.rodata)
 *fill*         0x00001e86        0x2 
 .rodata        0x00001e88        0xb ./Mock/Mock.o
 *(.rodata*)
 *fill*         0x00001e93        0x1 
 .rodata._global_impure_ptr
                0x00001e94        0x4 C:/nxp/S32DS.3.4/S32DS/build_tools/gcc_v6.3/gcc-6.3-arm32-eabi/arm-none-eabi/newlib/lib/thumb/v7e-m\libc.a(lib_a-impure.o)
                0x00001e94                _global_impure_ptr
 *(.glue_7)
 .glue_7        0x00001e98        0x0 linker stubs
 *(.glue_7t)
 .glue_7t       0x00001e98        0x0 linker stubs
 *(.eh_frame)
 .eh_frame      0x00001e98        0x0 c:/nxp/s32ds.3.4/s32ds/build_tools/gcc_v6.3/gcc-6.3-arm32-eabi/bin/../lib/gcc/arm-none-eabi/6.3.1/thumb/v7e-m/crtbegin.o
 *(.init)
 .init          0x00001e98        0x4 c:/nxp/s32ds.3.4/s32ds/build_tools/gcc_v6.3/gcc-6.3-arm32-eabi/bin/../lib/gcc/arm-none-eabi/6.3.1/thumb/v7e-m/crti.o
                0x00001e98                _init
 .init          0x00001e9c        0x8 c:/nxp/s32ds.3.4/s32ds/build_tools/gcc_v6.3/gcc-6.3-arm32-eabi/bin/../lib/gcc/arm-none-eabi/6.3.1/thumb/v7e-m/crtn.o
 *(.fini)
 .fini          0x00001ea4        0x4 c:/nxp/s32ds.3.4/s32ds/build_tools/gcc_v6.3/gcc-6.3-arm32-eabi/bin/../lib/gcc/arm-none-eabi/6.3.1/thumb/v7e-m/crti.o
                0x00001ea4                _fini
 .fini          0x00001ea8        0x8 c:/nxp/s32ds.3.4/s32ds/build_tools/gcc_v6.3/gcc-6.3-arm32-eabi/bin/../lib/gcc/arm-none-eabi/6.3.1/thumb/v7e-m/crtn.o
                0x00001eb0                . = ALIGN (0x4)

.vfp11_veneer   0x00001eb0        0x0
 .vfp11_veneer  0x00001eb0        0x0 linker stubs

.v4_bx          0x00001eb0        0x0
 .v4_bx         0x00001eb0        0x0 linker stubs

.iplt           0x00001eb0        0x0
 .iplt          0x00001eb0        0x0 c:/nxp/s32ds.3.4/s32ds/build_tools/gcc_v6.3/gcc-6.3-arm32-eabi/bin/../lib/gcc/arm-none-eabi/6.3.1/thumb/v7e-m/crtbegin.o

.ARM.extab
 *(.ARM.extab* .gnu.linkonce.armextab.*)

.ARM            0x00001eb0        0x8
                0x00001eb0                __exidx_start = .
 *(.ARM.exidx*)
 .ARM.exidx     0x00001eb0        0x8 C:/nxp/S32DS.3.4/S32DS/build_tools/gcc_v6.3/gcc-6.3-arm32-eabi/arm-none-eabi/newlib/lib/thumb/v7e-m/crt0.o
                0x00001eb8                __exidx_end = .

.rel.dyn        0x00001eb8        0x0
 .rel.iplt      0x00001eb8        0x0 c:/nxp/s32ds.3.4/s32ds/build_tools/gcc_v6.3/gcc-6.3-arm32-eabi/bin/../lib/gcc/arm-none-eabi/6.3.1/thumb/v7e-m/crtbegin.o

.ctors          0x00001eb8        0x0
                0x00001eb8                __CTOR_LIST__ = .
 *crtbegin.o(.ctors)
 *crtbegin?.o(.ctors)
 *(EXCLUDE_FILE(*crtend.o *crtend?.o) .ctors)
 *(SORT(.ctors.*))
 *(.ctors)
                0x00001eb8                __CTOR_END__ = .

.dtors          0x00001eb8        0x0
                0x00001eb8                __DTOR_LIST__ = .
 *crtbegin.o(.dtors)
 *crtbegin?.o(.dtors)
 *(EXCLUDE_FILE(*crtend.o *crtend?.o) .dtors)
 *(SORT(.dtors.*))
 *(.dtors)
                0x00001eb8                __DTOR_END__ = .

.preinit_array  0x00001eb8        0x0
                0x00001eb8                PROVIDE (__preinit_array_start, .)
 *(.preinit_array*)
                0x00001eb8                PROVIDE (__preinit_array_end, .)

.init_array     0x00001eb8        0x8
                0x00001eb8                PROVIDE (__init_array_start, .)
 *(SORT(.init_array.*))
 .init_array.00000
                0x00001eb8        0x4 C:/nxp/S32DS.3.4/S32DS/build_tools/gcc_v6.3/gcc-6.3-arm32-eabi/arm-none-eabi/newlib/lib/thumb/v7e-m\libc.a(lib_a-__call_atexit.o)
 *(.init_array*)
 .init_array    0x00001ebc        0x4 c:/nxp/s32ds.3.4/s32ds/build_tools/gcc_v6.3/gcc-6.3-arm32-eabi/bin/../lib/gcc/arm-none-eabi/6.3.1/thumb/v7e-m/crtbegin.o
                0x00001ec0                PROVIDE (__init_array_end, .)

.fini_array     0x00001ec0        0x4
                0x00001ec0                PROVIDE (__fini_array_start, .)
 *(SORT(.fini_array.*))
 *(.fini_array*)
 .fini_array    0x00001ec0        0x4 c:/nxp/s32ds.3.4/s32ds/build_tools/gcc_v6.3/gcc-6.3-arm32-eabi/bin/../lib/gcc/arm-none-eabi/6.3.1/thumb/v7e-m/crtbegin.o
                0x00001ec4                PROVIDE (__fini_array_end, .)
                0x00001ec4                __etext = .
                0x00001ec4                __DATA_ROM = .

.interrupts_ram
                0x1fff8000      0x400
                0x1fff8000                . = ALIGN (0x4)
                0x1fff8000                __VECTOR_RAM__ = .
                0x1fff8000                __RAM_START = .
                0x1fff8000                __interrupts_ram_start__ = .
 *(.m_interrupts_ram)
                0x1fff8400                . = (. + M_VECTOR_RAM_SIZE)
 *fill*         0x1fff8000      0x400 
                0x1fff8400                . = ALIGN (0x4)
                0x1fff8400                __interrupts_ram_end__ = .
                0x1fff8000                __VECTOR_RAM = DEFINED (__flash_vector_table__)?ORIGIN (m_interrupts):__VECTOR_RAM__
                0x00000400                __RAM_VECTOR_TABLE_SIZE = DEFINED (__flash_vector_table__)?0x0:(__interrupts_ram_end__ - __interrupts_ram_start__)

.data           0x1fff8400      0x444 load address 0x00001ec4
                0x1fff8400                . = ALIGN (0x4)
                0x1fff8400                __DATA_RAM = .
                0x1fff8400                __data_start__ = .
 *(.data)
 *(.data*)
 .data.Driver_GPIO
                0x1fff8400       0x1c ./ARM_Driver/ARM_GPIO.o
                0x1fff8400                Driver_GPIO
 .data.GPIOdrv  0x1fff841c        0x4 ./Mock/Mock.o
 .data.Error_Frame
                0x1fff8420        0x3 ./Mock/Mock.o
                0x1fff8420                Error_Frame
 *fill*         0x1fff8423        0x5 
 .data.impure_data
                0x1fff8428      0x418 C:/nxp/S32DS.3.4/S32DS/build_tools/gcc_v6.3/gcc-6.3-arm32-eabi/arm-none-eabi/newlib/lib/thumb/v7e-m\libc.a(lib_a-impure.o)
 *(.jcr*)
 .jcr           0x1fff8840        0x0 c:/nxp/s32ds.3.4/s32ds/build_tools/gcc_v6.3/gcc-6.3-arm32-eabi/bin/../lib/gcc/arm-none-eabi/6.3.1/thumb/v7e-m/crtbegin.o
 .jcr           0x1fff8840        0x4 c:/nxp/s32ds.3.4/s32ds/build_tools/gcc_v6.3/gcc-6.3-arm32-eabi/bin/../lib/gcc/arm-none-eabi/6.3.1/thumb/v7e-m/crtend.o
                0x1fff8844                . = ALIGN (0x4)
                0x1fff8844                __data_end__ = .
                0x00002308                __DATA_END = (__DATA_ROM + (__data_end__ - __data_start__))
                0x00002308                __CODE_ROM = __DATA_END

.tm_clone_table
                0x1fff8844        0x0 load address 0x00002308
 .tm_clone_table
                0x1fff8844        0x0 c:/nxp/s32ds.3.4/s32ds/build_tools/gcc_v6.3/gcc-6.3-arm32-eabi/bin/../lib/gcc/arm-none-eabi/6.3.1/thumb/v7e-m/crtbegin.o
 .tm_clone_table
                0x1fff8844        0x0 c:/nxp/s32ds.3.4/s32ds/build_tools/gcc_v6.3/gcc-6.3-arm32-eabi/bin/../lib/gcc/arm-none-eabi/6.3.1/thumb/v7e-m/crtend.o

.igot.plt       0x1fff8844        0x0 load address 0x00002308
 .igot.plt      0x1fff8844        0x0 c:/nxp/s32ds.3.4/s32ds/build_tools/gcc_v6.3/gcc-6.3-arm32-eabi/bin/../lib/gcc/arm-none-eabi/6.3.1/thumb/v7e-m/crtbegin.o

.code           0x1fff8844        0x0 load address 0x00002308
                0x1fff8844                . = ALIGN (0x4)
                0x1fff8844                __CODE_RAM = .
                0x1fff8844                __code_start__ = .
                0x1fff8844                __code_ram_start__ = .
 *(.code_ram)
                0x1fff8844                . = ALIGN (0x4)
                0x1fff8844                __code_end__ = .
                0x1fff8844                __code_ram_end__ = .
                0x00002308                __CODE_END = (__CODE_ROM + (__code_end__ - __code_start__))
                0x00002308                __CUSTOM_ROM = __CODE_END

.customSectionBlock
                0x20000000        0x0 load address 0x00002308
                0x20000000                __customSection_start__ = .
 *(.customSection)
                0x20000000                __customSection_end__ = .
                0x00002308                __CUSTOM_END = (__CUSTOM_ROM + (__customSection_end__ - __customSection_start__))

.bss            0x20000000       0x58
                0x20000000                . = ALIGN (0x4)
                0x20000000                __BSS_START = .
                0x20000000                __bss_start__ = .
 *(.bss)
 .bss           0x20000000       0x1c c:/nxp/s32ds.3.4/s32ds/build_tools/gcc_v6.3/gcc-6.3-arm32-eabi/bin/../lib/gcc/arm-none-eabi/6.3.1/thumb/v7e-m/crtbegin.o
 *(.bss*)
 .bss.gpio_event
                0x2000001c        0x4 ./ARM_Driver/ARM_GPIO.o
 .bss.transmit_flag
                0x20000020        0x1 ./Mock/Mock.o
                0x20000020                transmit_flag
 .bss.receive_flag
                0x20000021        0x1 ./Mock/Mock.o
                0x20000021                receive_flag
 .bss.request_resend_flag
                0x20000022        0x1 ./Mock/Mock.o
                0x20000022                request_resend_flag
 *fill*         0x20000023        0x1 
 .bss.button_time
                0x20000024        0x4 ./Mock/Mock.o
                0x20000024                button_time
 .bss.receive_time
                0x20000028        0x4 ./Mock/Mock.o
                0x20000028                receive_time
 .bss.transmit_time
                0x2000002c        0x4 ./Mock/Mock.o
                0x2000002c                transmit_time
 .bss.button_status
                0x20000030        0x1 ./Mock/Mock.o
                0x20000030                button_status
 .bss.button_count
                0x20000031        0x1 ./Mock/Mock.o
                0x20000031                button_count
 *fill*         0x20000032        0x2 
 .bss.buf_Rx    0x20000034        0x3 ./Mock/Mock.o
                0x20000034                buf_Rx
 *(COMMON)
 *fill*         0x20000037        0x1 
 COMMON         0x20000038       0x1d ./Mock/Mock.o
                0x20000038                current_status
                0x2000003c                data_temp_frame
                0x20000040                adcResult
                0x20000044                idx
                0x20000048                data_transmit_frame
                0x2000004c                button_type
                0x20000050                data_receive_frame
                0x20000054                previous_status
                0x20000058                . = ALIGN (0x4)
 *fill*         0x20000055        0x3 
                0x20000058                __bss_end__ = .
                0x20000058                __BSS_END = .

.heap           0x20000058      0x400
                0x20000058                . = ALIGN (0x8)
                0x20000058                __end__ = .
                0x20000058                __heap_start__ = .
                [!provide]                PROVIDE (end, .)
                [!provide]                PROVIDE (_end, .)
                [!provide]                PROVIDE (__end, .)
                0x20000058                __HeapBase = .
                0x20000458                . = (. + HEAP_SIZE)
 *fill*         0x20000058      0x400 
                0x20000458                __HeapLimit = .
                0x20000458                __heap_limit = .
                0x20000458                __heap_end__ = .
                0x20007000                __StackTop = (ORIGIN (m_data_2) + LENGTH (m_data_2))
                0x20006c00                __StackLimit = (__StackTop - STACK_SIZE)
                0x20007000                PROVIDE (__stack, __StackTop)
                0x20007000                __RAM_END = __StackTop

.stack          0x20006c00      0x400
                0x20006c00                . = ALIGN (0x8)
                0x20006c00                __stack_start__ = .
                0x20007000                . = (. + STACK_SIZE)
 *fill*         0x20006c00      0x400 
                0x20007000                __stack_end__ = .
                0x20000000                __START_BSS = __BSS_START
                0x20000058                __END_BSS = __BSS_END
                0x20007000                __SP_INIT = __StackTop

.ARM.attributes
                0x00000000       0x2a
 *(.ARM.attributes)
 .ARM.attributes
                0x00000000       0x1e c:/nxp/s32ds.3.4/s32ds/build_tools/gcc_v6.3/gcc-6.3-arm32-eabi/bin/../lib/gcc/arm-none-eabi/6.3.1/thumb/v7e-m/crti.o
 .ARM.attributes
                0x0000001e       0x2e c:/nxp/s32ds.3.4/s32ds/build_tools/gcc_v6.3/gcc-6.3-arm32-eabi/bin/../lib/gcc/arm-none-eabi/6.3.1/thumb/v7e-m/crtbegin.o
 .ARM.attributes
                0x0000004c       0x1c C:/nxp/S32DS.3.4/S32DS/build_tools/gcc_v6.3/gcc-6.3-arm32-eabi/arm-none-eabi/newlib/lib/thumb/v7e-m/crt0.o
 .ARM.attributes
                0x00000068       0x33 ./ARM_Driver/ARM_ADC.o
 .ARM.attributes
                0x0000009b       0x33 ./ARM_Driver/ARM_CLOCK.o
 .ARM.attributes
                0x000000ce       0x33 ./ARM_Driver/ARM_GPIO.o
 .ARM.attributes
                0x00000101       0x33 ./ARM_Driver/ARM_LPIT.o
 .ARM.attributes
                0x00000134       0x33 ./ARM_Driver/ARM_LPUART.o
 .ARM.attributes
                0x00000167       0x33 ./CORE_Driver/ARM_NVIC.o
 .ARM.attributes
                0x0000019a       0x33 ./CORE_Driver/ARM_SYSTICK.o
 .ARM.attributes
                0x000001cd       0x33 ./Mock/Mock.o
 .ARM.attributes
                0x00000200       0x33 ./Project_Settings/Startup_Code/startup.o
 .ARM.attributes
                0x00000233       0x1b ./Project_Settings/Startup_Code/startup_S32K144.o
 .ARM.attributes
                0x0000024e       0x33 ./Project_Settings/Startup_Code/system_S32K144.o
 .ARM.attributes
                0x00000281       0x2e C:/nxp/S32DS.3.4/S32DS/build_tools/gcc_v6.3/gcc-6.3-arm32-eabi/arm-none-eabi/newlib/lib/thumb/v7e-m\libc.a(lib_a-exit.o)
 .ARM.attributes
                0x000002af       0x2e C:/nxp/S32DS.3.4/S32DS/build_tools/gcc_v6.3/gcc-6.3-arm32-eabi/arm-none-eabi/newlib/lib/thumb/v7e-m\libc.a(lib_a-impure.o)
 .ARM.attributes
                0x000002dd       0x2e C:/nxp/S32DS.3.4/S32DS/build_tools/gcc_v6.3/gcc-6.3-arm32-eabi/arm-none-eabi/newlib/lib/thumb/v7e-m\libc.a(lib_a-init.o)
 .ARM.attributes
                0x0000030b       0x2e C:/nxp/S32DS.3.4/S32DS/build_tools/gcc_v6.3/gcc-6.3-arm32-eabi/arm-none-eabi/newlib/lib/thumb/v7e-m\libc.a(lib_a-memset.o)
 .ARM.attributes
                0x00000339       0x2e C:/nxp/S32DS.3.4/S32DS/build_tools/gcc_v6.3/gcc-6.3-arm32-eabi/arm-none-eabi/newlib/lib/thumb/v7e-m\libc.a(lib_a-__call_atexit.o)
 .ARM.attributes
                0x00000367       0x2e C:/nxp/S32DS.3.4/S32DS/build_tools/gcc_v6.3/gcc-6.3-arm32-eabi/arm-none-eabi/newlib/lib/thumb/v7e-m\libc.a(lib_a-fini.o)
 .ARM.attributes
                0x00000395       0x2e C:/nxp/S32DS.3.4/S32DS/build_tools/gcc_v6.3/gcc-6.3-arm32-eabi/arm-none-eabi/newlib/lib/thumb/v7e-m\libc.a(lib_a-atexit.o)
 .ARM.attributes
                0x000003c3       0x2e C:/nxp/S32DS.3.4/S32DS/build_tools/gcc_v6.3/gcc-6.3-arm32-eabi/arm-none-eabi/newlib/lib/thumb/v7e-m\libc.a(lib_a-__atexit.o)
 .ARM.attributes
                0x000003f1       0x2e C:/nxp/S32DS.3.4/S32DS/build_tools/gcc_v6.3/gcc-6.3-arm32-eabi/arm-none-eabi/newlib/lib/thumb/v7e-m\libnosys.a(_exit.o)
 .ARM.attributes
                0x0000041f       0x2e c:/nxp/s32ds.3.4/s32ds/build_tools/gcc_v6.3/gcc-6.3-arm32-eabi/bin/../lib/gcc/arm-none-eabi/6.3.1/thumb/v7e-m/crtend.o
 .ARM.attributes
                0x0000044d       0x1e c:/nxp/s32ds.3.4/s32ds/build_tools/gcc_v6.3/gcc-6.3-arm32-eabi/bin/../lib/gcc/arm-none-eabi/6.3.1/thumb/v7e-m/crtn.o
                0x00000001                ASSERT ((__StackLimit >= __HeapLimit), region m_data_2 overflowed with stack and heap)
OUTPUT(My_Project.elf elf32-littlearm)

.comment        0x00000000       0xa0
 .comment       0x00000000       0xa0 c:/nxp/s32ds.3.4/s32ds/build_tools/gcc_v6.3/gcc-6.3-arm32-eabi/bin/../lib/gcc/arm-none-eabi/6.3.1/thumb/v7e-m/crtbegin.o
                                 0xa1 (size before relaxing)
 .comment       0x000000a0       0xa1 ./ARM_Driver/ARM_ADC.o
 .comment       0x000000a0       0xa1 ./ARM_Driver/ARM_CLOCK.o
 .comment       0x000000a0       0xa1 ./ARM_Driver/ARM_GPIO.o
 .comment       0x000000a0       0xa1 ./ARM_Driver/ARM_LPIT.o
 .comment       0x000000a0       0xa1 ./ARM_Driver/ARM_LPUART.o
 .comment       0x000000a0       0xa1 ./CORE_Driver/ARM_NVIC.o
 .comment       0x000000a0       0xa1 ./CORE_Driver/ARM_SYSTICK.o
 .comment       0x000000a0       0xa1 ./Mock/Mock.o
 .comment       0x000000a0       0xa1 ./Project_Settings/Startup_Code/startup.o
 .comment       0x000000a0       0xa1 ./Project_Settings/Startup_Code/system_S32K144.o
 .comment       0x000000a0       0xa1 c:/nxp/s32ds.3.4/s32ds/build_tools/gcc_v6.3/gcc-6.3-arm32-eabi/bin/../lib/gcc/arm-none-eabi/6.3.1/thumb/v7e-m/crtend.o

.debug_info     0x00000000     0x5c9d
 .debug_info    0x00000000     0x1028 ./ARM_Driver/ARM_ADC.o
 .debug_info    0x00001028      0xa85 ./ARM_Driver/ARM_CLOCK.o
 .debug_info    0x00001aad      0x965 ./ARM_Driver/ARM_GPIO.o
 .debug_info    0x00002412      0x4e0 ./ARM_Driver/ARM_LPIT.o
 .debug_info    0x000028f2     0x1162 ./ARM_Driver/ARM_LPUART.o
 .debug_info    0x00003a54      0x48f ./CORE_Driver/ARM_NVIC.o
 .debug_info    0x00003ee3      0x105 ./CORE_Driver/ARM_SYSTICK.o
 .debug_info    0x00003fe8     0x12fc ./Mock/Mock.o
 .debug_info    0x000052e4      0x471 ./Project_Settings/Startup_Code/startup.o
 .debug_info    0x00005755       0x26 ./Project_Settings/Startup_Code/startup_S32K144.o
 .debug_info    0x0000577b      0x522 ./Project_Settings/Startup_Code/system_S32K144.o

.debug_abbrev   0x00000000      0xf4f
 .debug_abbrev  0x00000000      0x222 ./ARM_Driver/ARM_ADC.o
 .debug_abbrev  0x00000222      0x19e ./ARM_Driver/ARM_CLOCK.o
 .debug_abbrev  0x000003c0      0x1e2 ./ARM_Driver/ARM_GPIO.o
 .debug_abbrev  0x000005a2       0xd1 ./ARM_Driver/ARM_LPIT.o
 .debug_abbrev  0x00000673      0x24d ./ARM_Driver/ARM_LPUART.o
 .debug_abbrev  0x000008c0      0x105 ./CORE_Driver/ARM_NVIC.o
 .debug_abbrev  0x000009c5       0xa9 ./CORE_Driver/ARM_SYSTICK.o
 .debug_abbrev  0x00000a6e      0x2a0 ./Mock/Mock.o
 .debug_abbrev  0x00000d0e      0x108 ./Project_Settings/Startup_Code/startup.o
 .debug_abbrev  0x00000e16       0x14 ./Project_Settings/Startup_Code/startup_S32K144.o
 .debug_abbrev  0x00000e2a      0x125 ./Project_Settings/Startup_Code/system_S32K144.o

.debug_aranges  0x00000000      0x2a0
 .debug_aranges
                0x00000000       0x48 ./ARM_Driver/ARM_ADC.o
 .debug_aranges
                0x00000048       0x20 ./ARM_Driver/ARM_CLOCK.o
 .debug_aranges
                0x00000068       0x70 ./ARM_Driver/ARM_GPIO.o
 .debug_aranges
                0x000000d8       0x28 ./ARM_Driver/ARM_LPIT.o
 .debug_aranges
                0x00000100       0x88 ./ARM_Driver/ARM_LPUART.o
 .debug_aranges
                0x00000188       0x28 ./CORE_Driver/ARM_NVIC.o
 .debug_aranges
                0x000001b0       0x20 ./CORE_Driver/ARM_SYSTICK.o
 .debug_aranges
                0x000001d0       0x60 ./Mock/Mock.o
 .debug_aranges
                0x00000230       0x20 ./Project_Settings/Startup_Code/startup.o
 .debug_aranges
                0x00000250       0x20 ./Project_Settings/Startup_Code/startup_S32K144.o
 .debug_aranges
                0x00000270       0x30 ./Project_Settings/Startup_Code/system_S32K144.o

.debug_ranges   0x00000000      0x1e0
 .debug_ranges  0x00000000       0x38 ./ARM_Driver/ARM_ADC.o
 .debug_ranges  0x00000038       0x10 ./ARM_Driver/ARM_CLOCK.o
 .debug_ranges  0x00000048       0x60 ./ARM_Driver/ARM_GPIO.o
 .debug_ranges  0x000000a8       0x18 ./ARM_Driver/ARM_LPIT.o
 .debug_ranges  0x000000c0       0x78 ./ARM_Driver/ARM_LPUART.o
 .debug_ranges  0x00000138       0x18 ./CORE_Driver/ARM_NVIC.o
 .debug_ranges  0x00000150       0x10 ./CORE_Driver/ARM_SYSTICK.o
 .debug_ranges  0x00000160       0x50 ./Mock/Mock.o
 .debug_ranges  0x000001b0       0x10 ./Project_Settings/Startup_Code/startup.o
 .debug_ranges  0x000001c0       0x20 ./Project_Settings/Startup_Code/system_S32K144.o

.debug_macro    0x00000000    0x216c3
 .debug_macro   0x00000000      0x206 ./ARM_Driver/ARM_ADC.o
 .debug_macro   0x00000206      0x8d4 ./ARM_Driver/ARM_ADC.o
 .debug_macro   0x00000ada       0x22 ./ARM_Driver/ARM_ADC.o
 .debug_macro   0x00000afc       0x4c ./ARM_Driver/ARM_ADC.o
 .debug_macro   0x00000b48       0x8d ./ARM_Driver/ARM_ADC.o
 .debug_macro   0x00000bd5       0x3c ./ARM_Driver/ARM_ADC.o
 .debug_macro   0x00000c11       0x9c ./ARM_Driver/ARM_ADC.o
 .debug_macro   0x00000cad       0x16 ./ARM_Driver/ARM_ADC.o
 .debug_macro   0x00000cc3       0x57 ./ARM_Driver/ARM_ADC.o
 .debug_macro   0x00000d1a       0x97 ./ARM_Driver/ARM_ADC.o
 .debug_macro   0x00000db1      0x30d ./ARM_Driver/ARM_ADC.o
 .debug_macro   0x000010be       0xfd ./ARM_Driver/ARM_ADC.o
 .debug_macro   0x000011bb       0x10 ./ARM_Driver/ARM_ADC.o
 .debug_macro   0x000011cb       0x52 ./ARM_Driver/ARM_ADC.o
 .debug_macro   0x0000121d       0x1f ./ARM_Driver/ARM_ADC.o
 .debug_macro   0x0000123c       0x43 ./ARM_Driver/ARM_ADC.o
 .debug_macro   0x0000127f       0x20 ./ARM_Driver/ARM_ADC.o
 .debug_macro   0x0000129f      0x1a3 ./ARM_Driver/ARM_ADC.o
 .debug_macro   0x00001442       0x10 ./ARM_Driver/ARM_ADC.o
 .debug_macro   0x00001452       0x6a ./ARM_Driver/ARM_ADC.o
 .debug_macro   0x000014bc       0x1c ./ARM_Driver/ARM_ADC.o
 .debug_macro   0x000014d8       0x52 ./ARM_Driver/ARM_ADC.o
 .debug_macro   0x0000152a       0x40 ./ARM_Driver/ARM_ADC.o
 .debug_macro   0x0000156a       0x10 ./ARM_Driver/ARM_ADC.o
 .debug_macro   0x0000157a       0x40 ./ARM_Driver/ARM_ADC.o
 .debug_macro   0x000015ba       0xd7 ./ARM_Driver/ARM_ADC.o
 .debug_macro   0x00001691       0x16 ./ARM_Driver/ARM_ADC.o
 .debug_macro   0x000016a7      0x161 ./ARM_Driver/ARM_ADC.o
 .debug_macro   0x00001808       0xef ./ARM_Driver/ARM_ADC.o
 .debug_macro   0x000018f7      0x1df ./ARM_Driver/ARM_ADC.o
 .debug_macro   0x00001ad6       0x10 ./ARM_Driver/ARM_ADC.o
 .debug_macro   0x00001ae6       0x7a ./ARM_Driver/ARM_ADC.o
 .debug_macro   0x00001b60     0xee97 ./ARM_Driver/ARM_ADC.o
 .debug_macro   0x000109f7      0xbbe ./ARM_Driver/ARM_ADC.o
 .debug_macro   0x000115b5       0x22 ./ARM_Driver/ARM_ADC.o
 .debug_macro   0x000115d7       0x16 ./ARM_Driver/ARM_ADC.o
 .debug_macro   0x000115ed       0x10 ./ARM_Driver/ARM_ADC.o
 .debug_macro   0x000115fd      0x204 ./ARM_Driver/ARM_CLOCK.o
 .debug_macro   0x00011801       0x87 ./ARM_Driver/ARM_CLOCK.o
 .debug_macro   0x00011888       0x51 ./ARM_Driver/ARM_CLOCK.o
 .debug_macro   0x000118d9       0x52 ./ARM_Driver/ARM_CLOCK.o
 .debug_macro   0x0001192b       0xc4 ./ARM_Driver/ARM_GPIO.o
 .debug_macro   0x000119ef       0x10 ./ARM_Driver/ARM_GPIO.o
 .debug_macro   0x000119ff       0x40 ./ARM_Driver/ARM_GPIO.o
 .debug_macro   0x00011a3f       0xbb ./ARM_Driver/ARM_LPIT.o
 .debug_macro   0x00011afa       0x19 ./ARM_Driver/ARM_LPIT.o
 .debug_macro   0x00011b13     0xee82 ./ARM_Driver/ARM_LPIT.o
 .debug_macro   0x00020995       0x10 ./ARM_Driver/ARM_LPIT.o
 .debug_macro   0x000209a5      0x20f ./ARM_Driver/ARM_LPUART.o
 .debug_macro   0x00020bb4       0x10 ./ARM_Driver/ARM_LPUART.o
 .debug_macro   0x00020bc4       0x10 ./ARM_Driver/ARM_LPUART.o
 .debug_macro   0x00020bd4       0xbb ./CORE_Driver/ARM_NVIC.o
 .debug_macro   0x00020c8f       0xb0 ./CORE_Driver/ARM_SYSTICK.o
 .debug_macro   0x00020d3f      0x26a ./Mock/Mock.o
 .debug_macro   0x00020fa9       0x22 ./Mock/Mock.o
 .debug_macro   0x00020fcb       0x46 ./Mock/Mock.o
 .debug_macro   0x00021011       0x16 ./Mock/Mock.o
 .debug_macro   0x00021027      0x450 ./Mock/Mock.o
 .debug_macro   0x00021477       0x10 ./Mock/Mock.o
 .debug_macro   0x00021487       0x6a ./Mock/Mock.o
 .debug_macro   0x000214f1       0xb5 ./Project_Settings/Startup_Code/startup.o
 .debug_macro   0x000215a6       0x40 ./Project_Settings/Startup_Code/startup.o
 .debug_macro   0x000215e6       0xb5 ./Project_Settings/Startup_Code/system_S32K144.o
 .debug_macro   0x0002169b       0x28 ./Project_Settings/Startup_Code/system_S32K144.o

.debug_line     0x00000000     0x28d5
 .debug_line    0x00000000      0x4d1 ./ARM_Driver/ARM_ADC.o
 .debug_line    0x000004d1      0x3ed ./ARM_Driver/ARM_CLOCK.o
 .debug_line    0x000008be      0x450 ./ARM_Driver/ARM_GPIO.o
 .debug_line    0x00000d0e      0x2e2 ./ARM_Driver/ARM_LPIT.o
 .debug_line    0x00000ff0      0x5ea ./ARM_Driver/ARM_LPUART.o
 .debug_line    0x000015da      0x2dc ./CORE_Driver/ARM_NVIC.o
 .debug_line    0x000018b6      0x2d7 ./CORE_Driver/ARM_SYSTICK.o
 .debug_line    0x00001b8d      0x66a ./Mock/Mock.o
 .debug_line    0x000021f7      0x318 ./Project_Settings/Startup_Code/startup.o
 .debug_line    0x0000250f       0x91 ./Project_Settings/Startup_Code/startup_S32K144.o
 .debug_line    0x000025a0      0x335 ./Project_Settings/Startup_Code/system_S32K144.o

.debug_str      0x00000000    0x70384
 .debug_str     0x00000000    0x6ddc0 ./ARM_Driver/ARM_ADC.o
                              0x6e04a (size before relaxing)
 .debug_str     0x0006ddc0      0x104 ./ARM_Driver/ARM_CLOCK.o
                              0x6d809 (size before relaxing)
 .debug_str     0x0006dec4      0x463 ./ARM_Driver/ARM_GPIO.o
                              0x69d67 (size before relaxing)
 .debug_str     0x0006e327      0x819 ./ARM_Driver/ARM_LPIT.o
                              0x69af6 (size before relaxing)
 .debug_str     0x0006eb40      0x3e8 ./ARM_Driver/ARM_LPUART.o
                              0x6e176 (size before relaxing)
 .debug_str     0x0006ef28       0x79 ./CORE_Driver/ARM_NVIC.o
                              0x6993e (size before relaxing)
 .debug_str     0x0006efa1       0x56 ./CORE_Driver/ARM_SYSTICK.o
                              0x692ca (size before relaxing)
 .debug_str     0x0006eff7      0xea4 ./Mock/Mock.o
                              0x6edc6 (size before relaxing)
 .debug_str     0x0006fe9b      0x3e9 ./Project_Settings/Startup_Code/startup.o
                              0x6974b (size before relaxing)
 .debug_str     0x00070284       0x3f ./Project_Settings/Startup_Code/startup_S32K144.o
                                 0x78 (size before relaxing)
 .debug_str     0x000702c3       0xc1 ./Project_Settings/Startup_Code/system_S32K144.o
                              0x69524 (size before relaxing)

.debug_frame    0x00000000      0x94c
 .debug_frame   0x00000000       0xf8 ./ARM_Driver/ARM_ADC.o
 .debug_frame   0x000000f8       0x38 ./ARM_Driver/ARM_CLOCK.o
 .debug_frame   0x00000130      0x1a8 ./ARM_Driver/ARM_GPIO.o
 .debug_frame   0x000002d8       0x50 ./ARM_Driver/ARM_LPIT.o
 .debug_frame   0x00000328      0x228 ./ARM_Driver/ARM_LPUART.o
 .debug_frame   0x00000550       0x60 ./CORE_Driver/ARM_NVIC.o
 .debug_frame   0x000005b0       0x38 ./CORE_Driver/ARM_SYSTICK.o
 .debug_frame   0x000005e8      0x144 ./Mock/Mock.o
 .debug_frame   0x0000072c       0x38 ./Project_Settings/Startup_Code/startup.o
 .debug_frame   0x00000764       0x80 ./Project_Settings/Startup_Code/system_S32K144.o
 .debug_frame   0x000007e4       0x28 C:/nxp/S32DS.3.4/S32DS/build_tools/gcc_v6.3/gcc-6.3-arm32-eabi/arm-none-eabi/newlib/lib/thumb/v7e-m\libc.a(lib_a-exit.o)
 .debug_frame   0x0000080c       0x2c C:/nxp/S32DS.3.4/S32DS/build_tools/gcc_v6.3/gcc-6.3-arm32-eabi/arm-none-eabi/newlib/lib/thumb/v7e-m\libc.a(lib_a-init.o)
 .debug_frame   0x00000838       0x20 C:/nxp/S32DS.3.4/S32DS/build_tools/gcc_v6.3/gcc-6.3-arm32-eabi/arm-none-eabi/newlib/lib/thumb/v7e-m\libc.a(lib_a-memset.o)
 .debug_frame   0x00000858       0x4c C:/nxp/S32DS.3.4/S32DS/build_tools/gcc_v6.3/gcc-6.3-arm32-eabi/arm-none-eabi/newlib/lib/thumb/v7e-m\libc.a(lib_a-__call_atexit.o)
 .debug_frame   0x000008a4       0x38 C:/nxp/S32DS.3.4/S32DS/build_tools/gcc_v6.3/gcc-6.3-arm32-eabi/arm-none-eabi/newlib/lib/thumb/v7e-m\libc.a(lib_a-fini.o)
 .debug_frame   0x000008dc       0x20 C:/nxp/S32DS.3.4/S32DS/build_tools/gcc_v6.3/gcc-6.3-arm32-eabi/arm-none-eabi/newlib/lib/thumb/v7e-m\libc.a(lib_a-atexit.o)
 .debug_frame   0x000008fc       0x30 C:/nxp/S32DS.3.4/S32DS/build_tools/gcc_v6.3/gcc-6.3-arm32-eabi/arm-none-eabi/newlib/lib/thumb/v7e-m\libc.a(lib_a-__atexit.o)
 .debug_frame   0x0000092c       0x20 C:/nxp/S32DS.3.4/S32DS/build_tools/gcc_v6.3/gcc-6.3-arm32-eabi/arm-none-eabi/newlib/lib/thumb/v7e-m\libnosys.a(_exit.o)
